B-17 Flying Fortress
Baal
Baba Yaga
Baby Jo in 'Going Home'
Babylonian Twins Demo
Backlash
Back to the Future Part III
Back to the Future Part II
Bad Cat
Bad Company
Bad Dudes vs. Dragonninja NTSC
Bad Dudes vs. Dragonninja
BadLands
Badlands Pete
Bagitman
Balance of Power: Geopolitics in the Nuclear Age
Balance of Power: Geopolitics in the Nuclear Age
Ball Game, The
Ballistix
Ball Raider
Bandit Kings of Ancient China
Bangkok Knights
Banshee AGA
Banzai
Barbarian II
Barbarian II
Barbarian
Barbarian
Bard's Tale, The: Tales of the Unknown
Bard's Tale II, The: The Destiny Knight
Bard's Tale III, The: Thief of Fate
Bar Games
Bargon Attack
Base Jumpers
Basket Island AGA Demo2
B.A.T.
B.A.T. II
Batman: The Caped Crusader
Batman Returns
Batman: The Movie 2Disk
Battle Bound
Battle Chess
Battle Chess II: Chinese Chess
Battle Command
Battle for the Ashes
Battlehawks 1942
Battle Isle
Battle Isle DataDisk
Battle Master
Battleships
Battle Squadron
Battlestorm
Battletech: The Crescent Hawk's Inception
Battletoads
Battle Valley
BC Kid
Beach Volley
Beam
Beast Busters
Beastlord
Beavers
Behind the Iron Gate
Belial
Beneath A Steel Sky
Benefactor
Berlin 1948
Best of the Best: Championship Karate
Betrayal
Better Dead Than Alien!
Better Maths
Beverly Hills Cop
Beyond Dark Castle
Beyond the Ice Palace
Big Business
Big Nose the Caveman
Big Run
Bill's Tomato Game
Bio Challenge
Bionic Commando
Biplane Duel
Birds of Prey
Bismarck
Black Cauldron, The
Black Crypt
Black Gold (reLINE)
Black Hornet
Black Lamp
Black Shadow
Black Tiger
Black Viper AGA
Blades of Steel
Blade Warrior
Blastaball
Blastar
Blasteroids
Blazing Thunder
Blinky's Scary School
Blob
Blobz AGA
Block Out
Block Shock: The Last Chance
Blood Money
BloodNet AGA
Bloodwych
Bloodwych ExtendedLevels
Bloodwych ExtendedLevels
Blue Angel 69
Blue Angels
Blue Max: Aces of the Great War
Blues Brothers, The
BMX Simulator
Bob's Bad Day
Bob's Garden
Body Blows AGA
Body Blows Galactic AGA
Bomber Bob
Bomb Fusion
Bomb Jack
Bombuzal
Bomb'X
Bonanza Bros
Booly
Borobodur: The Planet of Doom
Borrowed Time
Boston Bomb Club
Botics
Boulder Dash Construction Kit
Brainball
Brain Blasters, The
Brain Man
Bram Stoker's Dracula
Brat
Brataccas
Breach
Breach 2
Breathless AGA
Brian Lara's Cricket
Brian Lara's Cricket 96
Brian the Lion AGA
Brides of Dracula
Brutal Football AGA
Brutal: Paws of Fury
Bubba 'n' Stix
Bubble and Squeak AGA
Bubble +
Bubble Bobble
Bubble Dizzy
Bubble Gun
Buck Rogers XXVc: Countdown To Doomsday
Budokan: The Martial Spirit
Buffalo Bill's Wild West Show
Bug Bash
Bugbomber
Buggy Boy
Builderland
Bump 'n' Burn
Bumpy's Arcade Fantasy
Bunny Bricks
Burger Man
Burning Rubber AGA
Burnout AGA
Burntime AGA
Butcher Hill
Bobo