Ian Botham's Cricket
Ice Runner
Ikari Warriors
Ilyad
Immortal, The
Impact!
Impact!
Imperium
Impossamole
Impossible Mission II
Impossible Mission 2025: The Special Edition AGA
Incredible Crash Dummies, The
Indiana Jones and the Fate of Atlantis
Indiana Jones and the Fate of Atlantis
Indiana Jones and the Last Crusade
Indiana Jones and the Last Crusade
Indiana Jones and the Temple of Doom
Indianapolis 500
Indigo Image
Indoor Sports: Volume 1
Indy Heat
Inertia Drive
Infection
Infestation
Ingrid's Back!
Innocent Until Caught
Insanity Fight
Insector Hecti in the Interchange
Insects in Space
Intact 512KB
International 3D Tennis
International Ice Hockey
IK+
International Ninja Rabbits
International Soccer
International Tennis
International Truck Racing
Interphase
Into the Eagle's Nest
International Sports Challenge
Invasion
Iron Lord
Iron Trackers
Ishar 2: Messengers of Doom AGA
Ishar 3: The Seven Gates of Infinity AGA
Ishar: Legend of the Fortress AGA
Ishidó: The Way of Stones
Island of Lost Hope, The
ISS: Incredible Shrinking Sphere
Italy 1990
Italy 1990
Italy 1990: Winners Edition
It Came from the Desert
Ivanhoe
Ivan 'Ironman' Stewart's Super Off Road
Italy '90 Soccer