Race Drivin'
Race Drivin' NoIntro
Rackney's Island
Racter
Raffles
Raffles CDTV
Rage v2.0
Rage (CAD Software)
Raider
Raiders, The FR
Railroad Tycoon
Railroad Tycoon DE
Railroad Tycoon FR
Rainbow Islands
Rainbow Warrior
Rally Championships
Rally Championships AGA
Rally Cross Challenge
Rambo III
Rampage
Rampart
Ranx
Ranx DE
Ranx FR
Rat Trap
R.B.I. 2 Baseball
Real Ghostbusters, The
Realms
Realms of Arkania: Blade of Destiny
Real Popeye, The
Rebellion
Red Baron
Red Baron DE
Red Heat
Red Lightning
Red Storm Rising
Red Zone
Reflexity: Pinball Challenge
Renaissance
Renegade
Renegade III: The Final Chapter
Renegades Deluxe
Renegades Deluxe Editor
Resolution 101
Return to Atlantis
Return to Genesis
Reunion
Reunion AGA
Reunion DE AGA
Reunion DE
Revelation!
Revenge of Defender
Revenge of the Mutant Camels
Revenge of the Mutant Camels II
Revenge of the Mutant Camels NTSC
Rick Dangerous
Rick Dangerous II
Rick Dangerous II
Ringside
Rings of Medusa
Rings of Medusa DE
Rings of Medusa FR
Rings of Medusa Gold DE
Rise of the Dragon
Rise of the Dragon DE
Rise of the Robots AGA
Rise of the Robots CD32
RISK
Risky Woods
RoadBlasters
RoadBlasters Cracked
Roadkill AGA
Roadkill CD32
Roadkill CD32 NoIntro
Road Rash
Roadwar Europa
Roadwars
Roadwars
Robbeary
Robin Hood: Legend Quest
Robinson's Requiem
Robinson's Requiem AGA
RoboCop
RoboCop 2
RoboCop 3
RoboCop 3 NTSC
RoboSport
Roboter DE
Robotnic
Robot Readers: Aesop's Fables
Robot Readers: Chicken Little
Robozone
Rock Challenge
Rocket Ranger
Rocket Ranger Censored
Rocket Ranger NTSC
Rockford
Rock'n Roll
Rock Star Ate My Hamster
Rock Star FR
Rockstar: Never Trust Rotten Tangerines PL
Rodland
Rody & Mastico II FR
Rody & Mastico III FR
Rody Noël FR
Rody V FR
Rody VI FR
Rody & Mastico DE
Rody & Mastico FR
Rogue: The Adventure Game
Rogue Trooper
Roketz AGA
RollerCoaster Rumbler
Rolling Ronny
Roll or Die
Rome AD92: The Pathway To Power
Rotor
Rotox
Round the Bend!
R-Type
R-Type II
Rubicon
Rüsselsheim DE
Ruff and Reddy in the Space Adventure
Ruffian
Ruff 'n' Tumble
Rugby: The World Cup
Running Man, The
Run the Gauntlet
Rushhour
RVF Honda