Eagle's Rider
EbonStar
Eco
Eco Phantoms
Edd the Duck!
Edd The Duck 2: Back with a Quack!
Electronic Pool
Elfmania
Elf
Elf
Eliminator
Elite
Elite Advanced
Elvira: Mistress of the Dark
Elvira II: The Jaws of Cerberus
Elvira: The Arcade Game
Embryo
Emerald Mine
Emerald Mine II
Emerald Mine 3 Professional
Emlyn Hughes International Soccer
Emmanuelle
E-Motion
Empire Soccer 94
Enchanted Land
Encounter
Enemy 2: Missing in Action
Enemy: Tempest of Violence
Enemy: Tempest of Violence
Enforcer, The
England Championship Special
Enlightenment: Druid II
Entity Intro
Entity
Epic
Epic MissionDisk
Erik
Escape from Colditz
Escape from the Planet of the Robot Monsters
Eskimo Games
España: The Games '92
ESWAT
E.T.'s Rugby League
European Championship 1992
European Champions
European Football Champ
Euro Soccer
Evil Dawn
Evil's Doom AGA Demo
Excalibur
Executioner, The
Exile
Exolon
Extase
Exterminator
Extrial
Eye
Eye of Horus, The
Eye of the Beholder
Eye of the Beholder II: The Legend of Darkmoon
Eye of the Storm Intro
Eye of the Storm