Gadget: Lost in Time
Gainforce
Galactic Conqueror
Galactic Empire
Galactic: The Xmas Edition 1MB
Galactic Warrior Rats
Galaga '92
Galaxy '89
Galaxy Blast
Galaxy Force II
Galdregon's Domain
Game of Harmony, The
Ganymed
Garfield: Winter's Tail
Garfield: Big, Fat, Hairy Deal
Garrison
Garrison II: The Legend Continues
Gary Lineker's Hot Shot
Gateway to the Savage Frontier
Gauntlet II
Gauntlet III: The Final Quest
Gazza II
GBA Championship Basketball
Gear Works
GeeBee Air Rally
Geisha
Gemini Wing
Gem Stone Legend
Gem'X
Genesia
Gettysburg
Ghost Battle
Ghostbusters II
Ghost Chaser
Ghosts 'n Goblins
Ghouls 'n Ghosts
Giddy II: Hero in an Egg Shell
Giganoid
Gladiators
Global Gladiators
Global Trek
Globdule
Globulus
G-LOC R360
Gloom AGA
G.Nius
Gnome Alone
Gnome Ranger
Goal!
Gobliiins
Gobliins 2: The Prince Buffoon
Goblins 3
Godfather, The
Gods
Golden Axe
Golden Eagle Intro
Golden Path
Gold of the Aztecs, The
Goldrunner
Goldrunner II
Goldrunner II SceneryDisk
Gold Rush!
Goofy's Railway Express
Graeme Souness Soccer Manager
Graeme Souness Vector Soccer
Graham Gooch's Second Innings
Graham Gooch World Class Cricket
Graham Gooch World Class Cricket Test Match Special Edition
Grand Monster Slam
Grand Prix Circuit
Grand Prix Master
Granny's Garden
Gravity
Gravity-Force
Great Courts
Great Courts 2
Great Giana Sisters, The
Gremlins 2: The New Batch
Gridiron!
Grid Start
Graham Taylors Soccer Challenge
Guardian Angel, The
Guild of Thieves, The
Guldkorn Expressen DK 512KB
Gunboat
Gunship
Gunship 2000 AGA
Gunshoot
Guy Spy and the Crystals of Armageddon
Grid Runner
Greg Norman's Ultimate Golf