Ian Botham's Cricket
Ice Runner
Ikari Warriors
Ilyad
Immortal, The
Impact!
Impact!
Imperium
Impossamole
Impossible Mission II
Impossible Mission 2025: The Special Edition
Impossible Mission 2025: The Special Edition AGA
Incredible Crash Dummies, The
Indiana Jones and the Fate of Atlantis
Indiana Jones and the Fate of Atlantis
Indiana Jones and the Fate of Atlantis DE
Indiana Jones and the Fate of Atlantis ES
Indiana Jones and the Fate of Atlantis FR
Indiana Jones and the Fate of Atlantis IT
Indiana Jones and the Last Crusade
Indiana Jones and the Last Crusade
Indiana Jones and the Last Crusade DE
Indiana Jones and the Last Crusade ES
Indiana Jones and the Last Crusade FR
Indiana Jones and the Last Crusade IT
Indiana Jones and the Temple of Doom
Indianapolis 500
Indigo Files
Indigo Image
Indoor Sports: Volume 1
Indy Heat
Inertia Drive
Infection
Infestation
Ingrid's Back!
Innocent Until Caught
Innocent Until Caught DE
Innocent Until Caught FR
Insanity Fight
Insector Hecti in the Interchange
Insects in Space
Intact 15MB
Intact 1MB
Intact 512KB
International 3D Tennis
International Ice Hockey
IK+
IK+ CD32
International Ninja Rabbits
International Soccer
International Tennis
International Truck Racing
Interphase
Interphase AmigaFormat
Into the Eagle's Nest
International Sports Challenge
Invasion
Invest DE 1Disk
Invest DE 2Disk
Iron Lord
Iron Lord DE
Iron Lord FR
Iron Trackers
Iron Trackers FR
Ishar: Legend of the Fortress
Ishar 2: Messengers of Doom
Ishar 2: Messengers of Doom AGA
Ishar 2: Messengers of Doom ES
Ishar 3: The Seven Gates of Infinity
Ishar 3: The Seven Gates of Infinity AGA
Ishar 3: The Seven Gates of Infinity DE
Ishar 3: The Seven Gates of Infinity FR
Ishar: Legend of the Fortress AGA
Ishar: Legend of the Fortress ES
Ishidó: The Way of Stones
Island of Lost Hope, The
ISS: Incredible Shrinking Sphere
Italy 1990
Italy 1990
Italy 1990: Winners Edition
It Came from the Desert
Ivanhoe
Ivan 'Ironman' Stewart's Super Off Road
Ivan 'Ironman' Stewart's Super Off Road NTSC
Italy '90 Soccer