Gadget: Lost in Time
Gainforce
Galactic Conqueror
Galactic Empire
Galactic: The Xmas Edition 1MB
Galactic: The Xmas Edition 2MB
Galactic Warrior Rats
Galaga '92
Galaxy '89
Galaxy Blast
Galaxy Force II
Galdregon's Domain
Game of Harmony, The
Ganymed
Garfield: Winter's Tail
Garfield: Big, Fat, Hairy Deal
Garrison
Garrison II: The Legend Continues
Gary Lineker's Hot Shot
Gateway to the Savage Frontier
Gauntlet II
Gauntlet III: The Final Quest
Gazza II
GBA Championship Basketball
Gear Works
GeeBee Air Rally
Geisha
Geisha DE
Geisha ES
Geisha FR
Gemini Wing
Gem Stone Legend
Gem'X
Genesia
Genesia FR
Gettysburg
Ghost Battle
Ghostbusters II
Ghostbusters II NTSC
Ghost Chaser
Ghosts 'n Goblins
Ghouls 'n Ghosts
Giddy II: Hero in an Egg Shell
Giganoid
Gladiators
Global Gladiators
Global Trek
Globdule
Globdule NTSC
Globulus
G-LOC R360
Gloom AGA
Gloom CD32
Gloom AGA Demo
G.Nius
Gnome Alone
Gnome Ranger
Goal!
Gobliiins
Gobliins 2: The Prince Buffoon
Gobliins 2: The Prince Buffoon DE
Gobliins 2: The Prince Buffoon ES
Gobliins 2: The Prince Buffoon FR
Gobliins 2: The Prince Buffoon IT
Goblins 3
Godfather, The
Gods
Gods Demo
Gods NTSC
Golden Axe
Golden Eagle
Golden Eagle Intro
Golden Path
Gold of the Aztecs, The
Gold of the Aztecs, The (v1.1) Kernal1.1
Goldrunner
Goldrunner II
Goldrunner II SceneryDisk
Gold Rush!
Goofy's Railway Express
Graeme Souness Soccer Manager
Graeme Souness Vector Soccer
Graham Gooch's Second Innings
Graham Gooch World Class Cricket
Graham Gooch World Class Cricket Test Match Special Edition
Grand Monster Slam
Grand Prix 500 2 FR
Grand Prix Circuit
Grand Prix Master
Granny's Garden
Gravity
Gravity-Force
Great Courts
Great Courts 2
Great Courts 2 512KB
Great Giana Sisters, The
Gremlins 2: The New Batch
Gridiron!
Grid Start
Graham Taylors Soccer Challenge
Guardian Angel, The
Guardian CD32
Guild of Thieves, The
Guldkorn Expressen DK 1MB
Guldkorn Expressen DK 512KB
Gunboat
Gunship
Gunship 2000
Gunship 2000 AGA
Gunship 2000 CD32
Gunshoot
Guy Spy and the Crystals of Armageddon
Guy Spy and the Crystals of Armageddon CDTV
Grid Runner
Grid Runner Cracked
Greg Norman's Ultimate Golf