L'Aigle d'or : le Retour FR
L'Aigle d'or : le Retour Intro FR
La Aventura Espacial ES
La Aventura Original ES
Labyrinth DK
Labyrinthe D'Anglomania 1 FR
Labyrinthe D'Anglomania 2 FR
Labyrinthe de Lexicos, Le FR
Labyrinthe D'Errare, Le FR
Le Labyrinthe d'Orthophus FR
Labyrinthe Aux Mille Calculs, Le FR
Labyrinthe de la Reine des Ombres, Le FR
Lamborghini American Challenge
Lancelot
Landsitz von Mortville, Der DE
Laser Squad
Last Action Hero
Last Battle
Last Duel
Last Ninja 2
Last Ninja 3
Last Ninja 3 CD32
Leader Board
Leader Board Tournament
Leading Lap MPV
Leading Lap MPV AGA
Leading Lap MPV AGA CUAmiga
Leading Lap MPV CUAmiga
Leander
Leander NTSC
Leatherneck
Leavin' Teramis
LED Storm
Legacy TheGame
Legacy The
Legend
Legend getlegendsavedisk
Legend of Djel
Legend of Djel DE
Legend of Faerghail
Legend of Faerghail DE
Legend of Kyrandia
Legend of Kyrandia DE
Legend of Kyrandia FR
Legend of Kyrandia IT
Legend of the Lost
Legend of the Sword
Legends AGA
Legends CD32
Legends of Valour
Legends of Valour DE
Legends of Valour FR
Legion PL
Leisure Suit Larry
Leisure Suit Larry 2
Leisure Suit Larry 3
Leisure Suit Larry 5: Passionate Patti does a Little Undercover Work
Leisure Suit Larry 5: Passionate Patti does a Little Undercover Work DE
Leisure Suit Larry in the Land of the Lounge Lizards
Lemmings 2: The Tribes 1MB
Lemmings 2: The Tribes 512KB
Lemmings 2: The Tribes Demo
Lemmings 2: The Tribes 1MB NTSC
Lemmings 2: The Tribes 512KB NTSC
Lemmings Files Alt
Lemmings Image Alt
Lemmings CDTV
Lemmings Demo
Lemmings Files
Lemmings NTSC Files
Lemmings Image
Lemmings NTSC Image
Leonardo
Leonardo
Les Manley in Search for the King
Lethal Weapon
Lethal Xcess
Lethal Zone
Lettrix DE
Leviathan
Licence to Kill
Life & Death
Light Corridor, The
Light Racer DE
Limes & Napoleon
Line of Fire
Links: The Challenge of Golf
Links: The Challenge of Golf DataDisk
Links: The Challenge of Golf DataDisk NTSC
Links: The Challenge of Golf NTSC
Lionheart
Lionheart Demo
Lionheart 1MB Demo
Lion King, The AGA
Liquid Kids Files
Liquid Kids Image
Little Computer People
Little Puff in Dragonland
Live and Let Die SpaceHarrier
Live and Let Die
Livingstone II
Llamatron: 2112 1MB
Llamatron: 2112 512KB
Locomotion
Logical
Logical CDTV
Logo
Lollypop
Lombard RAC Rally 1Disk
Lombard RAC Rally 2Disk
Loom DE Kick13
Loom DE Kick31
Loom ES Kick13
Loom ES Kick31
Loom FR Kick13
Loom FR Kick31
Loom Kick13
Loom Kick31
Loopz
Lords of Chaos
Lords of Chaos DataDisk
Lords of Doom
Lords of Doom DE
Lords of the Realm
Lords of the Realm AGA
Lords of the Realm DE AGA
Lords of the Realm DE AGA FAST
Lords of the Realm AGA FAST
Lords of the Realm FR AGA
Lords of the Realm FR AGA FAST
Lords of the Rising Sun
Lords of Time
Lords of War
Lorna
Lost Dutchman Mine
Lost in Mine
Lost Patrol, The
Lost Vikings, The
Lost Vikings, The CD32
Lothar Matthäus
Lotus Esprit Turbo Challenge
Lotus Turbo Challenge 2
Lotus III: The Ultimate Challenge
Lotus Esprit Turbo Challenge CD32
Lunar-C CD32
Lupo Alberto
Lure of the Temptress
Lure of the Temptress DE
Lure of the Temptress FR
Lure of the Temptress IT
Luxor