Misadventures of Flink, The CD32
M1 Tank Platoon
Mach 3
Mad Professor Mariarti
Mad Show
Mad Show FR
Mad TV
Mad TV DE
Mad TV FR
Mafdet and the Book of the Dead
Magic Boy
Magic Fly 1MB
Magic Fly 512KB
Magician, The
Magic Johnson's Basketball
Magicland Dizzy
Magicland Dizzy
Magic Lines
Magic Lines Cracked
Magic Marble
Magic Pockets
Magic Pockets Demo
Magic Pockets NTSC
Magnatron
Major Motion
Manchester United
Manchester United Europe
Manchester United Europe
Manchester United Europe
Manchester United: Premier League Champions
Manchester United: The Double
Manchester United: Premier League Champions Data
Man from the Council, The
Manhattan Dealers
Manhattan Dealers FR
Manhunter: New York
Manhunter 2: San Francisco
Maniac Mansion
Maniac Mansion DE
Maniac Mansion FR
Maniax
Manic Miner
Manix
Mortville Manor FR
Marble Madness
Maria's Xmas Box
Marvin's Marvellous Adventure AGA
Marvin's Marvellous Adventure CD32
Master Axe: The Genesis of MysterX AGA
Master Blaster
Masterblazer
Match of the Day
Matrix Marauders
Maupiti Island
Maupiti Island DE
Maupiti Island FR
Max Rally
Mayday Squad
McDonald Land
Mean Arenas
Mean Arenas CD32
Mean Machine
Mean Streets
Mean Streets DE
Mean Streets FR
Megaball
Megaball 1MB
Megaball AGA
Mega lo Mania
Mega lo Mania DE
Mega lo Mania FR
Mega Motion
Mega Phoenix
Mega Twins
Mega Typhoon
Menace
Mental Image Game Disk Image1
Mental Image Game Disk Image2
Mentor PL
Mercenary I: Escape from Targ and the Second City
Mercenary III: The Dion Crisis
Mercs
Merv the Merciless
Metal Law
Metal Masters Intro
Metal Masters
Metal Mutant
Metal Mutant DE
Metal Mutant FR
Metal Warrior
MF Tanks
Miami Chase
Mickey's 123's: The BIG Surprise Party FR
Mickey ABC: Une journée à la fête FR
Mickey Jeu De Memoire FR
Mickey Mouse
Mickey - Puzzles Animes FR
Mickey's ABC's: A Day at the Fair
Mickey's Jigsaw Puzzles
Mickey's Memory Challenge
Microbes
Micro Machines
MicroProse Golf
MicroProse Soccer
Midnight Resistance
Midwinter
Midwinter II: Flames of Freedom
Midwinter II: Flames of Freedom DE
Midwinter II: Flames of Freedom FR
Midwinter DE
Midwinter FR
MiG-29 Fulcrum
MiG-29M Super Fulcrum
MIG-29 Soviet Fighter
Might and Magic II: Gates to Another World
Might and Magic III: Isles of Terra
Might and Magic III: Isles of Terra DE
Mighty Bombjack
Mike Read's Computer Pop Quiz
Mikro Mortal Tennis
Millennium 2.2
Mindbender
Mindfighter
Mindroll
Mindshadow
Mind Walker
Mini Golf
Mini Golf Plus
Minskies ... The Abduction
Minskies ... The Abduction AGA
Misja Harolda: Zaginiony w systemie PL
Missiles over Xerion AGA
Mission Elevator
Moebius
Monkey Island 2: LeChuck's Revenge
Monkey Island 2: LeChuck's Revenge DE
Monkey Island 2: LeChuck's Revenge ES
Monkey Island 2: LeChuck's Revenge FR
Monkey Island 2: LeChuck's Revenge IT
Monster Business
Moochies, The
Moon Blaster FR
MoonFall
Moonshine Racers
Moonstone: A Hard Days Knight
Moonwalker
Morph
Morph AGA
Morph CD32
Mortal Kombat
Mortal Kombat II 1MB
Mortal Kombat II 2MB
Mortal Kombat Censored
Morton Strikes Back
Morton Strikes Back AGA
Mortville Manor
Mot
Motorbike Madness
Motörhead
Motor Massacre
MouseQuest
Mousetrap
Monty Python's Flying Circus
Monty Python's Flying Circus NTSC
Mr Blobby
Mr. HELI
Mr. Men Olympics, The
Mr. Nutz
M.U.D.S.
Multi Player Soccer Manager
Munsters, The
Murder
Murders in Space Files
Murders in Space Image
Mysterious Worlds
Mystery of the Mummy
Mystical
Myth
Myth CD32
MYTH: History in the Making