Q-Bic	Q/Q-Bic	A-Games:Q/QBic/QBic.slave
Qix	Q/Qix	A-Games:Q/Qix/Qix.Slave
Quadralien	Q/Quadralien	A-Games:Q/Quadralien/Quadralien.slave
Quadrel	Q/Quadrel	A-Games:Q/Quadrel/Quadrel.Slave
Quartz	Q/Quartz	A-Games:Q/Quartz/Quartz.slave
Quest for Glory II: Trial by Fire	Q/Quest for Glory II Trial b	A-Games:Q/QuestForGlory2/QuestForGlory2.Slave
Quest of Agravain, The	Q/Quest of Agravain. The	A-Games:Q/QuestOfAgravain/QuestOfAgravain.Slave
Questron II	Q/Questron II	A-Games:Q/Questron2/Questron2.Slave
Quiksilver Pinball	Q/Quiksilver Pinball	A-Games:Q/QuiksilverPinball/QuiksilverPinball.Slave
Quik the Thunder Rabbit	Q/Quik the Thunder Rabbit	A-Games:Q/QuikThunderRabbit/QuikThunderRabbit.slave
Quik the Thunder Rabbit AGA	Q/Quik the Thunder Rabbit AG	A-Games:Q/QuikThunderRabbitAGA/QuikThunderRabbitAGA.slave
Quik the Thunder Rabbit CD32	Q/Quik the Thunder Rabbit CD	A-Games:Q/QuikThunderRabbitCD32/QuikThunderRabbitCD32.Slave
Qwak	Q/Qwak	A-Games:Q/Qwak/Qwak.Slave
Qwak CD32	Q/Qwak CD32	A-Games:Q/QwakCD32/QwakCD32.Slave