Je Découvre Les Couleurs FR
Jabato vs. Imperio: Libertad ES
Jaguar XJ220 Files
Jaguar XJ220 Image
Jahangir Khan's World Championship Squash
James Bond: The Stealth Affair
James Pond: Underwater Agent
James Pond 2: Codename RoboCod
James Pond 2: Codename RoboCod
James Pond 2: Codename RoboCod AGA
James Pond 2: Codename RoboCod CD32
James Pond 3: Operation Starfish AGA
James Pond 3: Operation Starfish CD32
Jaws
Jet
Jet Hawaiian
Jet SceneryDisk07
Jet SceneryDisk09
Jet SceneryDisk11
Jet SceneryDisk12
Jet SceneryDisk13
Jet SceneryDisk14
Jet Set Willy II
Jetsons: The Computer Game
Jetstrike Intro
Jetstrike
Jetstrike Intro AGA
Jetstrike AGA
Jewels of Darkness
Jimmy's Fantastic Journey
Jimmy White's Whirlwind Snooker
Jimmy Willburne - A La Recherche Du Peigne Perdu FR
Jimmy Willburne - A La Recherche Du Peigne Perdu Intro FR
Jim Power in Mutant Planet
Jinks
Jinxter
Jocky Wilson's Darts Challenge
Joe & Mac: Caveman Ninja
Joe Blade
Joe Blade 2
John Barnes European Football
John Lowe's Ultimate Darts
John Madden Football
Jonathan DE
Journey
Jouster 3
Judge Dredd
Jug
Jumping Jack'son
Jump'n Roll
Jungle Strike 1MB
Jungle Strike 2MB
Jungle Strike CD32
Junior Typist
Jupiter Probe
Jupiter's Masterdrive
Jurassic Park
Jurassic Park AGA