UN Squadron (Beta/Unreleased)	U/UN Squadron BetaUnreleased	A-GamesBeta:A/Area88/Area88.slave
UFO: Enemy Unknown	U/UFO Enemy Unknown	A-Games:U/UFOEnemyUnknown/UFOEnemyUnknown.Slave
UFO: Enemy Unknown AGA	U/UFO Enemy Unknown AGA	A-Games:U/UFOEnemyUnknownAGA/UFOEnemyUnknownAGA.Slave
UFO: Enemy Unknown CD32	U/UFO Enemy Unknown CD32	A-Games:U/UFOEnemyUnknownCD32/UFOEnemyUnknownCD32.Slave
Ugh!	U/Ugh	A-Games:U/Ugh/Ugh.slave
Ultima III: Exodus	U/Ultima III Exodus	A-Games:U/Ultima3/Ultima3.Slave
Ultima IV: Quest of the Avatar NTSC	U/Ultima IV Quest of the Ava	A-Games:U/Ultima4NTSC/Ultima4NTSC.slave
Ultima V: Warriors of Destiny	U/Ultima V Warriors of Desti	A-Games:U/Ultima5/Ultima5.Slave
Ultima VI: The False Prophet	U/Ultima VI The False Prophe	A-Games:U/Ultima6/Ultima6.Slave
Ultima VI: The False Prophet (Beta/Unreleased)	U/Ultima VI The False Pro V2	A-GamesBeta:U/Ultima6/Ultima6.Slave
Ultima VI: The False Prophet NTSC (Beta/Unreleased)	U/Ultima VI The False Pro V3	A-GamesBeta:U/Ultima6NTSC/Ultima6NTSC.Slave
Ultimate Body Blows CD32	U/Ultimate Body Blows CD32	A-Games:U/UltimateBodyBlowsCD32/UltimateBodyBlowsCD32.slave
Ultimate Pinball Quest, The	U/Ultimate Pinball Quest. Th	A-Games:U/UltimatePinballQuest/UltimatePinballQuest.slave
Ultimate Ride, The	U/Ultimate Ride. The	A-Games:U/UltimateRide/UltimateRide.slave
UMS II (Universal Military Simulator II): Nations At War	U/UMS II Universal Military	A-Games:U/UMS2NationsAtWar/UMS2NationsAtWar.Slave
Under Pressure	U/Under Pressure	A-Games:U/UnderPressure/UnderPressure.Slave
Uninvited	U/Uninvited	A-Games:U/Uninvited/Uninvited.Slave
UMS (Universal Military Simulator)	U/UMS Universal Military Sim	A-Games:U/UniversalMilitarySim/UniversalMilitarySim.Slave
Universal Monsters	U/Universal Monsters	A-Games:U/UniversalMonsters/UniversalMonsters.Slave
Universal Warrior	U/Universal Warrior	A-Games:U/UniversalWarrior/UniversalWarrior.Slave
Universe	U/Universe	A-Games:U/Universe/Universe.Slave
Universe 3 NTSC	U/Universe 3 NTSC	A-Games:U/Universe3NTSC/Universe3NTSC.Slave
Universe CD32	U/Universe CD32	A-Games:U/UniverseCD32/UniverseCD32.Slave
Unreal	U/Unreal	A-Games:U/Unreal/Unreal.Slave
Unreal NTSC	U/Unreal NTSC	A-Games:U/UnrealNTSC/UnrealNTSC.Slave
Unsensible Soccer	U/Unsensible Soccer	A-Games:U/UnsensibleSoccer/UnsensibleSoccer.Slave
UN Squadron	U/UN Squadron	A-Games:U/UNSquadron/UNSquadron.slave
UN Squadron (Beta/Unreleased)	U/UN Squadron BetaUnrelea V2	A-GamesBeta:U/UNSquadronEarok/UNSquadronEarok.slave
Untouchables, The	U/Untouchables. The	A-Games:U/Untouchables/Untouchables.Slave
Untouchables, The (Beta/Unreleased)	U/Untouchables. The BetaUnre	A-GamesBeta:U/UntouchablesSE/UntouchablesSE.Slave
Up Scope	U/Up Scope	A-Games:U/UpScope/UpScope.Slave
Up Scope	U/Up Scope 	A-Games:U/UpScopeArcadia/UpScopeArcadia.Slave
Uridium 2 1MB	U/Uridium 2 1MB	A-Games:U/Uridium21MB/Uridium21MB.Slave
Uridium 2 2MB	U/Uridium 2 2MB	A-Games:U/Uridium22MB/Uridium22MB.Slave
U.S.S. John Young	U/U.S.S. John Young	A-Games:U/USSJohnYoung/USSJohnYoung.Slave
Utopia	U/Utopia	A-Games:U/Utopia/Utopia.slave
Utopia NewWorlds	U/Utopia NewWorlds	A-Games:U/Utopia&NewWorlds/Utopia&NewWorlds.slave