Dalek Attack	D/Dalek Attack	A-Games:D/DalekAttack/DalekAttack.Slave
Daley Thompson's Olympic Challenge 1Disk	D/Daley Thompsons Olympic Ch	A-Games:D/DaleyThompsonsOC1Disk/DaleyThompsonsOC1Disk.Slave
Daley Thompson's Olympic Challenge 2Disk	D/Daley Thompsons Olympic V2	A-Games:D/DaleyThompsonsOC2Disk/DaleyThompsonsOC2Disk.Slave
Dal'X FR	D/DalX FR	A-Games:D/DalXFr/DalXFr.Slave
Damage: The Sadistic Butchering of Humanity	D/Damage The Sadistic Butche	A-Games:D/Damage/Damage.slave
Damage: The Sadistic Butchering of Humanity Preview	D/Damage The Sadistic But V2	A-Games:D/DamagePreview/DamagePreview.Slave
Damocles - Mercenary II	D/Damocles - Mercenary II	A-Games:D/Damocles/Damocles.slave
Damocles - Mercenary II NTSC	D/Damocles - Mercenary II NT	A-Games:D/DamoclesNTSC/DamoclesNTSC.slave
Dan Dare III: The Escape	D/Dan Dare III The Escape	A-Games:D/DanDare3/DanDare3.Slave
Danger Freak	D/Danger Freak	A-Games:D/DangerFreak/DangerFreak.slave
Danger Freak	D/Danger Freak 	A-Games:D/DangerFreak/DangerFreak.slave
Dangerous Streets AGA	D/Dangerous Streets AGA	A-Games:D/DangerousStreetsAGA/DangerousStreetsAGA.slave
Darius+	D/Darius+	A-Games:D/Darius+/Darius+.Slave
Dark Castle NTSC	D/Dark Castle NTSC	A-Games:D/DarkCastleNTSC/DarkCastleNTSC.slave
Dark Century	D/Dark Century	A-Games:D/DarkCentury/DarkCentury.Slave
Dark Fusion	D/Dark Fusion	A-Games:D/DarkFusion/DarkFusion.Slave
Darkman	D/Darkman	A-Games:D/Darkman/Darkman.slave
Darkmere	D/Darkmere	A-Games:D/Darkmere/Darkmere.Slave
Dark Queen of Krynn, The	D/Dark Queen of Krynn. The	A-Games:D/DarkQueenOfKrynn/DarkQueenOfKrynn.Slave
Darkseed	D/Darkseed	A-Games:D/DarkSeed/DarkSeed.Slave
Darkseed CD32	D/Darkseed CD32	A-Games:D/DarkSeedCD32/DarkSeedCD32.Slave
Darkseed DE	D/Darkseed DE	A-Games:D/DarkSeedDe/DarkSeedDe.Slave
Darkseed ES	D/Darkseed ES	A-Games:D/DarkSeedEs/DarkSeedEs.Slave
Darkseed FR	D/Darkseed FR	A-Games:D/DarkSeedFr/DarkSeedFr.Slave
Dark Side	D/Dark Side	A-Games:D/DarkSide/DarkSide.Slave
Dark Side NTSC	D/Dark Side NTSC	A-Games:D/DarkSideNTSC/DarkSideNTSC.Slave
DarkSpyre	D/DarkSpyre	A-Games:D/DarkSpyre/DarkSpyre.Slave
Datastorm	D/Datastorm	A-Games:D/Datastorm/Datastorm.Slave
Dawn Patrol	D/Dawn Patrol	A-Games:D/DawnPatrol/DawnPatrol.Slave
Dawn Patrol DE	D/Dawn Patrol DE	A-Games:D/DawnPatrolDe/DawnPatrolDe.Slave
Day Of The Pharaoh	D/Day Of The Pharaoh	A-Games:D/DayOfThePharaoh/DayOfThePharaoh.Slave
Day Of The Pharaoh DE	D/Day Of The Pharaoh DE	A-Games:D/DayOfThePharaohDe/DayOfThePharaohDe.Slave
Day of the Viper	D/Day of the Viper	A-Games:D/DayOfTheViper/DayOfTheViper.Slave
Days of Thunder	D/Days of Thunder	A-Games:D/DaysOfThunder/DaysOfThunder.Slave
D-Day: The Beginning of the End	D/D-Day The Beginning of the	A-Games:D/DDayImpressions/DDayImpressions.slave
D-Day: The Beginning of the End FR	D/D-Day The Beginning of  V2	A-Games:D/DDayImpressionsFr/DDayImpressionsFr.Slave
Death Bringer	D/Death Bringer	A-Games:D/DeathbringerEmpire/DeathbringerEmpire.Slave
Death Bringer NTSC	D/Death Bringer NTSC	A-Games:D/DeathBringerSpotlightNTSC/DeathBringerSpotlightNTSC.Slave
Death Knights of Krynn	D/Death Knights of Krynn	A-Games:D/DeathKnightsOfKrynn/DeathKnightsOfKrynn.Slave
Death Knights of Krynn DE	D/Death Knights of Krynn DE	A-Games:D/DeathKnightsOfKrynnDe/DeathKnightsOfKrynnDe.Slave
Death Mask	D/Death Mask	A-Games:D/DeathMask/DeathMask.slave
Death Mask AGA	D/Death Mask AGA	A-Games:D/DeathMaskAGA/DeathMaskAGA.slave
Death Mask CD32	D/Death Mask CD32	A-Games:D/DeathMaskCD32/DeathMaskCD32.slave
Death or Glory: The Battle of Morgan DE	D/Death or Glory The Battle	A-Games:D/DeathOrGloryDe/DeathOrGloryDe.Slave
Death Sword NTSC	D/Death Sword NTSC	A-Games:D/DeathSwordNTSC/DeathSwordNTSC.Slave
Death Trap	D/Death Trap	A-Games:D/DeathTrap/DeathTrap.Slave
Début: Planet Simulation	D/Debut Planet Simulation	A-Games:D/DebutPlanetSimulation/DebutPlanetSimulation.Slave
Decimal Dungeon	D/Decimal Dungeon	A-Games:D/DecimalDungeon/DecimalDungeon.Slave
Deconstruction AGA	D/Deconstruction AGA	A-Games:D/DeconstructionAGA/DeconstructionAGA.Slave
Deep, The	D/Deep. The	A-Games:D/Deep/Deep.Slave
Deep Core	D/Deep Core	A-Games:D/DeepCore/DeepCore.Slave
Deep Core (Beta/Unreleased)	D/Deep Core BetaUnreleased	A-GamesBeta:D/DeepCore/DeepCore.Slave
Deep Core CD32 (Beta/Unreleased)	D/Deep Core CD32 BetaUnrelea	A-GamesBeta:D/DeepCoreCD32/DeepCoreCD32.Slave
Deep Space	D/Deep Space	A-Games:D/DeepSpace/DeepSpace.slave
Defender II	D/Defender II	A-Games:D/Defender2/Defender2.Slave
Defender of the Crown	D/Defender of the Crown	A-Games:D/DefenderOfTheCrown/DefenderOfTheCrown.Slave
Defender of the Crown II CD32	D/Defender of the Crown II C	A-Games:D/DefenderOfTheCrown2CD32/DefenderOfTheCrown2CD32.slave
Defender of the Crown CDTV	D/Defender of the Crown CDTV	A-Games:D/DefenderOfTheCrownCDTV/DefenderOfTheCrownCDTV.Slave
Defender of the Crown NTSC	D/Defender of the Crown NTSC	A-Games:D/DefenderOfTheCrownNTSC/DefenderOfTheCrownNTSC.Slave
Defender	D/Defender	A-Games:D/DefenderRatsoft/DefenderRatsoft.slave
Defenders of the Earth	D/Defenders of the Earth	A-Games:D/DefendersOfTheEarth/DefendersOfTheEarth.slave
Defender of the Crown II FR CD32	D/Defender of the Crown II F	A-Games:D/DefenseurCouronne2CD32Fr/DefenseurCouronne2CD32Fr.slave
Defender of the Crown II ES CD32	D/Defender of the Crown II E	A-Games:D/DefensorDeLaCorona2CD32Es/DefensorDeLaCorona2CD32Es.slave
Deflektor	D/Deflektor	A-Games:D/Deflektor/Deflektor.slave
Deja Vu II: Lost in Las Vegas	D/Deja Vu II Lost in Las Veg	A-Games:D/DejaVu2LostInLasVegas/DejaVu2LostInLasVegas.Slave
Deja Vu: A Nightmare Comes True NTSC	D/Deja Vu A Nightmare Comes	A-Games:D/DejaVuNTSC/DejaVuNTSC.slave
Deliverance	D/Deliverance	A-Games:D/Deliverance/Deliverance.slave
Deliverance 512K	D/Deliverance 512K	A-Games:D/Deliverance512k/Deliverance512k.slave
Delta Command	D/Delta Command	A-Games:D/DeltaCommandArcadia/DeltaCommandArcadia.Slave
Deluxe Galaga	D/Deluxe Galaga	A-Games:D/DeluxeGalaga/DeluxeGalaga.slave
Deluxe Galaga AGA	D/Deluxe Galaga AGA	A-Games:D/DeluxeGalagaAGA/DeluxeGalagaAGA.Slave
Deluxe Pacman	D/Deluxe Pacman	A-Games:D/DeluxePacMan/DeluxePacMan.Slave
Deluxe Pacman AGA	D/Deluxe Pacman AGA	A-Games:D/DeluxePacManAGA/DeluxePacManAGA.Slave
Deluxe Strip Poker 2	D/Deluxe Strip Poker 2	A-Games:D/DeluxeStripPoker2/DeluxeStripPoker2.Slave
Deluxe Strip Poker 2 DDisks	D/Deluxe Strip Poker 2 DDisk	A-Games:D/DeluxeStripPoker2&DDisks/DeluxeStripPoker2&DDisks.Slave
Demon Blue	D/Demon Blue	A-Games:D/DemonBlue/DemonBlue.slave
Demoniak	D/Demoniak	A-Games:D/Demoniak/Demoniak.Slave
Demon's Tomb: The Awakening	D/Demons Tomb The Awakening	A-Games:D/DemonsTombTheAwakening/DemonsTombTheAwakening.Slave
Denaris 1Disk	D/Denaris 1Disk	A-Games:D/Denaris1Disk/Denaris1Disk.Slave
Denaris 2Disk	D/Denaris 2Disk	A-Games:D/Denaris2Disk/Denaris2Disk.Slave
Denjoy	D/Denjoy	A-Games:D/Denjoy/Denjoy.Slave
Dennis	D/Dennis	A-Games:D/Dennis/Dennis.slave
Dennis AGA	D/Dennis AGA	A-Games:D/DennisAGA/DennisAGA.slave
Dennis DennisAGADeskDyn	D/Dennis DennisAGADeskDyn	A-Games:D/DennisAGADesktopDynamite/DennisAGADeskDyn.slave
Dennis CD32	D/Dennis CD32	A-Games:D/DennisCD32/DennisCD32.slave
Desert Strike: Return to the Gulf	D/Desert Strike Return to th	A-Games:D/DesertStrike/DesertStrike.slave
Destroyer	D/Destroyer	A-Games:D/Destroyer/Destroyer.Slave
Detonator	D/Detonator	A-Games:D/Detonator/Detonator.Slave
Detroit	D/Detroit	A-Games:D/Detroit/Detroit.Slave
Detroit AGA	D/Detroit AGA	A-Games:D/DetroitAGA/DetroitAGA.Slave
Detroit FR AGA	D/Detroit FR AGA	A-Games:D/DetroitAGAFr/DetroitAGAFr.Slave
Deuteros	D/Deuteros	A-Games:D/Deuteros/Deuteros.Slave
Devious Designs	D/Devious Designs	A-Games:D/DeviousDesigns/DeviousDesigns.Slave
D/Generation	D/DGeneration	A-Games:D/DGeneration/DGeneration.slave
D/Generation AGA	D/DGeneration AGA	A-Games:D/DGenerationAGA/DGenerationAGA.slave
D/Generation CD32	D/DGeneration CD32	A-Games:D/DGenerationCD32/DGenerationCD32.slave
Dick Tracy	D/Dick Tracy	A-Games:D/DickTracy/DickTracy.Slave
Dick Tracy: The Crime Solving Adventure	D/Dick Tracy The Crime Solvi	A-Games:D/DickTracyAdventure/DickTracyAdventure.Slave
Die Hard 2: Die Harder	D/Die Hard 2 Die Harder	A-Games:D/DieHard2/DieHard2.Slave
Defender of the Crown II IT CD32	D/Defender of the Crown II I	A-Games:D/DifensoreCorona2CD32It/DifensoreCorona2CD32It.slave
Digger	D/Digger	A-Games:D/Digger/Digger.Slave
Diggers AGA	D/Diggers AGA	A-Games:D/DiggersAGA/DiggersAGA.slave
Diggers CD32	D/Diggers CD32	A-Games:D/DiggersCD32/DiggersCD32.slave
Dimo's Quest	D/Dimos Quest	A-Games:D/DimosQuest/DimosQuest.slave
Dinosaur Detective Agency	D/Dinosaur Detective Agency	A-Games:D/DinosaurDetectiveAgency/DinosaurDetectiveAgency.Slave
Dino Wars	D/Dino Wars	A-Games:D/DinoWars/DinoWars.slave
Dino Wars DE	D/Dino Wars DE	A-Games:D/DinoWarsDe/DinoWarsDe.Slave
Disc	D/Disc	A-Games:D/Disc/Disc.Slave
Discovery: In The Steps of Columbus	D/Discovery In The Steps of	A-Games:D/Discovery/Discovery.Slave
Discovery (MicroIllusions)	D/Discovery MicroIllusions	A-Games:D/DiscoveryMicroIllusions/DiscoveryMicroIllusions.Slave
Disposable Hero	D/Disposable Hero	A-Games:D/DisposableHero/DisposableHero.slave
Disposable Hero CD32	D/Disposable Hero CD32	A-Games:D/DisposableHeroCD32/DisposableHeroCD32.slave
Disposable Hero FAST	D/Disposable Hero FAST	A-Games:D/DisposableHeroFast/DisposableHeroFast.slave
Distant Armies: A Playing History of Chess	D/Distant Armies A Playing H	A-Games:D/DistantArmies/DistantArmies.Slave
Ditris	D/Ditris	A-Games:D/Ditris/Ditris.Slave
Dizzy Collection Disk2	D/Dizzy Collection Disk2	A-Games:D/DizzyCollection/Disk2.Slave
Dizzy Collection Disk1	D/Dizzy Collection Disk1	A-Games:D/DizzyCollection/Disk1.Slave
Dizzy Dice	D/Dizzy Dice	A-Games:D/DizzyDice/DizzyDice.Slave
Dizzy Panic	D/Dizzy Panic	A-Games:D/DizzyPanic/DizzyPanic.slave
Dizzy: Prince of the Yolkfolk	D/Dizzy Prince of the Yolkfo	A-Games:D/DizzyPrinceOfTheYolkfolk/DizzyPrinceOfTheYolkfolk.slave
Dizzy's Excellent Adventures Disk1	D/Dizzys Excellent Adventure	A-Games:D/DizzysExcellentAdventures/Disk1.Slave
Dizzy's Excellent Adventures Disk2	D/Dizzys Excellent Advent V2	A-Games:D/DizzysExcellentAdventures/Disk2.Slave
Dog Fight	D/Dog Fight	A-Games:D/Dogfight/Dogfight.Slave
Dogs of War	D/Dogs of War	A-Games:D/DogsOfWar/DogsOfWar.Slave
Dojo Dan	D/Dojo Dan	A-Games:D/DojoDan/DojoDan.Slave
Doman PL	D/Doman PL	A-Games:D/DomanPl/DomanPl.Slave
Dominator	D/Dominator	A-Games:D/Dominator/Dominator.slave
Dominium	D/Dominium	A-Games:D/Dominium/Dominium.Slave
Donald Duck's Playground	D/Donald Ducks Playground	A-Games:D/DonaldDucksPlayground/DonaldDucksPlayground.Slave
Donald's Alphabet Chase	D/Donalds Alphabet Chase	A-Games:D/DonaldsAlphabetChase/DonaldsAlphabetChase.Slave
Donkey Kong	D/Donkey Kong	A-Games:D/DonkeyKong/DonkeyKong.slave
Donk!: The Samurai Duck!	D/Donk The Samurai Duck	A-Games:D/DonkTheSamuraiDuck/DonkTheSamuraiDuck.slave
Donk!: The Samurai Duck! AGA	D/Donk The Samurai Duck AGA	A-Games:D/DonkTheSamuraiDuckAGA/DonkTheSamuraiDuckAGA.slave
Doodlebug: Bug-Bash 2	D/Doodlebug Bug-Bash 2	A-Games:D/Doodlebug/Doodlebug.Slave
Doofus	D/Doofus	A-Games:D/Doofus/Doofus.Slave
Double Agent	D/Double Agent	A-Games:D/DoubleAgent/DoubleAgent.slave
Double Dragon	D/Double Dragon	A-Games:D/DoubleDragon/DoubleDragon.Slave
Double Dragon II: The Revenge	D/Double Dragon II The Reven	A-Games:D/DoubleDragon2/DoubleDragon2.Slave
Double Dragon II: The Revenge NTSC	D/Double Dragon II The Re V2	A-Games:D/DoubleDragon2NTSC/DoubleDragon2NTSC.Slave
Double Dragon 3: The Rosetta Stone	D/Double Dragon 3 The Rosett	A-Games:D/DoubleDragon3/DoubleDragon3.slave
Double Dribble	D/Double Dribble	A-Games:D/DoubleDribble/DoubleDribble.slave
Down At The Trolls	D/Down At The Trolls	A-Games:D/DownAtTheTrolls/DownAtTheTrolls.Slave
Downhill Challenge NTSC	D/Downhill Challenge NTSC	A-Games:D/DownhillChallengeNTSC/DownhillChallengeNTSC.Slave
Drachen von Laas, Die DE	D/Drachen von Laas. Die DE	A-Games:D/DrachenVonLaasDe/DrachenVonLaasDe.slave
Dragon Breed	D/Dragon Breed	A-Games:D/DragonBreed/DragonBreed.Slave
Dragon Fighter	D/Dragon Fighter	A-Games:D/DragonFighter/DragonFighter.Slave
Dragonflight	D/Dragonflight	A-Games:D/Dragonflight/Dragonflight.Slave
Dragonflight DE	D/Dragonflight DE	A-Games:D/DragonflightDe/DragonflightDe.Slave
Dragonflight FR	D/Dragonflight FR	A-Games:D/DragonflightFr/DragonflightFr.Slave
Dragons Breath	D/Dragons Breath	A-Games:D/DragonsBreath/DragonsBreath.Slave
Dragons Breath DE	D/Dragons Breath DE	A-Games:D/DragonsBreathDe/DragonsBreathDe.Slave
Dragons Breath FR	D/Dragons Breath FR	A-Games:D/DragonsBreathFr/DragonsBreathFr.Slave
Dragons Breath IT	D/Dragons Breath IT	A-Games:D/DragonsBreathIt/DragonsBreathIt.Slave
DragonScape	D/DragonScape	A-Games:D/DragonScape/DragonScape.slave
Dragon's Kingdom Demo	D/Dragons Kingdom Demo	A-Games:D/DragonsKingdomDemo/DragonsKingdomDemo.Slave
Dragon's Lair	D/Dragons Lair	A-Games:D/DragonsLair/DragonsLair.Slave
Dragon's Lair FAST	D/Dragons Lair FAST	A-Games:D/DragonsLair&EscapeFast/DragonsLair&EscapeFast.Slave
Dragon's Lair SLOW	D/Dragons Lair SLOW	A-Games:D/DragonsLair&EscapeSlow/DragonsLair&EscapeSlow.Slave
Dragon's Lair II: Time Warp	D/Dragons Lair II Time Warp	A-Games:D/DragonsLair2/DragonsLair2.Slave
Dragon's Lair III: The Curse of Mordread	D/Dragons Lair III The Curse	A-Games:D/DragonsLair3/DragonsLair3.Slave
Dragon's Lair: Escape from Singe's Castle Demo NTSC	D/Dragons Lair Escape from S	A-Games:D/DragonsLairEscapeDemoNTSC/DragonsLairEscapeDemoNTSC.Slave
Dragon's Lair: Escape from Singe's Castle FAST	D/Dragons Lair Escape fro V2	A-Games:D/DragonsLairEscapeFast/DragonsLairEscapeFast.slave
Dragon's Lair: Escape from Singe's Castle SLOW	D/Dragons Lair Escape fro V3	A-Games:D/DragonsLairEscapeSlow/DragonsLairEscapeSlow.Slave
Dragon Spirit	D/Dragon Spirit	A-Games:D/DragonSpirit/DragonSpirit.Slave
Dragonstone	D/Dragonstone	A-Games:D/Dragonstone/Dragonstone.Slave
Dragonstone CD32	D/Dragonstone CD32	A-Games:D/DragonstoneCD32/DragonstoneCD32.slave
Dragon Strike NTSC	D/Dragon Strike NTSC	A-Games:D/DragonStrikeNTSC/DragonStrikeNTSC.Slave
Dragon Tiles	D/Dragon Tiles	A-Games:D/DragonTiles/DragonTiles.Slave
Dragon Tiles II: The Tournament	D/Dragon Tiles II The Tourna	A-Games:D/DragonTiles2/DragonTiles2.Slave
Dragon Tiles AGA	D/Dragon Tiles AGA	A-Games:D/DragonTilesAGA/DragonTilesAGA.Slave
Dragon Wars	D/Dragon Wars	A-Games:D/DragonWars/DragonWars.slave
Dragon Wars DE	D/Dragon Wars DE	A-Games:D/DragonWarsDe/DragonWarsDe.slave
Drakkhen Files	D/Drakkhen Files	A-Games:D/DrakkhenFiles/DrakkhenFiles.Slave
Drakkhen DE Files	D/Drakkhen DE Files	A-Games:D/DrakkhenFilesDe/DrakkhenFilesDe.Slave
Drakkhen FR Files	D/Drakkhen FR Files	A-Games:D/DrakkhenFilesFr/DrakkhenFilesFr.Slave
Drakkhen NTSC Files	D/Drakkhen NTSC Files	A-Games:D/DrakkhenFilesNTSC/DrakkhenFilesNTSC.Slave
Drakkhen Image	D/Drakkhen Image	A-Games:D/DrakkhenImage/DrakkhenImage.Slave
Drakkhen DE Image	D/Drakkhen DE Image	A-Games:D/DrakkhenImageDe/DrakkhenImageDe.Slave
Drakkhen FR Image	D/Drakkhen FR Image	A-Games:D/DrakkhenImageFr/DrakkhenImageFr.Slave
Drakkhen NTSC Image	D/Drakkhen NTSC Image	A-Games:D/DrakkhenImageNTSC/DrakkhenImageNTSC.Slave
Dr. Cube's Magic Lands	D/Dr. Cubes Magic Lands	A-Games:D/DrCubesMagicLands/DrCubesMagicLands.Slave
Dr. Doom's Revenge! 1Disk	D/Dr. Dooms Revenge 1Disk	A-Games:D/DrDoomsRevenge1Disk/DrDoomsRevenge1Disk.Slave
Dr. Doom's Revenge! 2Disk NTSC	D/Dr. Dooms Revenge 2Disk NT	A-Games:D/DrDoomsRevengeNTSC2Disk/DrDoomsRevengeNTSC2Disk.Slave
DreamWeb	D/DreamWeb	A-Games:D/DreamWeb/DreamWeb.Slave
DreamWeb AGA	D/DreamWeb AGA	A-Games:D/DreamWebAGA/DreamWebAGA.Slave
DreamWeb DE AGA	D/DreamWeb DE AGA	A-Games:D/DreamWebAGADe/DreamWebAGADe.Slave
DreamWeb DE	D/DreamWeb DE	A-Games:D/DreamWebDe/DreamWebDe.Slave
Dream Zone	D/Dream Zone	A-Games:D/DreamZone/DreamZone.Slave
Dr. Fruit	D/Dr. Fruit	A-Games:D/DrFruit/DrFruit.Slave
Driller	D/Driller	A-Games:D/Driller/Driller.Slave
Drip	D/Drip	A-Games:D/Drip/Drip.Slave
Drivin' Force	D/Drivin Force	A-Games:D/DrivinForce/DrivinForce.Slave
Dr. Mario	D/Dr. Mario	A-Games:D/DrMario/DrMario.slave
Duck Tales: The Quest for Gold	D/Duck Tales The Quest for G	A-Games:D/DuckTales/DuckTales.slave
Dugger	D/Dugger	A-Games:D/Dugger/Dugger.Slave
Dune	D/Dune	A-Games:D/Dune/Dune.Slave
Dune II: The Battle for Arrakis	D/Dune II The Battle for Arr	A-Games:D/Dune2/Dune2.Slave
Dune DE	D/Dune DE	A-Games:D/DuneDe/DuneDe.Slave
Dune ES	D/Dune ES	A-Games:D/DuneEs/DuneEs.Slave
Dune FR	D/Dune FR	A-Games:D/DuneFr/DuneFr.Slave
Dune GR	D/Dune GR	A-Games:D/DuneGr/DuneGr.Slave
Dune IT	D/Dune IT	A-Games:D/DuneIt/DuneIt.Slave
Dungeon Master	D/Dungeon Master	A-Games:D/DungeonMaster/DungeonMaster.slave
Dungeon Master II: The Legend of Skullkeep AGA	D/Dungeon Master II The Lege	A-Games:D/DungeonMaster2AGA/DungeonMaster2AGA.Slave
Dungeon Quest	D/Dungeon Quest	A-Games:D/DungeonQuest/DungeonQuest.Slave
Dungeons of Avalon	D/Dungeons of Avalon	A-Games:D/DungeonsOfAvalon/DungeonsOfAvalon.Slave
Dungeons of Avalon II: The Island of Darkness	D/Dungeons of Avalon II The	A-Games:D/DungeonsOfAvalon2/DungeonsOfAvalon2.Slave
Dux	D/Dux	A-Games:D/Dux/Dux.Slave
Dylan Dog: The Murderers	D/Dylan Dog The Murderers	A-Games:D/DylanDogTheMurderers/DylanDogTheMurderers.slave
Dyna Blaster	D/Dyna Blaster	A-Games:D/DynaBlaster/DynaBlaster.slave
Dynamite Düx	D/Dynamite Dux	A-Games:D/DynamiteDux/DynamiteDux.slave
Dynasty Wars	D/Dynasty Wars	A-Games:D/DynastyWars/DynastyWars.slave
Dyter-07	D/Dyter-07	A-Games:D/Dyter07/Dyter07.slave
Diggers 2: Extractors CD32 Preview	D/Diggers 2 Extractors CD32	A-Games:E/ExtractorsPreviewCD32/ExtractorsPreviewCD32.slave
Die Kathedrale DE	D/Die Kathedrale DE	A-Games:K/KathedraleDe/KathedraleDe.slave
Diosa de Cozumel, La ES	D/Diosa de Cozumel. La ES	A-Games:L/LaDiosaDeCozumelEs/LaDiosaDeCozumelEs.slave
Do! Run Run Files	D/Do Run Run Files	A-Games:M/MrDoRunRunFiles/MrDoRunRunFiles.Slave
Do! Run Run Image	D/Do Run Run Image	A-Games:M/MrDoRunRunImage/MrDoRunRunImage.Slave
Detroit DE AGA	D/Detroit DE AGA	A-Games:R/RuesselsheimDeAGA/RuesselsheimDeAGA.Slave
Defender of the Crown II DE CD32	D/Defender of the Crown II D	A-Games:V/VerteidigerKrone2CD32De/VerteidigerKrone2CD32De.slave