P47 Thunderbolt
Pacific Islands
Pac-Land
Pac-Mania
Paladin
Paladin 2
Pandora
Pang
Pango
Panza Kick Boxing
Paperboy
Paperboy 2
Paradise Lost
Paradroid 90 512KB
Paragliding Simulation
Paramax
Parasol Stars: The Story of Rainbow Islands II
Passing Shot
Patrician, The
Pawn, The
Pegasus
Penthouse Hot Numbers
Perihelion
Persian Gulf Inferno, The
Personal Nightmare
Peter Beardsley's International Football
Peter Schmeichel Soccer
PGA European Tour AGA
PGA Tour Golf
PGA Tour Golf TourDisk
Phalanx
Phantasie
Phantasie III: The Wrath of Nikademus
Phantom Fighter
Pharaoh's Curse
Pharaohs Match
Phobia
Photon Storm
Pick 'n Pile
Pierre Le Chef is... Out to Lunch AGA
Pinball Dreams
Pinball Fantasies AGA
Pinball Hazard
Pinball Illusions AGA
Pinball Magic
Pinball Mania AGA
Pinball Prelude AGA
Pinball Wizard
Pinkie
Pink Panther
Pinomania
Pipe Dream
Pipeline
Pipeline
Pipe Mania
Pirates!
Pit-Fighter
Pixie and Dixie
Pixie and Dixie Pixie&Dixie
Plague, The
Plan 9 from Outer Space
Platoon
Player Manager
Player Manager 2
Player Manager 2 Extra AGA
Plotting
Plutos
Pod
Police Quest
Police Quest II
Police Quest III: The Kindred
Pong
Pool
Pool of Radiance
Pools of Darkness
Popeye 2
Populous
Populous DataDisk
Populous II: Trials of the Olympian Gods
Populous II: Trials of the Olympian Gods ChallengeGames
Populous II: Trials of the Olympian Gods ChallengeGames
Populous World Editor
Portal
Ports of Call
Postman Pat
P.O.W.
Power, The
Power Drift
Power Drive
Powerdrome
PowerMonger
Powermonger WW1 Edition
Power Pinball
Powerplay: The Game of the Gods
Power Styx
P.P. Hammer
Predator
Predator 2
Prehistorik
Premiere
Premier Manager
Premier Manager II
Premier Manager 3 AGA
Premier Manager 3 Deluxe
Primal Rage AGA
Prime Mover
Prince
Prince of Persia
Prison
Pro Boxing Simulator
Project-X
Project-X
Project-X Special Edition 93
Project-X Special Edition 93
Project-X
Projectyle
Prophecy I: The Viking Child
Pro Powerboat Simulator
ProSoccer 2190
Prospector in the Mazes of Xor
Pro Tennis Simulator Image
Pro Tennis Tour
Pro Tennis Tour 2
Psyborg
Psycho Santa
Pub Trivia Simulator
Puffy's Saga
Puggsy
Pulsator AGA Demo
Purple Saturn Day
Pushover
Putty
Putty Squad AGA
Puzznic
Pyramax
Putty