Federation Quest 1: BSS Jane Seymour
F1
F-15 Strike Eagle II
F-16 Combat Pilot
F17 Challenge
F-19 Stealth Fighter
F1 Tornado
F1 World Championship Edition
F29 Retaliator
F40 Pursuit Simulator
F/A-18 Interceptor
Face Off
Faery Tale Adventure, The
Falcon
Falcon MissionDisk
Fallen Angel
Fantastic Dizzy
Fantastic Voyage
Fantasy Flyer AGA
Fantasy World Dizzy
Fascination
Fast Break
Fast Break
Fast Food!
Fast Food!
Fast Lane! The Spice Engineering Challenge
Fatal Mission
Fate: Gates of Dawn
Fatman: The Caped Consumer AGA
Fears AGA
Federation of Free Traders
Femme Fatale
Femme Fatale DataDisk
Fernandez Must Die
Ferrari Formula One
Feud
Fidelity Chessmaster 2100, The
Fiendish Freddy's Big Top o' Fun
FIFA International Soccer
Fighter Bomber
Fighter Bomber
Fighter Duel Pro
Fighting Soccer NTSC
Fightin' Spirit AGA
Final Assault
Final Battle, The
Final Blow
Final Countdown
Final Fight 512K
Fire and Brimstone
Fire & Forget
Fire & Forget II: The Death Convoy
Fire and Ice
Fire and Ice Demo
Fire and Brimstone
Fireblaster
Fire Force
Firehawk
Firepower
Firestar
First Contact
First Samurai, The
Fish!
Fist Fighter
Five-A-Side Soccer
Flashback
Flight of the Amazon Queen
Flight of the Intruder
Flight Path 737
Flight Simulator II SceneryDisk07
Flight Simulator II SceneryDisk09
Flight Simulator II SceneryDisk11
Flight Simulator II SceneryDisk12
Flight Simulator II SceneryDisk13
Flight Simulator II SceneryDisk14
Flight Simulator II
Flight Simulator II FlightSim2 Hawaiian
Flimbo's Quest
Flintstones, The
Flip Flop
Flip-it & Magnose: Water Carriers from Mars
Flood
Floor 13
Fly Fighter highs
Fly Fighter
Fly Harder
Flying Shark
Fool's Errand, The
Footballer of the Year 2
Football Glory AGA
Football Manager 2
Football Manager: World Cup Edition
Forgotten Mine
Forgotten Worlds
Formula 1 Grand Prix
Formula One Grand Prix 4Disk
Foundation's Waste
Frankenstein
Frantic Freddie
Freak Out
Freedom: Rebels in the Darkness
Frenetic
Fright Night
Frontier: Elite II
Frost Byte
Full Contact
Full Metal Planete Image
Fury of the Furries
Fusion
Future Basketball
Future Bike Simulator
Future Classics Collection
Future Shock
Future Tank
Future Wars: Time Travellers
Fuzzball Intro
Fuzzball
Fetiche Maya, Le
F-117A Nighthawk Stealth Fighter 2.0