Hacker
Hacker II: The Doomsday Papers
Hägar
Hägar DE
Halley Project, The: A Mission In Our Solar System
Hammer Boy
Hammerfist
Hanse DE
Harald Hårdtand: Kampen om de Rene Tænder DK
Hardball!
Hardball II
Hard Drivin'
Hard Drivin'
Hard 'n' Heavy
Harlequin 1MB
Harlequin 512KB
Harley-Davidson
Harpoon & Battleset 1: Greenland - Iceland - United Kingdom Gap
Harpoon Battleset 2: North Atlantic Convoys
Harpoon Battleset 3: The Mediterranean Conflict
Harpoon Battleset 4: The Indian Ocean
Harrier Combat Simulator
H.A.T.E.: Hostile All Terrain Encounter
Hawkeye
Head Over Heels
Heart of China
Heart of China DE
Heart of the Dragon 3Disk
Heart of the Dragon 4Disk
Heavy Metal
Heavy Metal Heroes
Heimdall
Heimdall 2: Into the Hall of Worlds
Heimdall 2: Into the Hall of Worlds AGA
Heimdall 2: Into the Hall of Worlds CD32
Hellbent
Hellfire Attack
Hellowoon: Das Geheimnis des Zauberstabs DE
Hellraider
Hell Raisers
Helter Skelter
Heroes of the Lance
HeroQuest
HeroQuest
HeroQuest II: Legacy of Sorasil
HeroQuest DE Fix
Hero's Quest
Hexuma: Das Auge Des Kal DE
High Seas Trader AGA
High Steel
Highway Hawks
Highway Patrol II
Hillsfar
Hillsfar DE
Hill Street Blues
Hilt: Against the Hoardes
Hilt II
Hilt II DE
Hired Guns 1MB
Hired Guns 512KB
Hired Guns 1MB Demo
Hired Guns 512KB Demo
Historyline 1914-1918
Historyline 1914-1918 DE
Historyline 1914-1918 FR
Hole-In-One
Hole-In-One
Hole-In-One DataDisk
Hole-In-One DataDisk
Holiday Maker DE CDTV
Holiday Maker DE
Hollywood Poker
Hollywood Poker Pro
Hong Kong Phooey
Hook
Horror Zombies from the Crypt
Hostages
Hostile Breed
Hot Rod
Hot Rubber
Hotshot
Hound of Shadow, The
Huckleberry Hound in Hollywood Capers
Hudson Hawk
Hugo på nye Eventyr DK
Hugo på nye Eventyr FI
Hugo på nye Eventyr Del 2 DK
Hugo på nye Eventyr Del 2 FI
Human Killing Machine
Humans, The
Humans 2: The Jurassic Levels
Humans 2: The Jurassic Levels DE
Humans III: Evolution Lost in Time... AGA
Humans, The CD32
Humans, The DE
Humans, The FR
Hunter
Hunter DE
Hunter FR
Hunt for Red October, The
Hybris
Hydra
Hyperdome
Hyperion
Holiday Lemmings 1993
Holiday Lemmings 1994
Holiday Lemmings 1994 Demo
Hero's Quest: So You Want To Be A Hero