M1 Tank Platoon
Mach 3
Mad Professor Mariarti
Mad Show
Mad TV
Mafdet and the Book of the Dead
Magic Boy
Magic Fly 512KB
Magician, The
Magic Johnson's Basketball
Magicland Dizzy
Magic Lines
Magic Marble
Magic Pockets
Magnatron
Major Motion
Manchester United
Manchester United Europe
Manchester United Europe
Manchester United Europe
Manchester United: Premier League Champions
Manchester United: The Double
Manchester United: Premier League Champions Data
Man from the Council, The
Manhattan Dealers
Manhunter: New York
Manhunter 2: San Francisco
Maniac Mansion
Maniax
Manic Miner
Manix
Marble Madness
Maria's Xmas Box
Marvin's Marvellous Adventure AGA
Master Axe: The Genesis of MysterX AGA
Master Blaster
Masterblazer
Match of the Day
Matrix Marauders
Maupiti Island
Max Rally
Mayday Squad
McDonald Land
Mean Arenas
Mean Machine
Mean Streets
Megaball AGA
Mega lo Mania
Mega Motion
Mega Phoenix
Mega Twins
Mega Typhoon
Menace
Mental Image Game Disk Image2
Mercenary I: Escape from Targ and the Second City
Mercenary III: The Dion Crisis
Mercs
Merv the Merciless
Metal Law
Metal Masters Intro
Metal Masters
Metal Mutant
Metal Warrior
MF Tanks
Miami Chase
Mickey Mouse
Mickey's ABC's: A Day at the Fair
Mickey's Jigsaw Puzzles
Mickey's Memory Challenge
Microbes
Micro Machines
MicroProse Golf
MicroProse Soccer
Midnight Resistance
Midwinter
Midwinter II: Flames of Freedom
MiG-29 Fulcrum
MiG-29M Super Fulcrum
MIG-29 Soviet Fighter
Might and Magic II: Gates to Another World
Might and Magic III: Isles of Terra
Mighty Bombjack
Mike Read's Computer Pop Quiz
Mikro Mortal Tennis
Millennium 2.2
Mindbender
Mindfighter
Mindroll
Mindshadow
Mind Walker
Mini Golf
Mini Golf Plus
Minskies ... The Abduction AGA
Missiles over Xerion AGA
Mission Elevator
Moebius
Monkey Island 2: LeChuck's Revenge
Monster Business
Moochies, The
MoonFall
Moonshine Racers
Moonstone: A Hard Days Knight
Moonwalker
Morph AGA
Mortal Kombat
Mortal Kombat II 1MB
Morton Strikes Back AGA
Mortville Manor
Mot
Motorbike Madness
Motörhead
Motor Massacre
MouseQuest
Mousetrap
Monty Python's Flying Circus
Mr Blobby
Mr. HELI
Mr. Men Olympics, The
Mr. Nutz
M.U.D.S.
Multi Player Soccer Manager
Munsters, The
Murder
Murders in Space Image
Mysterious Worlds
Mystery of the Mummy
Mystical
Myth
MYTH: History in the Making