A-10 Tank Killer 3Disk
Aaargh!
Aaargh!
Abandoned Places: A Time for Heroes
Abandoned Places 2
ABC Monday Night Football
Abracadabra
Academy
ACSYS: Autonomous Cybernetic System AGA Demo
Action Fighter
Addams Family, The
Adrenalynn
Advanced Destroyer Simulator
Advanced Ski Simulator
Advantage Tennis
Adventure Construction Set
Adventures of Quik & Silva, The
Adventures of Robin Hood, The
Adventures of Willy Beamish, The
African Raiders-01
Afterburner
After Burner
After the War
Advanced Galactic Empire
Agony
Airball
Airborne Ranger
Air Support
Akira
Aladdin AGA
Alcatraz
Alchemy Demo
Alfred Chicken AGA
Alianator
Alien³
Alien Bash
Alien Bash 2
Alien Breed
Alien Breed II: The Horror Continues AGA
Alien Breed 3D 2: The Killing Grounds AGA
Alien Breed 3D AGA
Alien Breed: Special Edition 1992
Alien Breed
Alien Breed: Tower Assault AGA
Alien Breed: Tower Assault AGA
Alien Drug Lords: The Chyropian Connection
Alien Fish Finger
Alien Legion
Alien Storm
Alien Syndrome
Alien World
Aliex
Allan Border's Cricket
All New World of Lemmings AGA
Allo Allo! Cartoon Fun!
ATR: All Terrain Racing
ATR: All Terrain Racing Demo
Alpha-1
Alpha Waves
Altered Beast
Altered Destiny
Amazing Spider-Man, The
Ambermoon
Amberstar
Amegas
American Gladiators
American Tag-Team Wrestling
Amiga Karate
Amnios
Anarchy
Another World
Antago
Apache
Apache Demo
Apache Flight
Apano Sin
All Points Bulletin Image
Apidya
Apidya
Apocalypse
Apprentice
Aquablast
Aquanaut
Aquatic Games, The: Starring James Pond and the Aquabats
Aquaventura
Arabian Nights
Arachnophobia
Arcade Fruit Machine
Arcade Pool AGA
Arcade Snooker AGA
Arcade Trivia Quiz
Archer MacLean Presents: Billard Americain
Archer Maclean's Pool
Archipelagos
Archon: The Light and the Dark
Archon II: Adept
Arcticfox
Arena
Arkanoid
Arkanoid: Revenge of Doh
Armageddon Man, The
Armalyte
Armour-Geddon
Armour-Geddon II: Codename Hellfire
Army Moves
Arnie
Arnie 2
Art of Chess, The
Artura
Ashes of Empire
Assassin
Assassin: Special Edition
Astaroth
Astatin
Astérix: Operation Getafix
Astro Marine Corps
Atax
ATF II - Advanced Tactical Fighter II
Atomic Robo-Kid
Atomino
Atomix
Atom Smasher
A-Train
A-Train 512K ConstrSet 512K
A-Train ConstructionSet
Aunt Arctic Adventure
Australo Piticus Mechanicus
Auto Duel
AV-8B Harrier Assault
AWESOME
Axel's Magic Hammer
Axe of Rage
Aztec Challenge
Antheads: It Came from the Desert II Data Disk
A Prehistoric Tale
A Question of Sport