Race Drivin'
Rackney's Island
Racter
Raffles
Rage v2.0
Rage (CAD Software)
Raider
Railroad Tycoon
Rainbow Islands
Rainbow Warrior
Rally Championships AGA
Rally Cross Challenge
Rambo III
Rampage
Rampart
Ranx
Rat Trap
R.B.I. 2 Baseball
Real Ghostbusters, The
Realms
Realms of Arkania: Blade of Destiny
Real Popeye, The
Rebellion
Red Baron
Red Heat
Red Lightning
Red Storm Rising
Red Zone
Reflexity: Pinball Challenge
Renaissance
Renegade
Renegade III: The Final Chapter
Renegades Deluxe Editor
Resolution 101
Return to Atlantis
Return to Genesis
Reunion AGA
Revelation!
Revenge of Defender
Revenge of the Mutant Camels
Revenge of the Mutant Camels II
Rick Dangerous
Rick Dangerous II
Rick Dangerous II
Ringside
Rings of Medusa
Rise of the Dragon
Rise of the Robots AGA
RISK
Risky Woods
RoadBlasters
Roadkill AGA
Road Rash
Roadwar Europa
Roadwars
Roadwars
Robbeary
Robin Hood: Legend Quest
Robinson's Requiem AGA
RoboCop
RoboCop 2
RoboCop 3
RoboSport
Robotnic
Robot Readers: Aesop's Fables
Robot Readers: Chicken Little
Robozone
Rock Challenge
Rocket Ranger
Rockford
Rock'n Roll
Rock Star Ate My Hamster
Rodland
Rogue: The Adventure Game
Rogue Trooper
Roketz AGA
RollerCoaster Rumbler
Rolling Ronny
Roll or Die
Rome AD92: The Pathway To Power
Rotor
Rotox
Round the Bend!
R-Type
R-Type II
Rubicon
Ruff and Reddy in the Space Adventure
Ruffian
Ruff 'n' Tumble
Rugby: The World Cup
Running Man, The
Run the Gauntlet
Rushhour
RVF Honda