Labyrinth DK
Lamborghini American Challenge
Lancelot
Laser Squad
Last Action Hero
Last Battle
Last Duel
Last Ninja 2
Last Ninja 3
Leader Board
Leader Board Tournament
Leading Lap MPV AGA
Leander
Leatherneck
Leavin' Teramis
LED Storm
Legacy TheGame
Legend
Legend of Djel
Legend of Faerghail
Legend of Kyrandia
Legend of the Lost
Legend of the Sword
Legends AGA
Legends of Valour
Leisure Suit Larry
Leisure Suit Larry 2
Leisure Suit Larry 3
Leisure Suit Larry 5: Passionate Patti does a Little Undercover Work
Leisure Suit Larry in the Land of the Lounge Lizards
Lemmings 2: The Tribes 512KB
Lemmings Image
Leonardo
Leonardo
Les Manley in Search for the King
Lethal Weapon
Lethal Xcess
Lethal Zone
Leviathan
Licence to Kill
Life & Death
Light Corridor, The
Limes & Napoleon
Line of Fire
Links: The Challenge of Golf
Links: The Challenge of Golf DataDisk
Lionheart
Lion King, The AGA
Liquid Kids Image
Little Computer People
Little Puff in Dragonland
Live and Let Die SpaceHarrier
Live and Let Die
Livingstone II
Llamatron: 2112 512KB
Locomotion
Logical
Logo
Lollypop
Lombard RAC Rally 2Disk
Loom Kick31
Loopz
Lords of Chaos
Lords of Chaos DataDisk
Lords of Doom
Lords of the Realm AGA
Lords of the Rising Sun
Lords of Time
Lords of War
Lorna
Lost Dutchman Mine
Lost in Mine
Lost Patrol, The
Lost Vikings, The
Lothar Matthäus
Lotus Esprit Turbo Challenge
Lotus Turbo Challenge 2
Lotus III: The Ultimate Challenge
Lupo Alberto
Lure of the Temptress
Luxor