Dalek Attack
Daley Thompson's Olympic Challenge 1Disk
Daley Thompson's Olympic Challenge 2Disk
Damage: The Sadistic Butchering of Humanity
Damage: The Sadistic Butchering of Humanity Preview
Damocles - Mercenary II
Dan Dare III: The Escape
Dangerous Streets AGA
Darius+
Dark Castle
Dark Century
Dark Fusion
Darkman
Darkmere
Dark Queen of Krynn, The
Darkseed
Darkseed CD32
Darkseed DE
Darkseed ES
Darkseed FR
Dark Side
DarkSpyre
Das Boot
Datastorm
Dawn Patrol
Dawn Patrol DE
Day Of The Pharaoh
Day Of The Pharaoh DE
Day of the Viper
Days of Thunder
D-Day: The Beginning of the End
D-Day: The Beginning of the End FR
Death Bringer
Death Bringer
Death Knights of Krynn
Death Knights of Krynn DE
Death Mask
Death Mask AGA
Death or Glory: The Battle of Morgan DE
Death Sword
Death Trap
Début: Planet Simulation
Deconstruction
Deconstruction AGA
Deep, The
Deep Core
Deep Space
Defender II
Defender of the Crown
Defender of the Crown II CD32
Defender of the Crown CDTV
Defender
Defenders of the Earth
Defender of the Crown II FR CD32
Defender of the Crown II ES CD32
Deflektor
Deja Vu II: Lost in Las Vegas
Deja Vu: A Nightmare Comes True
Deliverance
Delta Command
Deluxe Galaga
Deluxe Galaga AGA
Deluxe Pacman
Deluxe Pacman AGA
Deluxe Strip Poker 2
Deluxe Strip Poker 2 DDisks
Demon Blue
Demoniak
Demon's Tomb: The Awakening
Denaris 1Disk
Denaris 2Disk
Denjoy
Dennis
Dennis AGA
Dennis DennisAGA
Dennis CD32
Desert Strike: Return to the Gulf
Destroyer
Detonator
Detroit
Detroit AGA
Detroit FR AGA
Deuteros
Devious Designs
D/Generation
D/Generation AGA
D/Generation CD32
Dick Tracy
Dick Tracy: The Crime Solving Adventure
Die Hard 2: Die Harder
Defender of the Crown II IT CD32
Digger
Diggers AGA
Diggers CD32
Dimo's Quest
Dinosaur Detective Agency
Dino Wars
Dino Wars DE
Disc
Discovery: In The Steps of Columbus
Discovery (MicroIllusions)
Disposable Hero
Disposable Hero CD32
Disposable Hero FAST
Distant Armies: A Playing History of Chess
Ditris
Dizzy Collection Disk2
Dizzy Collection Disk1
Dizzy Dice
Dizzy Panic
Dizzy: Prince of the Yolkfolk
Dizzy's Excellent Adventures Disk1
Dizzy's Excellent Adventures Disk2
Dog Fight
Dog Fight 15MB 15MB
Dog Fight 1MB 15MB
Dog Fight 2MB 15MB
Dog Fight 512KB 15MB
Dog Fight 15MB 1MB
Dog Fight 1MB 1MB
Dog Fight 2MB 1MB
Dog Fight 512KB 1MB
Dog Fight 15MB 2MB
Dog Fight 1MB 2MB
Dog Fight 2MB 2MB
Dog Fight 512KB 2MB
Dog Fight 15MB 512KB
Dog Fight 1MB 512KB
Dog Fight 2MB 512KB
Dog Fight 512KB 512KB
Dogs of War
Dojo Dan
Doman PL
Dominator
Dominium
Donald Duck's Playground
Donald's Alphabet Chase
Donkey Kong
Donk!: The Samurai Duck!
Donk!: The Samurai Duck! AGA
Doodlebug
Doofus
Double Agent
Double Dragon
Double Dragon II: The Revenge
Double Dragon II: The Revenge NTSC
Double Dragon 3: The Rosetta Stone
Double Dribble
Downhill Challenge
Drachen von Laas, Die DE
Dragon Breed
Dragon Fighter
Dragonflight
Dragonflight DE
Dragonflight FR
Dragons Breath
Dragons Breath DE
Dragons Breath FR
DragonScape
Dragon's Kingdom Demo
Dragon's Lair
Dragon's Lair FAST
Dragon's Lair SLOW
Dragon's Lair II: Time Warp
Dragon's Lair III: The Curse of Mordread
Dragon's Lair: Escape from Singe's Castle Demo NTSC
Dragon's Lair: Escape from Singe's Castle FAST
Dragon's Lair: Escape from Singe's Castle SLOW
Dragon Spirit
Dragonstone
Dragonstone CD32
Dragon Strike
Dragon Tiles
Dragon Tiles II: The Tournament
Dragon Tiles AGA
Dragon Wars
Dragon Wars DE
Drakkhen Files
Drakkhen DE Files
Drakkhen FR Files
Drakkhen NTSC Files
Drakkhen Image
Drakkhen DE Image
Drakkhen FR Image
Drakkhen NTSC Image
Dr. Doom's Revenge! 1Disk
Dr. Doom's Revenge! 2Disk NTSC
DreamWeb
DreamWeb AGA
DreamWeb DE AGA
DreamWeb DE
Dream Zone
Dr. Fruit
Driller
Drip
Drivin' Force
Dr. Mario
Duck Tales: The Quest for Gold
Dugger
Dune
Dune II: The Battle for Arrakis
Dune DE
Dune ES
Dune FR
Dune IT
Dungeon Master
Dungeon Master II: The Legend of Skullkeep AGA
Dungeon Quest
Dungeons of Avalon
Dungeons of Avalon II: The Island of Darkness
Dux
Dylan Dog: The Murderers
Dyna Blaster
Dynamite Düx
Dynasty Wars
Dyter-07
Diggers 2: Extractors CD32 Preview
Die Kathedrale DE
Diosa de Cozumel, La ES
Do! Run Run Files
Do! Run Run Image
Detroit DE AGA
Defender of the Crown II DE CD32