1000cc Turbo	1/1.run
1000 Miglia	1/2.run
1869 AGA	1/3.run
1943: The Battle of Midway	1/4.run
1st Division Manager	1/5.run
20000 Leagues under the Sea	1/6.run
3001: O'Connors Fight	1/7.run
3D Construction Kit	1/8.run
3D Galax	1/9.run
3D Pool	1/10.run
3D World Soccer	1/11.run
3D World Tennis	1/12.run
4D Sports Boxing	1/13.run
4D Sports Driving	1/14.run
4D Sports Driving MstrTrcks	1/15.run
4th & Inches	1/16.run
4x4 Off-Road Racing	1/17.run
5th Gear	1/18.run
688 Attack Sub	1/19.run
7 Colors	1/20.run
9 Lives	1/21.run
A-10 Tank Killer 3Disk	2/1.run
Aaargh!	2/2.run
Aaargh!	2/3.run
Abandoned Places: A Time for Heroes	2/4.run
Abandoned Places 2	2/5.run
ABC Monday Night Football	2/6.run
Abracadabra	2/7.run
Academy	2/8.run
ACSYS: Autonomous Cybernetic System AGA Demo	2/9.run
Action Fighter	2/10.run
Addams Family, The	2/11.run
Adrenalynn	2/12.run
Advanced Destroyer Simulator	2/13.run
Advanced Ski Simulator	2/14.run
Advantage Tennis	2/15.run
Adventure Construction Set	2/16.run
Adventures of Quik & Silva, The	2/17.run
Adventures of Robin Hood, The	2/18.run
Adventures of Willy Beamish, The	2/19.run
African Raiders-01	2/20.run
Afterburner	2/21.run
After Burner	2/22.run
After the War	2/23.run
Advanced Galactic Empire	2/24.run
Agony	2/25.run
Airball	2/26.run
Airborne Ranger	2/27.run
Air Support	2/28.run
Akira	2/29.run
Aladdin AGA	2/30.run
Alcatraz	2/31.run
Alchemy Demo	2/32.run
Alfred Chicken AGA	2/33.run
Alianator	2/34.run
Alien³	2/35.run
Alien Bash	2/36.run
Alien Bash 2	2/37.run
Alien Breed	2/38.run
Alien Breed II: The Horror Continues AGA	2/39.run
Alien Breed 3D 2: The Killing Grounds AGA	2/40.run
Alien Breed 3D AGA	2/41.run
Alien Breed: Special Edition 1992	2/42.run
Alien Breed	2/43.run
Alien Breed: Tower Assault AGA	2/44.run
Alien Breed: Tower Assault AGA	2/45.run
Alien Drug Lords: The Chyropian Connection	2/46.run
Alien Fish Finger	2/47.run
Alien Legion	2/48.run
Alien Storm	2/49.run
Alien Syndrome	2/50.run
Alien World	2/51.run
Aliex	2/52.run
Allan Border's Cricket	2/53.run
All New World of Lemmings AGA	2/54.run
Allo Allo! Cartoon Fun!	2/55.run
ATR: All Terrain Racing	2/56.run
ATR: All Terrain Racing Demo	2/57.run
Alpha-1	2/58.run
Alpha Waves	2/59.run
Altered Beast	2/60.run
Altered Destiny	2/61.run
Amazing Spider-Man, The	2/62.run
Ambermoon	2/63.run
Amberstar	2/64.run
Amegas	2/65.run
American Gladiators	2/66.run
American Tag-Team Wrestling	2/67.run
Amiga Karate	2/68.run
Amnios	2/69.run
Anarchy	2/70.run
Another World	2/71.run
Antago	2/72.run
Apache	2/73.run
Apache Demo	2/74.run
Apache Flight	2/75.run
Apano Sin	2/76.run
All Points Bulletin Image	2/77.run
Apidya	2/78.run
Apidya	2/79.run
Apocalypse	2/80.run
Apprentice	2/81.run
Aquablast	2/82.run
Aquanaut	2/83.run
Aquatic Games, The: Starring James Pond and the Aquabats	2/84.run
Aquaventura	2/85.run
Arabian Nights	2/86.run
Arachnophobia	2/87.run
Arcade Fruit Machine	2/88.run
Arcade Pool AGA	2/89.run
Arcade Snooker AGA	2/90.run
Arcade Trivia Quiz	2/91.run
Archer MacLean Presents: Billard Americain	2/92.run
Archer Maclean's Pool	2/93.run
Archipelagos	2/94.run
Archon: The Light and the Dark	2/95.run
Archon II: Adept	2/96.run
Arcticfox	2/97.run
Arena	2/98.run
Arkanoid	2/99.run
Arkanoid: Revenge of Doh	2/100.run
Armageddon Man, The	2/101.run
Armalyte	2/102.run
Armour-Geddon	2/103.run
Armour-Geddon II: Codename Hellfire	2/104.run
Army Moves	2/105.run
Arnie	2/106.run
Arnie 2	2/107.run
Art of Chess, The	2/108.run
Artura	2/109.run
Ashes of Empire	2/110.run
Assassin	2/111.run
Assassin: Special Edition	2/112.run
Astaroth	2/113.run
Astatin	2/114.run
Astérix: Operation Getafix	2/115.run
Astro Marine Corps	2/116.run
Atax	2/117.run
ATF II - Advanced Tactical Fighter II	2/118.run
Atomic Robo-Kid	2/119.run
Atomino	2/120.run
Atomix	2/121.run
Atom Smasher	2/122.run
A-Train	2/123.run
A-Train 512K ConstrSet 512K	2/124.run
A-Train ConstructionSet	2/125.run
Aunt Arctic Adventure	2/126.run
Australo Piticus Mechanicus	2/127.run
Auto Duel	2/128.run
AV-8B Harrier Assault	2/129.run
AWESOME	2/130.run
Axel's Magic Hammer	2/131.run
Axe of Rage	2/132.run
Aztec Challenge	2/133.run
Antheads: It Came from the Desert II Data Disk	2/134.run
A Prehistoric Tale	2/135.run
A Question of Sport	2/136.run
B-17 Flying Fortress	3/1.run
Baal	3/2.run
Baba Yaga	3/3.run
Baby Jo in 'Going Home'	3/4.run
Babylonian Twins Demo	3/5.run
Backlash	3/6.run
Back to the Future Part III	3/7.run
Back to the Future Part II	3/8.run
Bad Cat	3/9.run
Bad Company	3/10.run
Bad Dudes vs. Dragonninja NTSC	3/11.run
Bad Dudes vs. Dragonninja	3/12.run
BadLands	3/13.run
Badlands Pete	3/14.run
Bagitman	3/15.run
Balance of Power: Geopolitics in the Nuclear Age	3/16.run
Balance of Power: Geopolitics in the Nuclear Age	3/17.run
Ball Game, The	3/18.run
Ballistix	3/19.run
Ball Raider	3/20.run
Bandit Kings of Ancient China	3/21.run
Bangkok Knights	3/22.run
Banshee AGA	3/23.run
Banzai	3/24.run
Barbarian II	3/25.run
Barbarian II	3/26.run
Barbarian	3/27.run
Barbarian	3/28.run
Bard's Tale, The: Tales of the Unknown	3/29.run
Bard's Tale II, The: The Destiny Knight	3/30.run
Bard's Tale III, The: Thief of Fate	3/31.run
Bar Games	3/32.run
Bargon Attack	3/33.run
Base Jumpers	3/34.run
Basket Island AGA Demo2	3/35.run
B.A.T.	3/36.run
B.A.T. II	3/37.run
Batman: The Caped Crusader	3/38.run
Batman Returns	3/39.run
Batman: The Movie 2Disk	3/40.run
Battle Bound	3/41.run
Battle Chess	3/42.run
Battle Chess II: Chinese Chess	3/43.run
Battle Command	3/44.run
Battle for the Ashes	3/45.run
Battlehawks 1942	3/46.run
Battle Isle	3/47.run
Battle Isle DataDisk	3/48.run
Battle Master	3/49.run
Battleships	3/50.run
Battle Squadron	3/51.run
Battlestorm	3/52.run
Battletech: The Crescent Hawk's Inception	3/53.run
Battletoads	3/54.run
Battle Valley	3/55.run
BC Kid	3/56.run
Beach Volley	3/57.run
Beam	3/58.run
Beast Busters	3/59.run
Beastlord	3/60.run
Beavers	3/61.run
Behind the Iron Gate	3/62.run
Belial	3/63.run
Beneath A Steel Sky	3/64.run
Benefactor	3/65.run
Berlin 1948	3/66.run
Best of the Best: Championship Karate	3/67.run
Betrayal	3/68.run
Better Dead Than Alien!	3/69.run
Better Maths	3/70.run
Beverly Hills Cop	3/71.run
Beyond Dark Castle	3/72.run
Beyond the Ice Palace	3/73.run
Big Business	3/74.run
Big Nose the Caveman	3/75.run
Big Run	3/76.run
Bill's Tomato Game	3/77.run
Bio Challenge	3/78.run
Bionic Commando	3/79.run
Biplane Duel	3/80.run
Birds of Prey	3/81.run
Bismarck	3/82.run
Black Cauldron, The	3/83.run
Black Crypt	3/84.run
Black Gold (reLINE)	3/85.run
Black Hornet	3/86.run
Black Lamp	3/87.run
Black Shadow	3/88.run
Black Tiger	3/89.run
Black Viper AGA	3/90.run
Blades of Steel	3/91.run
Blade Warrior	3/92.run
Blastaball	3/93.run
Blastar	3/94.run
Blasteroids	3/95.run
Blazing Thunder	3/96.run
Blinky's Scary School	3/97.run
Blob	3/98.run
Blobz AGA	3/99.run
Block Out	3/100.run
Block Shock: The Last Chance	3/101.run
Blood Money	3/102.run
BloodNet AGA	3/103.run
Bloodwych	3/104.run
Bloodwych ExtendedLevels	3/105.run
Blue Angel 69	3/106.run
Blue Angels	3/107.run
Blue Max: Aces of the Great War	3/108.run
Blues Brothers, The	3/109.run
BMX Simulator	3/110.run
Bob's Bad Day	3/111.run
Bob's Garden	3/112.run
Body Blows AGA	3/113.run
Body Blows Galactic AGA	3/114.run
Bomber Bob	3/115.run
Bomb Fusion	3/116.run
Bomb Jack	3/117.run
Bombuzal	3/118.run
Bomb'X	3/119.run
Bonanza Bros	3/120.run
Booly	3/121.run
Borobodur: The Planet of Doom	3/122.run
Borrowed Time	3/123.run
Boston Bomb Club	3/124.run
Botics	3/125.run
Boulder Dash Construction Kit	3/126.run
Brainball	3/127.run
Brain Blasters, The	3/128.run
Brain Man	3/129.run
Bram Stoker's Dracula	3/130.run
Brat	3/131.run
Brataccas	3/132.run
Breach	3/133.run
Breach 2	3/134.run
Breathless AGA	3/135.run
Brian Lara's Cricket	3/136.run
Brian Lara's Cricket 96	3/137.run
Brian the Lion AGA	3/138.run
Brides of Dracula	3/139.run
Brutal Football AGA	3/140.run
Brutal: Paws of Fury	3/141.run
Bubba 'n' Stix	3/142.run
Bubble and Squeak AGA	3/143.run
Bubble +	3/144.run
Bubble Bobble	3/145.run
Bubble Dizzy	3/146.run
Bubble Gun	3/147.run
Buck Rogers XXVc: Countdown To Doomsday	3/148.run
Budokan: The Martial Spirit	3/149.run
Buffalo Bill's Wild West Show	3/150.run
Bug Bash	3/151.run
Bugbomber	3/152.run
Buggy Boy	3/153.run
Builderland	3/154.run
Bump 'n' Burn	3/155.run
Bumpy's Arcade Fantasy	3/156.run
Bunny Bricks	3/157.run
Burger Man	3/158.run
Burning Rubber AGA	3/159.run
Burnout AGA	3/160.run
Burntime AGA	3/161.run
Butcher Hill	3/162.run
Bobo	3/163.run
Cabal	4/1.run
Cabaret Asteroids	4/2.run
Cabaret Asteroids	4/3.run
Cadaver	4/4.run
Cadaver: The Pay Off CadaverThePayoff	4/5.run
Cadaver: The Pay Off	4/6.run
Caesar	4/7.run
Calephar Image	4/8.run
California Games	4/9.run
California Games II	4/10.run
Campaign	4/11.run
Campaign DataDisk	4/12.run
Campaign II	4/13.run
Cannon Fodder	4/14.run
Cannon Fodder 2	4/15.run
Cannon Fodder 2 - Alien Levels	4/16.run
Cannon Fodder: New Campaign	4/17.run
Cannon Fodder Plus	4/18.run
Cannon Soccer	4/19.run
Capital Punishment AGA	4/20.run
Cap 'n' Carnage	4/21.run
Capone	4/22.run
Captain Blood	4/23.run
Captain Dynamo	4/24.run
Captain Fizz Meets the Blaster-Trons	4/25.run
Captain Planet and the Planeteers	4/26.run
Captive	4/27.run
Carcharodon: White Sharks	4/28.run
Cardiaxx	4/29.run
Cardiaxx	4/30.run
Carl Lewis Challenge, The	4/31.run
Carlos	4/32.run
Carnage	4/33.run
Carrier Command	4/34.run
Carthage	4/35.run
Carver	4/36.run
Car-Vup	4/37.run
Castle Kingdoms	4/38.run
Castle Master	4/39.run
Castle Master II: The Crypt	4/40.run
Castle of Dr. Brain	4/41.run
Castles	4/42.run
Castlevania	4/43.run
Castle Warrior	4/44.run
Catch 'Em	4/45.run
Cattivik	4/46.run
Cavemania	4/47.run
Cavitas	4/48.run
Cedric and the Lost Sceptre	4/49.run
Celtic Legends	4/50.run
Centerfold Squares	4/51.run
Centurion: Defender of Rome	4/52.run
Century	4/53.run
Chamber of the Sci-Mutant Priestess	4/54.run
Chambers of Shaolin	4/55.run
Champ, The	4/56.run
Champion Driver	4/57.run
Championship Golf	4/58.run
Champions of Krynn	4/59.run
Chaos Engine 2, The AGA	4/60.run
Chaos Engine, The AGA	4/61.run
Chaos in Andromeda: Eyes of the Eagle	4/62.run
Chaos Strikes Back Util	4/63.run
Charlie J. Cool AGA	4/64.run
Chase HQ	4/65.run
Chase HQ II: Special Criminal Investigation	4/66.run
Chessmaster 2000, The	4/67.run
Chess Player 2150	4/68.run
Chess Player 2150	4/69.run
Chess Simulator	4/70.run
Chicago 90	4/71.run
Chip's Challenge	4/72.run
Chip's Challenge	4/73.run
Chrome	4/74.run
Chronicles of Omega, The	4/75.run
Chrono Quest	4/76.run
Chrono Quest II	4/77.run
Chubby Gristle	4/78.run
Chuckie Egg	4/79.run
Chuckie Egg II	4/80.run
Chuck Rock	4/81.run
Chuck Rock II: Son of Chuck	4/82.run
Chuck Yeager's Advanced Flight Trainer 2.0	4/83.run
Circus Attractions 2Disk	4/84.run
Circus Games	4/85.run
Cisco Heat	4/86.run
Citadel	4/87.run
City Defence	4/88.run
Civilization AGA	4/89.run
CJ in the USA	4/90.run
CJ's Elephant Antics	4/91.run
Classic Arcadia & Baby Arcadia	4/92.run
Classic Board Games	4/93.run
Classic Pucman	4/94.run
Cliffhanger	4/95.run
Clik Clak	4/96.run
Clockwiser AGA	4/97.run
Cloud Kingdoms	4/98.run
Clown-O-Mania	4/99.run
Clue!, The AGA	4/100.run
Cluedo: Master Detective	4/101.run
Clue: Master Detective	4/102.run
COALA AGA	4/103.run
Code Name: Iceman	4/104.run
Cogans Run	4/105.run
Colonel's Bequest, The	4/106.run
Colonization AGA	4/107.run
Colony, The	4/108.run
Colorado	4/109.run
Color Buster	4/110.run
Coloris	4/111.run
Colossus Chess X	4/112.run
Combat Air Patrol	4/113.run
Combo Racer	4/114.run
Commando	4/115.run
Computer Scrabble	4/116.run
Conan the Cimmerian	4/117.run
Conflict: Europe	4/118.run
Conflict: The Middle East Political Simulator	4/119.run
Conqueror	4/120.run
Conquests of Camelot	4/121.run
Conquests of the Longbow	4/122.run
Continental Circus	4/123.run
Cool Croc Twins	4/124.run
Cool Spot	4/125.run
Cool World	4/126.run
Corporation Missions 3Disk	4/127.run
Corporation 2Disk	4/128.run
Corruption	4/129.run
Corsarios	4/130.run
Corx	4/131.run
Cosmic Bouncer	4/132.run
Cosmic Pirate	4/133.run
Cosmic Relief: Prof. Renegade to the Rescue	4/134.run
Cosmic Spacehead	4/135.run
Count Duckula	4/136.run
Cover Girl Strip Poker	4/137.run
Covert Action	4/138.run
Crack	4/139.run
Crack Down	4/140.run
Crash Garrett	4/141.run
Crazy Cars	4/142.run
Crazy Cars II	4/143.run
Crazy Cars III	4/144.run
Crazy Seasons	4/145.run
Crazy Shot	4/146.run
Crazy Sue	4/147.run
Crazy Sue ...Goes On	4/148.run
Creature	4/149.run
Creatures	4/150.run
Crime City	4/151.run
Crime Does Not Pay	4/152.run
Crime Wave	4/153.run
Croak!	4/154.run
Croak 2	4/155.run
Crossbow: The Legend of William Tell	4/156.run
CrossCheck	4/157.run
Cruise for a Corpse	4/158.run
Cruncher Factory	4/159.run
Crystal Dragon	4/160.run
Crystal Hammer	4/161.run
Crystal Hammer	4/162.run
Crystal Kingdom Dizzy	4/163.run
Crystal Palace	4/164.run
Crystals of Arborea	4/165.run
Cubix	4/166.run
Cubulus	4/167.run
Curse of Enchantia	4/168.run
Curse of RA, The	4/169.run
Curse of the Azure Bonds	4/170.run
Custodian	4/171.run
Cyber Assault	4/172.run
Cyberball	4/173.run
Cyberblast	4/174.run
Cybercon III	4/175.run
Cyber Cop	4/176.run
Cyber Empires	4/177.run
Cyber Games	4/178.run
Cybernetix	4/179.run
Cybernoid: The Fighting Machine	4/180.run
Cybernoid II: The Revenge	4/181.run
Cyberpunks	4/182.run
Cyber World	4/183.run
Cyberzerk	4/184.run
Cycles, The: International Grand Prix Racing	4/185.run
Cygnus 8	4/186.run
Cytron	4/187.run
Celica GT Rally	4/188.run
Dalek Attack	5/1.run
Daley Thompson's Olympic Challenge 2Disk	5/2.run
Damage: The Sadistic Butchering of Humanity	5/3.run
Damocles - Mercenary II	5/4.run
Dan Dare III: The Escape	5/5.run
Dangerous Streets AGA	5/6.run
Darius+	5/7.run
Dark Castle	5/8.run
Dark Century	5/9.run
Dark Fusion	5/10.run
Darkman	5/11.run
Darkmere	5/12.run
Dark Queen of Krynn, The	5/13.run
Darkseed	5/14.run
Dark Side	5/15.run
DarkSpyre	5/16.run
Das Boot	5/17.run
Datastorm	5/18.run
Dawn Patrol	5/19.run
Day Of The Pharaoh	5/20.run
Day of the Viper	5/21.run
Days of Thunder	5/22.run
D-Day: The Beginning of the End	5/23.run
Death Bringer	5/24.run
Death Bringer	5/25.run
Death Knights of Krynn	5/26.run
Death Mask AGA	5/27.run
Death Sword	5/28.run
Death Trap	5/29.run
Début: Planet Simulation	5/30.run
Deconstruction AGA	5/31.run
Deep, The	5/32.run
Deep Core	5/33.run
Deep Space	5/34.run
Defender II	5/35.run
Defender of the Crown	5/36.run
Defender	5/37.run
Defenders of the Earth	5/38.run
Deflektor	5/39.run
Deja Vu II: Lost in Las Vegas	5/40.run
Deja Vu: A Nightmare Comes True	5/41.run
Deliverance	5/42.run
Delta Command	5/43.run
Deluxe Galaga AGA	5/44.run
Deluxe Pacman AGA	5/45.run
Deluxe Strip Poker 2	5/46.run
Deluxe Strip Poker 2 DDisks	5/47.run
Demon Blue	5/48.run
Demoniak	5/49.run
Demon's Tomb: The Awakening	5/50.run
Denaris 2Disk	5/51.run
Denjoy	5/52.run
Dennis AGA	5/53.run
Dennis DennisAGA	5/54.run
Desert Strike: Return to the Gulf	5/55.run
Destroyer	5/56.run
Detonator	5/57.run
Detroit AGA	5/58.run
Deuteros	5/59.run
Devious Designs	5/60.run
D/Generation AGA	5/61.run
Dick Tracy	5/62.run
Dick Tracy: The Crime Solving Adventure	5/63.run
Die Hard 2: Die Harder	5/64.run
Digger	5/65.run
Diggers AGA	5/66.run
Dimo's Quest	5/67.run
Dinosaur Detective Agency	5/68.run
Dino Wars	5/69.run
Disc	5/70.run
Discovery: In The Steps of Columbus	5/71.run
Discovery (MicroIllusions)	5/72.run
Disposable Hero	5/73.run
Distant Armies: A Playing History of Chess	5/74.run
Ditris	5/75.run
Dizzy Collection Disk2	5/76.run
Dizzy Dice	5/77.run
Dizzy Panic	5/78.run
Dizzy: Prince of the Yolkfolk	5/79.run
Dizzy's Excellent Adventures Disk2	5/80.run
Dog Fight	5/81.run
Dogs of War	5/82.run
Dojo Dan	5/83.run
Dominator	5/84.run
Dominium	5/85.run
Donald Duck's Playground	5/86.run
Donald's Alphabet Chase	5/87.run
Donkey Kong	5/88.run
Donk!: The Samurai Duck! AGA	5/89.run
Doodlebug	5/90.run
Doofus	5/91.run
Double Agent	5/92.run
Double Dragon	5/93.run
Double Dragon II: The Revenge	5/94.run
Double Dragon 3: The Rosetta Stone	5/95.run
Double Dribble	5/96.run
Downhill Challenge	5/97.run
Dragon Breed	5/98.run
Dragon Fighter	5/99.run
Dragonflight	5/100.run
Dragons Breath	5/101.run
DragonScape	5/102.run
Dragon's Kingdom Demo	5/103.run
Dragon's Lair	5/104.run
Dragon's Lair SLOW	5/105.run
Dragon's Lair II: Time Warp	5/106.run
Dragon's Lair III: The Curse of Mordread	5/107.run
Dragon's Lair: Escape from Singe's Castle SLOW	5/108.run
Dragon Spirit	5/109.run
Dragonstone	5/110.run
Dragon Strike	5/111.run
Dragon Tiles II: The Tournament	5/112.run
Dragon Tiles AGA	5/113.run
Dragon Wars	5/114.run
Drakkhen Image	5/115.run
Dr. Doom's Revenge! 1Disk	5/116.run
DreamWeb AGA	5/117.run
Dream Zone	5/118.run
Dr. Fruit	5/119.run
Driller	5/120.run
Drip	5/121.run
Drivin' Force	5/122.run
Dr. Mario	5/123.run
Duck Tales: The Quest for Gold	5/124.run
Dugger	5/125.run
Dune	5/126.run
Dune II: The Battle for Arrakis	5/127.run
Dungeon Master	5/128.run
Dungeon Master II: The Legend of Skullkeep AGA	5/129.run
Dungeon Quest	5/130.run
Dungeons of Avalon	5/131.run
Dungeons of Avalon II: The Island of Darkness	5/132.run
Dux	5/133.run
Dylan Dog: The Murderers	5/134.run
Dyna Blaster	5/135.run
Dynamite Düx	5/136.run
Dynasty Wars	5/137.run
Dyter-07	5/138.run
Do! Run Run Image	5/139.run
Eagle's Rider	6/1.run
EbonStar	6/2.run
Eco	6/3.run
Eco Phantoms	6/4.run
Edd the Duck!	6/5.run
Edd The Duck 2: Back with a Quack!	6/6.run
Electronic Pool	6/7.run
Elfmania	6/8.run
Elf	6/9.run
Elf	6/10.run
Eliminator	6/11.run
Elite	6/12.run
Elite Advanced	6/13.run
Elvira: Mistress of the Dark	6/14.run
Elvira II: The Jaws of Cerberus	6/15.run
Elvira: The Arcade Game	6/16.run
Embryo	6/17.run
Emerald Mine	6/18.run
Emerald Mine II	6/19.run
Emerald Mine 3 Professional	6/20.run
Emlyn Hughes International Soccer	6/21.run
Emmanuelle	6/22.run
E-Motion	6/23.run
Empire Soccer 94	6/24.run
Enchanted Land	6/25.run
Encounter	6/26.run
Enemy 2: Missing in Action	6/27.run
Enemy: Tempest of Violence	6/28.run
Enemy: Tempest of Violence	6/29.run
Enforcer, The	6/30.run
England Championship Special	6/31.run
Enlightenment: Druid II	6/32.run
Entity Intro	6/33.run
Epic	6/34.run
Epic MissionDisk	6/35.run
Erik	6/36.run
Escape from Colditz	6/37.run
Escape from the Planet of the Robot Monsters	6/38.run
Eskimo Games	6/39.run
España: The Games '92	6/40.run
ESWAT	6/41.run
E.T.'s Rugby League	6/42.run
European Championship 1992	6/43.run
European Champions	6/44.run
European Football Champ	6/45.run
Euro Soccer	6/46.run
Evil Dawn	6/47.run
Evil's Doom AGA Demo	6/48.run
Excalibur	6/49.run
Executioner, The	6/50.run
Exile	6/51.run
Exolon	6/52.run
Extase	6/53.run
Exterminator	6/54.run
Extrial	6/55.run
Eye	6/56.run
Eye of Horus, The	6/57.run
Eye of the Beholder	6/58.run
Eye of the Beholder II: The Legend of Darkmoon	6/59.run
Eye of the Storm Intro	6/60.run
Federation Quest 1: BSS Jane Seymour	7/1.run
F1	7/2.run
F-15 Strike Eagle II	7/3.run
F-16 Combat Pilot	7/4.run
F17 Challenge	7/5.run
F-19 Stealth Fighter	7/6.run
F1 Tornado	7/7.run
F1 World Championship Edition	7/8.run
F29 Retaliator	7/9.run
F40 Pursuit Simulator	7/10.run
F/A-18 Interceptor	7/11.run
Face Off	7/12.run
Faery Tale Adventure, The	7/13.run
Falcon	7/14.run
Falcon MissionDisk	7/15.run
Fallen Angel	7/16.run
Fantastic Dizzy	7/17.run
Fantastic Voyage	7/18.run
Fantasy Flyer AGA	7/19.run
Fantasy World Dizzy	7/20.run
Fascination	7/21.run
Fast Break	7/22.run
Fast Break	7/23.run
Fast Food!	7/24.run
Fast Food!	7/25.run
Fast Lane! The Spice Engineering Challenge	7/26.run
Fatal Mission	7/27.run
Fate: Gates of Dawn	7/28.run
Fatman: The Caped Consumer AGA	7/29.run
Fears AGA	7/30.run
Federation of Free Traders	7/31.run
Femme Fatale	7/32.run
Femme Fatale DataDisk	7/33.run
Fernandez Must Die	7/34.run
Ferrari Formula One	7/35.run
Feud	7/36.run
Fidelity Chessmaster 2100, The	7/37.run
Fiendish Freddy's Big Top o' Fun	7/38.run
FIFA International Soccer	7/39.run
Fighter Bomber	7/40.run
Fighter Bomber	7/41.run
Fighter Duel Pro	7/42.run
Fighting Soccer NTSC	7/43.run
Fightin' Spirit AGA	7/44.run
Final Assault	7/45.run
Final Battle, The	7/46.run
Final Blow	7/47.run
Final Countdown	7/48.run
Final Fight 512K	7/49.run
Fire and Brimstone	7/50.run
Fire & Forget	7/51.run
Fire & Forget II: The Death Convoy	7/52.run
Fire and Ice	7/53.run
Fire and Ice Demo	7/54.run
Fire and Brimstone	7/55.run
Fireblaster	7/56.run
Fire Force	7/57.run
Firehawk	7/58.run
Firepower	7/59.run
Firestar	7/60.run
First Contact	7/61.run
First Samurai, The	7/62.run
Fish!	7/63.run
Fist Fighter	7/64.run
Five-A-Side Soccer	7/65.run
Flashback	7/66.run
Flight of the Amazon Queen	7/67.run
Flight of the Intruder	7/68.run
Flight Path 737	7/69.run
Flight Simulator II SceneryDisk07	7/70.run
Flight Simulator II SceneryDisk09	7/71.run
Flight Simulator II SceneryDisk11	7/72.run
Flight Simulator II SceneryDisk12	7/73.run
Flight Simulator II SceneryDisk13	7/74.run
Flight Simulator II SceneryDisk14	7/75.run
Flight Simulator II	7/76.run
Flight Simulator II FlightSim2 Hawaiian	7/77.run
Flimbo's Quest	7/78.run
Flintstones, The	7/79.run
Flip Flop	7/80.run
Flip-it & Magnose: Water Carriers from Mars	7/81.run
Flood	7/82.run
Floor 13	7/83.run
Fly Fighter highs	7/84.run
Fly Harder	7/85.run
Flying Shark	7/86.run
Fool's Errand, The	7/87.run
Footballer of the Year 2	7/88.run
Football Glory AGA	7/89.run
Football Manager 2	7/90.run
Football Manager: World Cup Edition	7/91.run
Forgotten Mine	7/92.run
Forgotten Worlds	7/93.run
Formula 1 Grand Prix	7/94.run
Formula One Grand Prix 4Disk	7/95.run
Foundation's Waste	7/96.run
Frankenstein	7/97.run
Frantic Freddie	7/98.run
Freak Out	7/99.run
Freedom: Rebels in the Darkness	7/100.run
Frenetic	7/101.run
Fright Night	7/102.run
Frontier: Elite II	7/103.run
Frost Byte	7/104.run
Full Contact	7/105.run
Full Metal Planete Image	7/106.run
Fury of the Furries	7/107.run
Fusion	7/108.run
Future Basketball	7/109.run
Future Bike Simulator	7/110.run
Future Classics Collection	7/111.run
Future Shock	7/112.run
Future Tank	7/113.run
Future Wars: Time Travellers	7/114.run
Fuzzball Intro	7/115.run
Fetiche Maya, Le	7/116.run
F-117A Nighthawk Stealth Fighter 2.0	7/117.run
Gadget: Lost in Time	8/1.run
Gainforce	8/2.run
Galactic Conqueror	8/3.run
Galactic Empire	8/4.run
Galactic: The Xmas Edition 1MB	8/5.run
Galactic Warrior Rats	8/6.run
Galaga '92	8/7.run
Galaxy '89	8/8.run
Galaxy Blast	8/9.run
Galaxy Force II	8/10.run
Galdregon's Domain	8/11.run
Game of Harmony, The	8/12.run
Ganymed	8/13.run
Garfield: Winter's Tail	8/14.run
Garfield: Big, Fat, Hairy Deal	8/15.run
Garrison	8/16.run
Garrison II: The Legend Continues	8/17.run
Gary Lineker's Hot Shot	8/18.run
Gateway to the Savage Frontier	8/19.run
Gauntlet II	8/20.run
Gauntlet III: The Final Quest	8/21.run
Gazza II	8/22.run
GBA Championship Basketball	8/23.run
Gear Works	8/24.run
GeeBee Air Rally	8/25.run
Geisha	8/26.run
Gemini Wing	8/27.run
Gem Stone Legend	8/28.run
Gem'X	8/29.run
Genesia	8/30.run
Gettysburg	8/31.run
Ghost Battle	8/32.run
Ghostbusters II	8/33.run
Ghost Chaser	8/34.run
Ghosts 'n Goblins	8/35.run
Ghouls 'n Ghosts	8/36.run
Giddy II: Hero in an Egg Shell	8/37.run
Giganoid	8/38.run
Gladiators	8/39.run
Global Gladiators	8/40.run
Global Trek	8/41.run
Globdule	8/42.run
Globulus	8/43.run
G-LOC R360	8/44.run
Gloom AGA	8/45.run
G.Nius	8/46.run
Gnome Alone	8/47.run
Gnome Ranger	8/48.run
Goal!	8/49.run
Gobliiins	8/50.run
Gobliins 2: The Prince Buffoon	8/51.run
Goblins 3	8/52.run
Godfather, The	8/53.run
Gods	8/54.run
Golden Axe	8/55.run
Golden Eagle Intro	8/56.run
Golden Path	8/57.run
Gold of the Aztecs, The	8/58.run
Goldrunner	8/59.run
Goldrunner II	8/60.run
Goldrunner II SceneryDisk	8/61.run
Gold Rush!	8/62.run
Goofy's Railway Express	8/63.run
Graeme Souness Soccer Manager	8/64.run
Graeme Souness Vector Soccer	8/65.run
Graham Gooch's Second Innings	8/66.run
Graham Gooch World Class Cricket	8/67.run
Graham Gooch World Class Cricket Test Match Special Edition	8/68.run
Grand Monster Slam	8/69.run
Grand Prix Circuit	8/70.run
Grand Prix Master	8/71.run
Granny's Garden	8/72.run
Gravity	8/73.run
Gravity-Force	8/74.run
Great Courts	8/75.run
Great Courts 2	8/76.run
Great Giana Sisters, The	8/77.run
Gremlins 2: The New Batch	8/78.run
Gridiron!	8/79.run
Grid Start	8/80.run
Graham Taylors Soccer Challenge	8/81.run
Guardian Angel, The	8/82.run
Guild of Thieves, The	8/83.run
Guldkorn Expressen DK 512KB	8/84.run
Gunboat	8/85.run
Gunship	8/86.run
Gunship 2000 AGA	8/87.run
Gunshoot	8/88.run
Guy Spy and the Crystals of Armageddon	8/89.run
Grid Runner	8/90.run
Greg Norman's Ultimate Golf	8/91.run
Hacker	9/1.run
Hacker II: The Doomsday Papers	9/2.run
Hägar	9/3.run
Halley Project, The: A Mission In Our Solar System	9/4.run
Hammer Boy	9/5.run
Hammerfist	9/6.run
Harald Hårdtand: Kampen om de Rene Tænder DK	9/7.run
Hardball!	9/8.run
Hardball II	9/9.run
Hard Drivin'	9/10.run
Hard Drivin'	9/11.run
Hard 'n' Heavy	9/12.run
Harlequin 512KB	9/13.run
Harley-Davidson	9/14.run
Harpoon & Battleset 1: Greenland - Iceland - United Kingdom Gap	9/15.run
Harpoon Battleset 2: North Atlantic Convoys	9/16.run
Harpoon Battleset 3: The Mediterranean Conflict	9/17.run
Harpoon Battleset 4: The Indian Ocean	9/18.run
Harrier Combat Simulator	9/19.run
H.A.T.E.: Hostile All Terrain Encounter	9/20.run
Hawkeye	9/21.run
Head Over Heels	9/22.run
Heart of China	9/23.run
Heart of the Dragon 4Disk	9/24.run
Heavy Metal	9/25.run
Heavy Metal Heroes	9/26.run
Heimdall	9/27.run
Heimdall 2: Into the Hall of Worlds AGA	9/28.run
Hellbent	9/29.run
Hellfire Attack	9/30.run
Hellraider	9/31.run
Hell Raisers	9/32.run
Helter Skelter	9/33.run
Heroes of the Lance	9/34.run
HeroQuest	9/35.run
HeroQuest	9/36.run
HeroQuest II: Legacy of Sorasil	9/37.run
Hero's Quest	9/38.run
High Seas Trader AGA	9/39.run
High Steel	9/40.run
Highway Hawks	9/41.run
Highway Patrol II	9/42.run
Hillsfar	9/43.run
Hill Street Blues	9/44.run
Hilt: Against the Hoardes	9/45.run
Hilt II	9/46.run
Hired Guns 512KB	9/47.run
Historyline 1914-1918	9/48.run
Hole-In-One	9/49.run
Hole-In-One DataDisk	9/50.run
Hollywood Poker	9/51.run
Hollywood Poker Pro	9/52.run
Hong Kong Phooey	9/53.run
Hook	9/54.run
Horror Zombies from the Crypt	9/55.run
Hostages	9/56.run
Hostile Breed	9/57.run
Hot Rod	9/58.run
Hot Rubber	9/59.run
Hotshot	9/60.run
Hound of Shadow, The	9/61.run
Huckleberry Hound in Hollywood Capers	9/62.run
Hudson Hawk	9/63.run
Hugo på nye Eventyr DK	9/64.run
Hugo på nye Eventyr Del 2 DK	9/65.run
Human Killing Machine	9/66.run
Humans, The	9/67.run
Humans 2: The Jurassic Levels	9/68.run
Humans III: Evolution Lost in Time... AGA	9/69.run
Hunter	9/70.run
Hunt for Red October, The	9/71.run
Hybris	9/72.run
Hydra	9/73.run
Hyperdome	9/74.run
Hyperion	9/75.run
Holiday Lemmings 1993	9/76.run
Holiday Lemmings 1994	9/77.run
Holiday Lemmings 1994 Demo	9/78.run
Hero's Quest: So You Want To Be A Hero	9/79.run
Ian Botham's Cricket	10/1.run
Ice Runner	10/2.run
Ikari Warriors	10/3.run
Ilyad	10/4.run
Immortal, The	10/5.run
Impact!	10/6.run
Impact!	10/7.run
Imperium	10/8.run
Impossamole	10/9.run
Impossible Mission II	10/10.run
Impossible Mission 2025: The Special Edition AGA	10/11.run
Incredible Crash Dummies, The	10/12.run
Indiana Jones and the Fate of Atlantis	10/13.run
Indiana Jones and the Fate of Atlantis	10/14.run
Indiana Jones and the Last Crusade	10/15.run
Indiana Jones and the Last Crusade	10/16.run
Indiana Jones and the Temple of Doom	10/17.run
Indianapolis 500	10/18.run
Indigo Image	10/19.run
Indoor Sports: Volume 1	10/20.run
Indy Heat	10/21.run
Inertia Drive	10/22.run
Infection	10/23.run
Infestation	10/24.run
Ingrid's Back!	10/25.run
Innocent Until Caught	10/26.run
Insanity Fight	10/27.run
Insector Hecti in the Interchange	10/28.run
Insects in Space	10/29.run
Intact 512KB	10/30.run
International 3D Tennis	10/31.run
International Ice Hockey	10/32.run
IK+	10/33.run
International Ninja Rabbits	10/34.run
International Soccer	10/35.run
International Tennis	10/36.run
International Truck Racing	10/37.run
Interphase	10/38.run
Into the Eagle's Nest	10/39.run
International Sports Challenge	10/40.run
Invasion	10/41.run
Iron Lord	10/42.run
Iron Trackers	10/43.run
Ishar 2: Messengers of Doom AGA	10/44.run
Ishar 3: The Seven Gates of Infinity AGA	10/45.run
Ishar: Legend of the Fortress AGA	10/46.run
Ishidó: The Way of Stones	10/47.run
Island of Lost Hope, The	10/48.run
ISS: Incredible Shrinking Sphere	10/49.run
Italy 1990	10/50.run
Italy 1990	10/51.run
Italy 1990: Winners Edition	10/52.run
It Came from the Desert	10/53.run
Ivanhoe	10/54.run
Ivan 'Ironman' Stewart's Super Off Road	10/55.run
Italy '90 Soccer	10/56.run
Jaguar XJ220 Image	11/1.run
Jahangir Khan's World Championship Squash	11/2.run
James Bond: The Stealth Affair	11/3.run
James Pond: Underwater Agent	11/4.run
James Pond 2: Codename RoboCod AGA	11/5.run
James Pond 3: Operation Starfish AGA	11/6.run
Jaws	11/7.run
Jet	11/8.run
Jet Hawaiian	11/9.run
Jet SceneryDisk07	11/10.run
Jet SceneryDisk09	11/11.run
Jet SceneryDisk11	11/12.run
Jet SceneryDisk12	11/13.run
Jet SceneryDisk13	11/14.run
Jet SceneryDisk14	11/15.run
Jet Set Willy II	11/16.run
Jetsons: The Computer Game	11/17.run
Jetstrike Intro AGA	11/18.run
Jewels of Darkness	11/19.run
Jimmy's Fantastic Journey	11/20.run
Jimmy White's Whirlwind Snooker	11/21.run
Jim Power in Mutant Planet	11/22.run
Jinks	11/23.run
Jinxter	11/24.run
Jocky Wilson's Darts Challenge	11/25.run
Joe & Mac: Caveman Ninja	11/26.run
Joe Blade	11/27.run
Joe Blade 2	11/28.run
John Barnes European Football	11/29.run
John Lowe's Ultimate Darts	11/30.run
John Madden Football	11/31.run
Journey	11/32.run
Jouster 3	11/33.run
Judge Dredd	11/34.run
Jug	11/35.run
Jumping Jack'son	11/36.run
Jump'n Roll	11/37.run
Jungle Strike 1MB	11/38.run
Junior Typist	11/39.run
Jupiter Probe	11/40.run
Jupiter's Masterdrive	11/41.run
Jurassic Park AGA	11/42.run
K240	12/1.run
Kajko i Kokosz	12/2.run
Kamikaze	12/3.run
Karate Kid Part II, The	12/4.run
Karate King CityDefence CityDefense	12/5.run
Karting Grand Prix	12/6.run
Katakis 2Disk	12/7.run
Keef the Thief	12/8.run
Kelly X	12/9.run
Kennedy Approach	12/10.run
Keys to Maramon, The	12/11.run
KGB	12/12.run
Khalaan	12/13.run
Kick Off	12/14.run
Kick Off ExtraTime 2Disk	12/15.run
Kick Off 2	12/16.run
Kick Off 2	12/17.run
Kick Off 2: The Final Whistle	12/18.run
Kick Off 2	12/19.run
Kick Off 2: Return to Europe	12/20.run
Kick Off 3	12/21.run
Kick Off 3: European Challenge	12/22.run
Kick Off 3 European Challenge AGA	12/23.run
Kick Off 96	12/24.run
Kid Chaos	12/25.run
Kid Gloves	12/26.run
Kid Gloves II	12/27.run
Kikstart II	12/28.run
Kikugi	12/29.run
Killerball	12/30.run
Killing Cloud, The	12/31.run
Killing Game Show, The	12/32.run
Killing Machine	12/33.run
Kingmaker: The Quest for the Crown	12/34.run
King of Chicago, The	12/35.run
Kingpin: Arcade Sports Series Bowling	12/36.run
King's Quest	12/37.run
King's Quest II	12/38.run
King's Quest III: To Heir is Human	12/39.run
King's Quest IV	12/40.run
King's Quest V	12/41.run
King's Quest VI	12/42.run
King's Quest: Quest for the Crown	12/43.run
Kiro's Quest	12/44.run
Klax	12/45.run
Knight Force	12/46.run
Knightmare	12/47.run
Knight Orc	12/48.run
Knights of the Crystallion	12/49.run
Knights of the Sky	12/50.run
Kristal, The	12/51.run
Krusty's Super Fun House	12/52.run
Krypton Egg	12/53.run
Kult	12/54.run
Kwasimodo	12/55.run
Kwik Snax	12/56.run
King's Table: The Legend of Ragnarok	12/57.run
Labyrinth DK	13/1.run
Lamborghini American Challenge	13/2.run
Lancelot	13/3.run
Laser Squad	13/4.run
Last Action Hero	13/5.run
Last Battle	13/6.run
Last Duel	13/7.run
Last Ninja 2	13/8.run
Last Ninja 3	13/9.run
Leader Board	13/10.run
Leader Board Tournament	13/11.run
Leading Lap MPV AGA	13/12.run
Leander	13/13.run
Leatherneck	13/14.run
Leavin' Teramis	13/15.run
LED Storm	13/16.run
Legacy TheGame	13/17.run
Legend	13/18.run
Legend of Djel	13/19.run
Legend of Faerghail	13/20.run
Legend of Kyrandia	13/21.run
Legend of the Lost	13/22.run
Legend of the Sword	13/23.run
Legends AGA	13/24.run
Legends of Valour	13/25.run
Leisure Suit Larry	13/26.run
Leisure Suit Larry 2	13/27.run
Leisure Suit Larry 3	13/28.run
Leisure Suit Larry 5: Passionate Patti does a Little Undercover Work	13/29.run
Leisure Suit Larry in the Land of the Lounge Lizards	13/30.run
Lemmings 2: The Tribes 512KB	13/31.run
Lemmings Image	13/32.run
Leonardo	13/33.run
Leonardo	13/34.run
Les Manley in Search for the King	13/35.run
Lethal Weapon	13/36.run
Lethal Xcess	13/37.run
Lethal Zone	13/38.run
Leviathan	13/39.run
Licence to Kill	13/40.run
Life & Death	13/41.run
Light Corridor, The	13/42.run
Limes & Napoleon	13/43.run
Line of Fire	13/44.run
Links: The Challenge of Golf	13/45.run
Links: The Challenge of Golf DataDisk	13/46.run
Lionheart	13/47.run
Lion King, The AGA	13/48.run
Liquid Kids Image	13/49.run
Little Computer People	13/50.run
Little Puff in Dragonland	13/51.run
Live and Let Die SpaceHarrier	13/52.run
Live and Let Die	13/53.run
Livingstone II	13/54.run
Llamatron: 2112 512KB	13/55.run
Locomotion	13/56.run
Logical	13/57.run
Logo	13/58.run
Lollypop	13/59.run
Lombard RAC Rally 2Disk	13/60.run
Loom Kick31	13/61.run
Loopz	13/62.run
Lords of Chaos	13/63.run
Lords of Chaos DataDisk	13/64.run
Lords of Doom	13/65.run
Lords of the Realm AGA	13/66.run
Lords of the Rising Sun	13/67.run
Lords of Time	13/68.run
Lords of War	13/69.run
Lorna	13/70.run
Lost Dutchman Mine	13/71.run
Lost in Mine	13/72.run
Lost Patrol, The	13/73.run
Lost Vikings, The	13/74.run
Lothar Matthäus	13/75.run
Lotus Esprit Turbo Challenge	13/76.run
Lotus Turbo Challenge 2	13/77.run
Lotus III: The Ultimate Challenge	13/78.run
Lupo Alberto	13/79.run
Lure of the Temptress	13/80.run
Luxor	13/81.run
M1 Tank Platoon	14/1.run
Mach 3	14/2.run
Mad Professor Mariarti	14/3.run
Mad Show	14/4.run
Mad TV	14/5.run
Mafdet and the Book of the Dead	14/6.run
Magic Boy	14/7.run
Magic Fly 512KB	14/8.run
Magician, The	14/9.run
Magic Johnson's Basketball	14/10.run
Magicland Dizzy	14/11.run
Magic Lines	14/12.run
Magic Marble	14/13.run
Magic Pockets	14/14.run
Magnatron	14/15.run
Major Motion	14/16.run
Manchester United	14/17.run
Manchester United Europe	14/18.run
Manchester United Europe	14/19.run
Manchester United Europe	14/20.run
Manchester United: Premier League Champions	14/21.run
Manchester United: The Double	14/22.run
Manchester United: Premier League Champions Data	14/23.run
Man from the Council, The	14/24.run
Manhattan Dealers	14/25.run
Manhunter: New York	14/26.run
Manhunter 2: San Francisco	14/27.run
Maniac Mansion	14/28.run
Maniax	14/29.run
Manic Miner	14/30.run
Manix	14/31.run
Marble Madness	14/32.run
Maria's Xmas Box	14/33.run
Marvin's Marvellous Adventure AGA	14/34.run
Master Axe: The Genesis of MysterX AGA	14/35.run
Master Blaster	14/36.run
Masterblazer	14/37.run
Match of the Day	14/38.run
Matrix Marauders	14/39.run
Maupiti Island	14/40.run
Max Rally	14/41.run
Mayday Squad	14/42.run
McDonald Land	14/43.run
Mean Arenas	14/44.run
Mean Machine	14/45.run
Mean Streets	14/46.run
Megaball AGA	14/47.run
Mega lo Mania	14/48.run
Mega Motion	14/49.run
Mega Phoenix	14/50.run
Mega Twins	14/51.run
Mega Typhoon	14/52.run
Menace	14/53.run
Mental Image Game Disk Image2	14/54.run
Mercenary I: Escape from Targ and the Second City	14/55.run
Mercenary III: The Dion Crisis	14/56.run
Mercs	14/57.run
Merv the Merciless	14/58.run
Metal Law	14/59.run
Metal Masters Intro	14/60.run
Metal Mutant	14/61.run
Metal Warrior	14/62.run
MF Tanks	14/63.run
Miami Chase	14/64.run
Mickey Mouse	14/65.run
Mickey's ABC's: A Day at the Fair	14/66.run
Mickey's Jigsaw Puzzles	14/67.run
Mickey's Memory Challenge	14/68.run
Microbes	14/69.run
Micro Machines	14/70.run
MicroProse Golf	14/71.run
MicroProse Soccer	14/72.run
Midnight Resistance	14/73.run
Midwinter	14/74.run
Midwinter II: Flames of Freedom	14/75.run
MiG-29 Fulcrum	14/76.run
MiG-29M Super Fulcrum	14/77.run
MIG-29 Soviet Fighter	14/78.run
Might and Magic II: Gates to Another World	14/79.run
Might and Magic III: Isles of Terra	14/80.run
Mighty Bombjack	14/81.run
Mike Read's Computer Pop Quiz	14/82.run
Mikro Mortal Tennis	14/83.run
Millennium 2.2	14/84.run
Mindbender	14/85.run
Mindfighter	14/86.run
Mindroll	14/87.run
Mindshadow	14/88.run
Mind Walker	14/89.run
Mini Golf	14/90.run
Mini Golf Plus	14/91.run
Minskies ... The Abduction AGA	14/92.run
Missiles over Xerion AGA	14/93.run
Mission Elevator	14/94.run
Moebius	14/95.run
Monkey Island 2: LeChuck's Revenge	14/96.run
Monster Business	14/97.run
Moochies, The	14/98.run
MoonFall	14/99.run
Moonshine Racers	14/100.run
Moonstone: A Hard Days Knight	14/101.run
Moonwalker	14/102.run
Morph AGA	14/103.run
Mortal Kombat	14/104.run
Mortal Kombat II 1MB	14/105.run
Morton Strikes Back AGA	14/106.run
Mortville Manor	14/107.run
Mot	14/108.run
Motorbike Madness	14/109.run
Motörhead	14/110.run
Motor Massacre	14/111.run
MouseQuest	14/112.run
Mousetrap	14/113.run
Monty Python's Flying Circus	14/114.run
Mr Blobby	14/115.run
Mr. HELI	14/116.run
Mr. Men Olympics, The	14/117.run
Mr. Nutz	14/118.run
M.U.D.S.	14/119.run
Multi Player Soccer Manager	14/120.run
Munsters, The	14/121.run
Murder	14/122.run
Murders in Space Image	14/123.run
Mysterious Worlds	14/124.run
Mystery of the Mummy	14/125.run
Mystical	14/126.run
Myth	14/127.run
MYTH: History in the Making	14/128.run
Nam 1965-1975	15/1.run
Narc	15/2.run
Narco Police	15/3.run
Naughty Ones AGA	15/4.run
Navy Moves	15/5.run
Navy Seals	15/6.run
Nebulus	15/7.run
Nebulus 2	15/8.run
Necronom	15/9.run
Neighbours	15/10.run
Netherworld	15/11.run
Neuromancer	15/12.run
Neuronics	15/13.run
Neverending Story II, The	15/14.run
Nevermind	15/15.run
New Year Lemmings 1991/92	15/16.run
New York Warriors	15/17.run
Newzealand Story, The	15/18.run
Nick Faldo's Championship Golf	15/19.run
Nicky II	15/20.run
Nicky Boom	15/21.run
Nigel Mansell's Grand Prix	15/22.run
Nigel Mansell's World Championship AGA	15/23.run
Nightbreed: The Action Game	15/24.run
Night Breed: The Interactive Movie	15/25.run
Nightdawn	15/26.run
Night Hunter	15/27.run
Night Shift	15/28.run
Ninja Mission	15/29.run
Ninja Mission	15/30.run
Ninja Rabbits	15/31.run
Ninja Remix	15/32.run
Ninja Spirit	15/33.run
Ninja Warriors, The	15/34.run
Nippon Safes Inc.	15/35.run
Nitro	15/36.run
Nitro Boost Challenge	15/37.run
Nobby the Aardvark	15/38.run
No Buddies Land	15/39.run
No Excuses	15/40.run
No Exit	15/41.run
North & South Image	15/42.run
No Second Prize	15/43.run
Not Very Festive Fodder	15/44.run
Nova 9: The Return of Gir Draxon	15/45.run
Nuclear War	15/46.run
Nucleus	15/47.run
Nuxelia AGA Demo	15/48.run
Oath, The	16/1.run
Obitus	16/2.run
Obliterator	16/3.run
Oblivion	16/4.run
Obsession	16/5.run
Odyssey	16/6.run
Off Shore Warrior	16/7.run
Ogre	16/8.run
Oh No! More Lemmings	16/9.run
Oil Imperium	16/10.run
Oktagon	16/11.run
Omega	16/12.run
Omnicron Conspiracy	16/13.run
One on One	16/14.run
One Step Beyond	16/15.run
Onslaught	16/16.run
Ooops Up	16/17.run
Ooze	16/18.run
Operation: Cleanstreets	16/19.run
Operation Combat II: By Land, Sea & Air	16/20.run
Operation Firestorm	16/21.run
Operation GII Demo	16/22.run
Operation Harrier	16/23.run
Operation Neptune	16/24.run
Operation Stealth	16/25.run
Operation Thunderbolt	16/26.run
Operation Wolf	16/27.run
Orbital Destroyer	16/28.run
Oriental Games	16/29.run
Ork	16/30.run
Ork Attack: The Return	16/31.run
Oscar AGA	16/32.run
OsWALD of the Ice Floes	16/33.run
Out of this World	16/34.run
Out Run Europa	16/35.run
Out Run	16/36.run
Out Run	16/37.run
Outzone	16/38.run
Overdrive	16/39.run
Overdrive	16/40.run
Overdrive	16/41.run
Overkill AGA	16/42.run
Overlander	16/43.run
Overlord	16/44.run
Overlord	16/45.run
Over the Net	16/46.run
Oxxonian	16/47.run
P47 Thunderbolt	17/1.run
Pacific Islands	17/2.run
Pac-Land	17/3.run
Pac-Mania	17/4.run
Paladin	17/5.run
Paladin 2	17/6.run
Pandora	17/7.run
Pang	17/8.run
Pango	17/9.run
Panza Kick Boxing	17/10.run
Paperboy	17/11.run
Paperboy 2	17/12.run
Paradise Lost	17/13.run
Paradroid 90 512KB	17/14.run
Paragliding Simulation	17/15.run
Paramax	17/16.run
Parasol Stars: The Story of Rainbow Islands II	17/17.run
Passing Shot	17/18.run
Patrician, The	17/19.run
Pawn, The	17/20.run
Pegasus	17/21.run
Penthouse Hot Numbers	17/22.run
Perihelion	17/23.run
Persian Gulf Inferno, The	17/24.run
Personal Nightmare	17/25.run
Peter Beardsley's International Football	17/26.run
Peter Schmeichel Soccer	17/27.run
PGA European Tour AGA	17/28.run
PGA Tour Golf	17/29.run
PGA Tour Golf TourDisk	17/30.run
Phalanx	17/31.run
Phantasie	17/32.run
Phantasie III: The Wrath of Nikademus	17/33.run
Phantom Fighter	17/34.run
Pharaoh's Curse	17/35.run
Pharaohs Match	17/36.run
Phobia	17/37.run
Photon Storm	17/38.run
Pick 'n Pile	17/39.run
Pierre Le Chef is... Out to Lunch AGA	17/40.run
Pinball Dreams	17/41.run
Pinball Fantasies AGA	17/42.run
Pinball Hazard	17/43.run
Pinball Illusions AGA	17/44.run
Pinball Magic	17/45.run
Pinball Mania AGA	17/46.run
Pinball Prelude AGA	17/47.run
Pinball Wizard	17/48.run
Pinkie	17/49.run
Pink Panther	17/50.run
Pinomania	17/51.run
Pipe Dream	17/52.run
Pipeline	17/53.run
Pipeline	17/54.run
Pipe Mania	17/55.run
Pirates!	17/56.run
Pit-Fighter	17/57.run
Pixie and Dixie	17/58.run
Plague, The	17/59.run
Plan 9 from Outer Space	17/60.run
Platoon	17/61.run
Player Manager	17/62.run
Player Manager 2	17/63.run
Player Manager 2 Extra AGA	17/64.run
Plotting	17/65.run
Plutos	17/66.run
Pod	17/67.run
Police Quest	17/68.run
Police Quest II	17/69.run
Police Quest III: The Kindred	17/70.run
Pong	17/71.run
Pool	17/72.run
Pool of Radiance	17/73.run
Pools of Darkness	17/74.run
Popeye 2	17/75.run
Populous	17/76.run
Populous DataDisk	17/77.run
Populous II: Trials of the Olympian Gods	17/78.run
Populous II: Trials of the Olympian Gods ChallengeGames	17/79.run
Populous World Editor	17/80.run
Portal	17/81.run
Ports of Call	17/82.run
Postman Pat	17/83.run
P.O.W.	17/84.run
Power, The	17/85.run
Power Drift	17/86.run
Power Drive	17/87.run
Powerdrome	17/88.run
PowerMonger	17/89.run
Powermonger WW1 Edition	17/90.run
Power Pinball	17/91.run
Powerplay: The Game of the Gods	17/92.run
Power Styx	17/93.run
P.P. Hammer	17/94.run
Predator	17/95.run
Predator 2	17/96.run
Prehistorik	17/97.run
Premiere	17/98.run
Premier Manager	17/99.run
Premier Manager II	17/100.run
Premier Manager 3 AGA	17/101.run
Premier Manager 3 Deluxe	17/102.run
Primal Rage AGA	17/103.run
Prime Mover	17/104.run
Prince	17/105.run
Prince of Persia	17/106.run
Prison	17/107.run
Pro Boxing Simulator	17/108.run
Project-X	17/109.run
Project-X	17/110.run
Project-X Special Edition 93	17/111.run
Project-X Special Edition 93	17/112.run
Project-X	17/113.run
Projectyle	17/114.run
Prophecy I: The Viking Child	17/115.run
Pro Powerboat Simulator	17/116.run
ProSoccer 2190	17/117.run
Prospector in the Mazes of Xor	17/118.run
Pro Tennis Simulator Image	17/119.run
Pro Tennis Tour	17/120.run
Pro Tennis Tour 2	17/121.run
Psyborg	17/122.run
Psycho Santa	17/123.run
Pub Trivia Simulator	17/124.run
Puffy's Saga	17/125.run
Puggsy	17/126.run
Pulsator AGA Demo	17/127.run
Purple Saturn Day	17/128.run
Pushover	17/129.run
Putty	17/130.run
Putty Squad AGA	17/131.run
Puzznic	17/132.run
Pyramax	17/133.run
Putty	17/134.run
Q-Bic	18/1.run
Qix	18/2.run
Quadralien	18/3.run
Quadrel	18/4.run
Quartz	18/5.run
Quest for Glory II: Trial by Fire	18/6.run
Quest of Agravain, The	18/7.run
Questron II	18/8.run
Quiksilver Pinball	18/9.run
Quik the Thunder Rabbit AGA	18/10.run
Qwak	18/11.run
Race Drivin'	19/1.run
Rackney's Island	19/2.run
Racter	19/3.run
Raffles	19/4.run
Rage v2.0	19/5.run
Rage (CAD Software)	19/6.run
Raider	19/7.run
Railroad Tycoon	19/8.run
Rainbow Islands	19/9.run
Rainbow Warrior	19/10.run
Rally Championships AGA	19/11.run
Rally Cross Challenge	19/12.run
Rambo III	19/13.run
Rampage	19/14.run
Rampart	19/15.run
Ranx	19/16.run
Rat Trap	19/17.run
R.B.I. 2 Baseball	19/18.run
Real Ghostbusters, The	19/19.run
Realms	19/20.run
Realms of Arkania: Blade of Destiny	19/21.run
Real Popeye, The	19/22.run
Rebellion	19/23.run
Red Baron	19/24.run
Red Heat	19/25.run
Red Lightning	19/26.run
Red Storm Rising	19/27.run
Red Zone	19/28.run
Reflexity: Pinball Challenge	19/29.run
Renaissance	19/30.run
Renegade	19/31.run
Renegade III: The Final Chapter	19/32.run
Renegades Deluxe Editor	19/33.run
Resolution 101	19/34.run
Return to Atlantis	19/35.run
Return to Genesis	19/36.run
Reunion AGA	19/37.run
Revelation!	19/38.run
Revenge of Defender	19/39.run
Revenge of the Mutant Camels	19/40.run
Revenge of the Mutant Camels II	19/41.run
Rick Dangerous	19/42.run
Rick Dangerous II	19/43.run
Rick Dangerous II	19/44.run
Ringside	19/45.run
Rings of Medusa	19/46.run
Rise of the Dragon	19/47.run
Rise of the Robots AGA	19/48.run
RISK	19/49.run
Risky Woods	19/50.run
RoadBlasters	19/51.run
Roadkill AGA	19/52.run
Road Rash	19/53.run
Roadwar Europa	19/54.run
Roadwars	19/55.run
Roadwars	19/56.run
Robbeary	19/57.run
Robin Hood: Legend Quest	19/58.run
Robinson's Requiem AGA	19/59.run
RoboCop	19/60.run
RoboCop 2	19/61.run
RoboCop 3	19/62.run
RoboSport	19/63.run
Robotnic	19/64.run
Robot Readers: Aesop's Fables	19/65.run
Robot Readers: Chicken Little	19/66.run
Robozone	19/67.run
Rock Challenge	19/68.run
Rocket Ranger	19/69.run
Rockford	19/70.run
Rock'n Roll	19/71.run
Rock Star Ate My Hamster	19/72.run
Rodland	19/73.run
Rogue: The Adventure Game	19/74.run
Rogue Trooper	19/75.run
Roketz AGA	19/76.run
RollerCoaster Rumbler	19/77.run
Rolling Ronny	19/78.run
Roll or Die	19/79.run
Rome AD92: The Pathway To Power	19/80.run
Rotor	19/81.run
Rotox	19/82.run
Round the Bend!	19/83.run
R-Type	19/84.run
R-Type II	19/85.run
Rubicon	19/86.run
Ruff and Reddy in the Space Adventure	19/87.run
Ruffian	19/88.run
Ruff 'n' Tumble	19/89.run
Rugby: The World Cup	19/90.run
Running Man, The	19/91.run
Run the Gauntlet	19/92.run
Rushhour	19/93.run
RVF Honda	19/94.run
Simpsons, The: Bart vs. the Space Mutants Intro 2Disk	20/1.run
Simpsons, The: Bart vs. the World	20/2.run
Strip Poker II	20/3.run
Star Wars: The Empire Strikes Back	20/4.run
Star Wars: Return of the Jedi	20/5.run
Sabre Team AGA	20/6.run
Safari Guns	20/7.run
Saint & Greavsie	20/8.run
Saint Dragon	20/9.run
Salmon-Pink Max	20/10.run
Santa's Xmas Caper	20/11.run
Sarakon	20/12.run
Sarcophaser	20/13.run
SAS Combat Simulator	20/14.run
SAS Combat Simulator	20/15.run
Satan	20/16.run
Savage	20/17.run
Scapeghost	20/18.run
Scooby Doo and Scrappy Doo	20/19.run
Scorpio	20/20.run
Scorpion	20/21.run
Scrabble	20/22.run
Scramble Spirits	20/23.run
Scrolling Walls	20/24.run
S.D.I.	20/25.run
Second Samurai AGA	20/26.run
Seconds Out..!	20/27.run
Secret of Monkey Island, The	20/28.run
Secret of the Silver Blades	20/29.run
Seek and Destroy AGA	20/30.run
Sensible Golf	20/31.run
Sensible Soccer 512K	20/32.run
Sensible Soccer: European Champions v1.1 (92/93 Edition) 512K	20/33.run
Sensible Soccer: England vs Germany	20/34.run
Sensible Soccer v1.1 - European Champions 512K	20/35.run
Sensible Soccer v1.2 - International Edition 512K	20/36.run
Sensible Train-spotting	20/37.run
Sensible World Of Moon Soccer	20/38.run
Sensible World of Soccer	20/39.run
Sensible World of Soccer	20/40.run
Sensible World of Soccer '95/'96	20/41.run
Sensible World of Soccer '96/'97	20/42.run
Sensible World of Soccer	20/43.run
Sentinel, The	20/44.run
Settlers, The	20/45.run
Seven Cities of Gold	20/46.run
Seven Gates of Jambala, The Image	20/47.run
Sextimates	20/48.run
Seymour goes to Hollywood	20/49.run
Shadow Dancer	20/50.run
Shadow Fighter AGA	20/51.run
Shadowgate	20/52.run
Shadowlands	20/53.run
Shadow of the Beast	20/54.run
Shadow of the Beast II	20/55.run
Shadow of the Beast III	20/56.run
Shadoworlds	20/57.run
Shadow Sorcerer	20/58.run
Shadow Warriors	20/59.run
Shanghai	20/60.run
Shaq Fu AGA	20/61.run
Sharkey's Moll	20/62.run
She-Fox	20/63.run
Sherman M4	20/64.run
Shinobi	20/65.run
ShockWave	20/66.run
Shuffle	20/67.run
Shufflepuck Café	20/68.run
Shuttle: The Space Flight Simulator	20/69.run
SideArms	20/70.run
Sideshow	20/71.run
SideWinder	20/72.run
SideWinder II	20/73.run
SideWinder	20/74.run
Sierra Soccer: World Challenge Edition	20/75.run
Silent Service	20/76.run
Silent Service II	20/77.run
Silicon Dreams	20/78.run
Silk Worm	20/79.run
SimAnt LoRes	20/80.run
Sim City	20/81.run
Sim City 512K	20/82.run
SimEarth LoRes	20/83.run
SimLife AGA	20/84.run
Simon the Sorcerer AGA	20/85.run
Simulcra	20/86.run
Sinbad and the Throne of the Falcon	20/87.run
Sink or Swim 512KB	20/88.run
Sir Fred: The Legend	20/89.run
Sixiang	20/90.run
Skærmtrolden Hugo DK	20/91.run
Skate of the Art	20/92.run
Skeet Shoot	20/93.run
Skeleton Krew AGA	20/94.run
Skidmarks AGA	20/95.run
Skidz	20/96.run
Ski or Die	20/97.run
Skrull	20/98.run
Skull & Crossbones	20/99.run
Skweek	20/100.run
SkyChase Fast	20/101.run
Skyfox	20/102.run
Skyfox II: The Cygnus Conflict	20/103.run
Sky High Stuntman	20/104.run
Slackskin & Flint	20/105.run
Slamtilt AGA	20/106.run
Slayer	20/107.run
Sleeping Gods Lie	20/108.run
Sleepwalker AGA	20/109.run
Sliders	20/110.run
Slightly Magic	20/111.run
Slip Stream	20/112.run
Sly Spy: Secret Agent	20/113.run
Smash TV	20/114.run
Snapperazzi	20/115.run
Sneech	20/116.run
Snoopy and Peanuts	20/117.run
Snow Bros. Image	20/118.run
Snow Strike	20/119.run
Soccer Kid AGA	20/120.run
Soccer Pinball	20/121.run
Soccer Superstars AGA	20/122.run
Soldier 2000	20/123.run
Soldier of Light	20/124.run
Solid Gold	20/125.run
Solomon's Key 2	20/126.run
Sonic Boom	20/127.run
Son Shu-Shi	20/128.run
Sooty & Sweep	20/129.run
Sooty's Fun With Numbers	20/130.run
Sophelie	20/131.run
Sorcerer Lord	20/132.run
Sorceror's Apprentice	20/133.run
Sorcery+	20/134.run
Sorcery Plus	20/135.run
Sorefist	20/136.run
Space Ace	20/137.run
Space Ace II: Borf's Revenge	20/138.run
Space Assault	20/139.run
Spaceball	20/140.run
Space Crusade	20/141.run
Space Crusade VoyageBeyond	20/142.run
Spacecutter	20/143.run
Space Gun	20/144.run
Space Harrier	20/145.run
Space Harrier RetrnFntZone	20/146.run
Space Harrier II	20/147.run
Space Hulk	20/148.run
Space Pilot 89	20/149.run
Space Quest	20/150.run
Space Quest II	20/151.run
Space Quest III: The Pirates of Pestulon	20/152.run
Space Quest IV	20/153.run
Space Quest: The Sarien Encounter	20/154.run
Space Racer	20/155.run
Space Ranger	20/156.run
Space Rogue	20/157.run
Space Station Oblivion	20/158.run
Special Forces	20/159.run
Speedball	20/160.run
Speedball 2: Brutal Deluxe	20/161.run
Speedboat Assassin	20/162.run
Speed Buggy	20/163.run
Spell Bound	20/164.run
Spellbound Dizzy	20/165.run
Spellfire the Sorceror	20/166.run
Speris Legacy, The AGA	20/167.run
Spherical	20/168.run
Spherical Worlds	20/169.run
Spike In Transylvania	20/170.run
Spindizzy Worlds	20/171.run
Spitting Image Image	20/172.run
Spot	20/173.run
Spot	20/174.run
Spy vs Spy	20/175.run
Spy vs Spy II: The Island Caper	20/176.run
Spy vs Spy III - Arctic Antics	20/177.run
Spy Who Loved Me, The	20/178.run
Sqrxz	20/179.run
Stack Up	20/180.run
Starbirds	20/181.run
Starblade	20/182.run
Starblaze	20/183.run
Star Command	20/184.run
Star Control	20/185.run
Star Crusader AGA	20/186.run
Stardust	20/187.run
Starglider	20/188.run
Starglider 2	20/189.run
Star Goose!	20/190.run
Starians	20/191.run
Starlord	20/192.run
StarRay 2Disk	20/193.run
StarTrash	20/194.run
Star Trek: 25th Anniversary AGA	20/195.run
Starush Image	20/196.run
Star Wars	20/197.run
Steel	20/198.run
Steel Empire	20/199.run
Steg the Slug	20/200.run
Steigar	20/201.run
Stellar 7	20/202.run
Stone Age	20/203.run
Stormball	20/204.run
Stormlord	20/205.run
Storm Master	20/206.run
Stratego	20/207.run
Street Fighter	20/208.run
Street Fighter II: The World Warrior	20/209.run
Street Gang	20/210.run
Street Rod	20/211.run
Street Rod 2	20/212.run
Street Sports Basketball	20/213.run
Strider	20/214.run
Strider II	20/215.run
Strike Aces	20/216.run
Striker	20/217.run
Strip Poker: A Sizzling Game of Chance	20/218.run
Strip Poker II	20/219.run
Strip Poker II	20/220.run
Strip Poker II DataDisk1	20/221.run
Strip Pot AGA	20/222.run
Stryx	20/223.run
S.T.U.N. Runner	20/224.run
Stunt Car Racer	20/225.run
Stunt Car Racer	20/226.run
Stunt Track Racer	20/227.run
Sub Battle Simulator	20/228.run
Subbuteo: The Computer Game	20/229.run
Subtrade: Return to Irata	20/230.run
Suburban Commando	20/231.run
Subwar 2050 AGA	20/232.run
Summer Camp	20/233.run
Summer Challenge	20/234.run
Summer Games	20/235.run
Summer Games SummerGames2	20/236.run
Summer Games II	20/237.run
Summer Olympiad	20/238.run
Supaplex	20/239.run
Super C	20/240.run
Super Cars 2Disk	20/241.run
Super Cauldron	20/242.run
Superfrog Intro	20/243.run
Super Grand Prix	20/244.run
Super Hang-On	20/245.run
Superhero Demo	20/246.run
Super Loopz AGA	20/247.run
Superman: The Man of Steel	20/248.run
Super Methane Bros	20/249.run
Super Monaco GP	20/250.run
Super Obliteration	20/251.run
Super OsWALD DK	20/252.run
Super Scramble Simulator	20/253.run
Super Seymour	20/254.run
Super Ski	20/255.run
Super Ski II	20/256.run
Super Skweek 512KB	20/257.run
Super Space Invaders	20/258.run
Super Stardust AGA	20/259.run
Superstar Ice Hockey	20/260.run
Super Street Fighter II: The New Challengers AGA	20/261.run
Super Street Fighter II: The New Challengers AGA	20/262.run
Super Tetris	20/263.run
Super Twintris	20/264.run
Supremacy	20/265.run
Super Street Fighter II Turbo Intro AGA	20/266.run
Super Tennis Champs	20/267.run
Super Tennis Champs DataDisk	20/268.run
Surf Ninjas AGA	20/269.run
Suspicious Cargo	20/270.run
Swap	20/271.run
Switchblade	20/272.run
Switchblade II	20/273.run
SWIV	20/274.run
Swooper	20/275.run
Sword	20/276.run
Sword & The Rose, The	20/277.run
Sword of Honour	20/278.run
Sword of Sodan	20/279.run
Swords & Galleons	20/280.run
Swords of Twilight	20/281.run
Syndicate	20/282.run
SportTime Table Hockey	20/283.run
SportTime Ten Pin Bowling	20/284.run
The Adventures of Genlock Holmes	21/1.run
The Ancient Art of War in the Skies	21/2.run
The Attack of the Green Smelly Aliens From Planet 27b/6	21/3.run
The Cartoons	21/4.run
Third Reich	21/5.run
The Four Crystals of Trazere getlegendsavedisk	21/6.run
The Games: Summer Edition	21/7.run
The Games: Winter Edition	21/8.run
The Hellrun Machine	21/9.run
The Hitchhiker's Guide to the Galaxy	21/10.run
The Hunt for Red October	21/11.run
The North Sea Inferno	21/12.run
Trog AGA	21/13.run
The Paranoia Complex	21/14.run
The Quest For The Time-Bird Image	21/15.run
Table Tennis Simulation	21/16.run
Taekwondo	21/17.run
Take 'Em Out	21/18.run
Tanglewood	21/19.run
Tangram	21/20.run
Targhan	21/21.run
Tass Times in Tonetown	21/22.run
T-Bird	21/23.run
Team Suzuki	21/24.run
Team Yankee	21/25.run
Tearaway Thomas	21/26.run
Tech	21/27.run
TechnoCop	21/28.run
Technology 2	21/29.run
Tecnoball	21/30.run
Teenage Mutant Hero Turtles	21/31.run
Teenage Mutant Hero Turtles	21/32.run
Teenage Mutant Ninja Turtles	21/33.run
Teenage Queen	21/34.run
Teller, The	21/35.run
Temple of Apshai Trilogy	21/36.run
Tennis Champs	21/37.run
Tennis Cup II	21/38.run
Tennis Cup 512KB	21/39.run
Tensai Demo	21/40.run
T2: The Arcade Game	21/41.run
Terminator 2: Judgment Day	21/42.run
Terramex	21/43.run
Terrorpods	21/44.run
Terry's Big Adventure	21/45.run
Test Drive	21/46.run
Test Drive II: The Duel	21/47.run
Test Drive II: The Duel DataDisk	21/48.run
Tetra Quest	21/49.run
Tetris	21/50.run
Tetris	21/51.run
Tetris Pro	21/52.run
Tetrix	21/53.run
Theatre of Death	21/54.run
Their Finest Hour: The Battle of Britain	21/55.run
Their Finest Hour: The Battle of Britain Missions	21/56.run
Theme Park AGA	21/57.run
Theme Park Mystery	21/58.run
Thexder	21/59.run
Third Courier, The	21/60.run
Thomas the Tank Engine AGA	21/61.run
Thomas the Tank Engine	21/62.run
Thomas the Tank Engine 2	21/63.run
Three Stooges, The	21/64.run
Thunderbirds	21/65.run
Thunder Blade	21/66.run
Thunderboy	21/67.run
Thunder Burner	21/68.run
ThunderCats	21/69.run
Thunderhawk AH-73M	21/70.run
Thunder Jaws	21/71.run
Thunderstrike	21/72.run
Tie-Break	21/73.run
Tiger Road	21/74.run
Time	21/75.run
Time and Magik	21/76.run
Time Bandit	21/77.run
Time Lock	21/78.run
Time Machine	21/79.run
Time Race	21/80.run
Time Runners 01: Gateways in Time	21/81.run
Time Runners 02: The Space Stone	21/82.run
Time Runners 03: The Big Run	21/83.run
Time Runners 04: The Castle of Fear	21/84.run
Time Runners 05: The Black Knight	21/85.run
Time Runners 06: The Bewitched Forest	21/86.run
Time Runners 07: In the Land of the Invaders	21/87.run
Time Runners 08: The Impregnable Fortress	21/88.run
Time Runners 09: The Time Demon	21/89.run
Time Runners 10: The Time Sentry	21/90.run
Time Runners 11: The Steel City	21/91.run
Time Runners 12: A Target for the Cyborg	21/92.run
Time Runners 13: Cyberkiller	21/93.run
Time Runners 14: Toraxid - War Star	21/94.run
Time Runners 15: At the Speed of Light	21/95.run
Time Runners 16: The Galaxy Emperor	21/96.run
Time Runners 17: The Living Labyrinth	21/97.run
Time Runners 18: The Killer Shadow	21/98.run
Time Runners 19: The Nightmare Prince	21/99.run
Time Runners 20: The Mountains of Death	21/100.run
Time Runners 21: The Black Dragon's Curse	21/101.run
Time Runners 22: The Eternal Damned	21/102.run
Time Runners 23: The Time Monarch	21/103.run
Time Runners 24: Beyond All Dimensions	21/104.run
Time Runners 25: The Lost Planet Earth	21/105.run
Time Runners 26: The Time Warrior	21/106.run
Time Runners 27: Red Night	21/107.run
Time Runners 28: Beyond the End	21/108.run
Time Runners 29: The Last Revelation	21/109.run
Time Runners 30: The Final Duel	21/110.run
Time Runners 20: The Mountains of Death TimeRunners20	21/111.run
Time Scanner	21/112.run
Times of Lore	21/113.run
Time Soldier	21/114.run
Tintin on the Moon Image	21/115.run
Tin Toy Adventure AGA	21/116.run
Tiny Skweeks	21/117.run
Tiny Troops	21/118.run
Tip Off	21/119.run
Titan	21/120.run
Titanic Blinky	21/121.run
Titus the Fox	21/122.run
Toki	21/123.run
Tom and the Ghost	21/124.run
Tom Landry Strategy Football	21/125.run
Tom Landry Strategy Football	21/126.run
Tommy Gun	21/127.run
Toobin'	21/128.run
Top Banana	21/129.run
Top Cat	21/130.run
TopGear 2 AGA	21/131.run
Top Secret	21/132.run
Tornado AGA	21/133.run
Tornado Ground Attack	21/134.run
Torvak the Warrior	21/135.run
Total Carnage AGA	21/136.run
Total Eclipse	21/137.run
Total Football	21/138.run
Total Recall Image	21/139.run
Tournament Golf	21/140.run
Tower of Babel	21/141.run
Tower of Souls AGA	21/142.run
Tower Toppler	21/143.run
Toyottes, The Image	21/144.run
T-Racer	21/145.run
Tracker	21/146.run
Traders	21/147.run
Trained Assassin	21/148.run
Transarctica AGA	21/149.run
Transplant	21/150.run
Traps 'n' Treasures	21/151.run
Treasure Island Dizzy	21/152.run
Treasures of the Savage Frontier	21/153.run
Treasure Trap	21/154.run
Trex Warrior	21/155.run
TrianGo	21/156.run
Tripple-X	21/157.run
Trivial Pursuit: Amiga Genus Edition	21/158.run
Trivial Pursuit: A New Beginning	21/159.run
Troddlers	21/160.run
Trog	21/161.run
Trolls AGA	21/162.run
Tube Warriors AGA	21/163.run
Tubular Worlds AGA	21/164.run
Tubular Worlds 512K	21/165.run
Turbo	21/166.run
Turbo Cup	21/167.run
Turbo Out Run	21/168.run
Turbo Trax 512KB	21/169.run
Turn n' Burn	21/170.run
Turrican	21/171.run
Turrican II	21/172.run
Turrican 3	21/173.run
Tusker	21/174.run
TV Sports Baseball	21/175.run
TV Sports Basketball	21/176.run
TV Sports Boxing	21/177.run
TV Sports Football	21/178.run
Twintris	21/179.run
Twin Turbos	21/180.run
Twinworld: Land of Vision	21/181.run
Twylyte	21/182.run
Typhoon	21/183.run
Typhoon Thompson in Search for the Sea Child	21/184.run
T-Zer0 AGA Demo	21/185.run
T-ZerO AGA	21/186.run
The Way Of The Little Dragon	21/187.run
The Way Of The Little Dragon	21/188.run
UFO: Enemy Unknown AGA	22/1.run
Ugh!	22/2.run
Ultima III: Exodus	22/3.run
Ultima IV: Quest of the Avatar	22/4.run
Ultima V: Warriors of Destiny	22/5.run
Ultima VI: The False Prophet	22/6.run
Ultimate Pinball Quest, The	22/7.run
Ultimate Ride, The	22/8.run
UMS II (Universal Military Simulator II): Nations At War	22/9.run
Under Pressure	22/10.run
Uninvited	22/11.run
UMS (Universal Military Simulator)	22/12.run
Universal Monsters	22/13.run
Universal Warrior	22/14.run
Universe	22/15.run
Universe 3	22/16.run
Unreal	22/17.run
Unsensible Soccer	22/18.run
UN Squadron	22/19.run
Untouchables, The	22/20.run
Up Scope	22/21.run
Up Scope	22/22.run
Uridium 2 1MB	22/23.run
U.S.S. John Young	22/24.run
Utopia	22/25.run
Utopia NewWorlds	22/26.run
Vector Championship Run	23/1.run
Vader	23/2.run
Valhalla: Before the War	23/3.run
Valhalla and the Lord of Infinity	23/4.run
Vampire's Empire	23/5.run
Vaxine	23/6.run
Vectorball	23/7.run
Vegas Gambler	23/8.run
Venom Wing	23/9.run
Venus: The Flytrap	23/10.run
Victory Road	23/11.run
Videokid	23/12.run
Vigilante	23/13.run
Vindicators	23/14.run
Violator	23/15.run
Virocop AGA	23/16.run
Virtual Karting II AGA	23/17.run
Virtual Karting AGA	23/18.run
Virus	23/19.run
Vital Light	23/20.run
Vixen	23/21.run
Viz	23/22.run
Volfied	23/23.run
Voodoo Nightmare	23/24.run
Voyager	23/25.run
Voyages of Discovery	23/26.run
Vroom	23/27.run
Vroom DataDisk	23/28.run
Vroom Multi-Player	23/29.run
Vyper	23/30.run
Vyrus	23/31.run
Werner Flaschbier	24/1.run
World Class Leader Board	24/2.run
Wacky Darts	24/3.run
Wacky Races	24/4.run
Walker Decrunched	24/5.run
Wall, The	24/6.run
Wanderer 3D	24/7.run
Wanted	24/8.run
Warhead	24/9.run
War in Middle Earth	24/10.run
War in the Gulf	24/11.run
Warlock's Quest	24/12.run
Warlock: The Avenger	24/13.run
Warlords	24/14.run
War Machine	24/15.run
Warm Up	24/16.run
Warp	24/17.run
War Zone	24/18.run
War Zone	24/19.run
War Zone	24/20.run
Watchtower AGA	24/21.run
Waterloo	24/22.run
Waxworks	24/23.run
Wayne Gretzky Hockey	24/24.run
Wayne Gretzky Hockey II	24/25.run
World Class Leader Board	24/26.run
World Class Leader Board DataDisk	24/27.run
Web of Terror	24/28.run
Ween: The Prophecy	24/29.run
Weird Dreams	24/30.run
Welltris	24/31.run
Wembley International Soccer AGA AGA	24/32.run
Wembley Rugby League	24/33.run
Western Games	24/34.run
West Phaser	24/35.run
Wheels on Fire AGA	24/36.run
Where Time Stood Still	24/37.run
Whirligig	24/38.run
White Death: Battle for Velikiye Luki, November 1942	24/39.run
Whizz AGA	24/40.run
Who Framed Roger Rabbit	24/41.run
Wibble World Giddy: Wibble Mania!	24/42.run
Wicked	24/43.run
Where in Europe is Carmen Sandiego?	24/44.run
Wild Cup Soccer	24/45.run
Wild Streets	24/46.run
Wild West World	24/47.run
Wild Wheels	24/48.run
Window Wizard Image	24/49.run
Wind Surf Willy	24/50.run
Windwalker	24/51.run
Wing Commander	24/52.run
Wings	24/53.run
Wings of Death	24/54.run
Wings of Fury	24/55.run
Winnie the Pooh in the Hundred Acre Wood	24/56.run
Winning Post	24/57.run
Winter Camp	24/58.run
Winter Challenge: World Class Competition	24/59.run
Winter Games	24/60.run
Winter Olympiad 88	24/61.run
Winter Olympics	24/62.run
Winter Supersports 92	24/63.run
Winzer	24/64.run
Where in the USA is Carmen Sandiego?	24/65.run
Where in the World is Carmen Sandiego?	24/66.run
Wizardry: Bane of the Cosmic Forge	24/67.run
Wizball	24/68.run
Wizkid	24/69.run
Wiz 'n' Liz	24/70.run
Wolfchild	24/71.run
Wolfpack	24/72.run
Wonderboy in Monsterland	24/73.run
Wonder Dog	24/74.run
Wonderland	24/75.run
Woody's World	24/76.run
World Championship Boxing Manager	24/77.run
World Championship Soccer WorldChampSoccer	24/78.run
World Circuit	24/79.run
World Class Rugby	24/80.run
World Class Rugby: Five Nations Edition	24/81.run
World Class Rugby '95	24/82.run
World Cricket	24/83.run
World Cup 90	24/84.run
World Darts	24/85.run
World Darts	24/86.run
World Games	24/87.run
World Rugby	24/88.run
World Soccer	24/89.run
Worlds of Legend: Son of the Empire	24/90.run
World Tour Golf	24/91.run
World Trophy Soccer	24/92.run
Worms 1MB	24/93.run
Worms: The Director's Cut AGA	24/94.run
Wormsigns	24/95.run
Wrath of the Demon	24/96.run
Wreckers	24/97.run
WWF European Rampage Tour	24/98.run
WWF WrestleMania	24/99.run
Xenex	25/1.run
Xenomorph	25/2.run
Xenon	25/3.run
Xenon 2: Megablast 2Disk	25/4.run
Xenon	25/5.run
Xenophobe	25/6.run
Xiphos	25/7.run
Xmas Lemmings 1991	25/8.run
Xmas Lemmings 1992	25/9.run
X-Out 2Disk	25/10.run
XP8 AGA	25/11.run
XR-35 Fighter Mission	25/12.run
XTreme Racing DataDisk AGA	25/13.run
XTreme Racing AGA	25/14.run
Xybots	25/15.run
Yogi Bear and Friends in the Greed Monster	26/1.run
Yogi's Big Clean Up	26/2.run
Yogi's Great Escape	26/3.run
Yo! Joe!	26/4.run
Yolanda Image	26/5.run
Zak McKracken and the Alien Mindbenders	27/1.run
Zany Golf	27/2.run
Zarathrusta	27/3.run
Zaxxon 512KB	27/4.run
Zeewolf	27/5.run
Zeewolf 2: Wild Justice	27/6.run
Zero Gravity	27/7.run
Ziriax	27/8.run
Zombi	27/9.run
Zombie Apocalypse	27/10.run
Zombie Apocalypse II AGA	27/11.run
Zone Warrior	27/12.run
Zool 2 AGA	27/13.run
Zool AGA	27/14.run
Zoom!	27/15.run
Z-Out	27/16.run
Zyconix	27/17.run
Zynaps	27/18.run