Cabal
Cabaret Asteroids
Cabaret Asteroids
Cadaver
Cadaver: The Pay Off CadaverThePayoff
Cadaver Demos
Cadaver: The Pay Off
Caesar
Calephar Files
Calephar Image
California Games
California Games II
Campaign
Campaign DataDisk
Campaign II
Cannon Fodder
Cannon Fodder 2
Cannon Fodder 2 - Alien Levels
Cannon Fodder 2 DE
Cannon Fodder 2 FR
Cannon Fodder CD32
Cannon Fodder: New Campaign
Cannon Fodder Plus
Cannon Soccer
Capital Punishment AGA
Capital Punishment CD AGA
Cap 'n' Carnage
Capone
Captain Blood
Captain Dynamo
Captain Fizz Meets the Blaster-Trons
Captain Planet and the Planeteers
Captive
Carcharodon: White Sharks
Cardiaxx
Cardiaxx
Carl Lewis Challenge, The
Carlos
Carnage
Carrier Command
Carrier Command NoMusic
Carthage
Carton Rouge FR
Carver
Car-Vup
Castle Kingdoms
Castle Master
Castle Master II: The Crypt
Castle of Dr. Brain
Castle of Dr. Brain DE
Castles
Castles II: Siege & Conquest CD32
Castles DE
Castlevania
Castle Warrior
Catch 'Em
Cattivik
Cavemania
Cavitas
Cedric and the Lost Sceptre
Cedric and the Lost Sceptre CD32
Cedric and the Lost Sceptre CD32 FAST
Cedric and the Lost Sceptre FAST
Celtic Legends
Centerfold Squares
Centurion: Defender of Rome
Century
Chamber of the Sci-Mutant Priestess
Chambers of Shaolin
Champ, The
Champion Driver
Championship Golf
Champions of Krynn
Chaos Engine, The
Chaos Engine 2, The
Chaos Engine 2, The AGA
Chaos Engine, The AGA
Chaos Engine, The CD32
Chaos Engine, The Demo
Chaos in Andromeda: Eyes of the Eagle
Chaos in Andromeda: Eyes of the Eagle CDTV
Chaos Strikes Back DE Util
Chaos Strikes Back Util
Chaos Strikes Back FR Util
Charlie J. Cool
Charlie J. Cool AGA
Chase HQ
Chase HQ II: Special Criminal Investigation
Chessmaster 2000, The
Chess Player 2150
Chess Player 2150
Chess Player 2150 DE
Chess Player 2150 FR
Chess Simulator
Chicago 90
Chichén Itzá ES
Chip's Challenge
Chip's Challenge
Christoph Kolumbus DE AGA
Christoph Kolumbus DE
Chrome
Chronicles of Omega, The
Chrono Quest
Chrono Quest II
Chrono Quest DE
Chubby Gristle
Chuckie Egg
Chuckie Egg II
Chuck Rock
Chuck Rock II: Son of Chuck
Chuck Rock II: Son of Chuck CD32
Chuck Rock CD32
Chuck Yeager's Advanced Flight Trainer 2.0
Circus Attractions 1Disk
Circus Attractions 2Disk
Circus Games
Cisco Heat
Citadel
City Defence
Civilization
Civilization AGA
Civilization CD AGA
Civilization DE AGA
Civilization CD
Civilization DE
CJ in the USA
CJ's Elephant Antics
Classic Arcadia & Baby Arcadia
Classic Board Games
Classic Pucman
Cliffhanger
Clik Clak
Clockwiser
Clockwiser AGA
Clockwiser CD32
Cloud Kingdoms
Clown-O-Mania
Clue!, The
Clue!, The AGA
Cluedo: Master Detective
Clue: Master Detective
COALA
COALA AGA
Code Name: Iceman
Cogans Run
Colonel's Bequest, The
Colonization
Colonization AGA
Colony, The
Colorado
Colorado FAST
Colorado FR FAST
Colorado FR
Color Buster
Coloris
Colossus Chess X
Combat Air Patrol
Combo Racer
Commando
Computer Scrabble
Conan the Cimmerian
Conflict: Europe
Conflict: Europe FR
Conflict: The Middle East Political Simulator
Conqueror
Conquests of Camelot
Conquests of the Longbow
Continental Circus
Cool Croc Twins
Cool Spot
Cool World
Corporation Missions 2Disk
Corporation Missions 3Disk
Corporation 1Disk
Corporation 2Disk
Corruption
Corsarios
Corx
Cosmic Bouncer
Cosmic Pirate
Cosmic Relief: Prof. Renegade to the Rescue
Cosmic Spacehead
Count Duckula
Cover Girl Strip Poker
Covert Action
Covert Action DE
Crack
Crack Down
Crash Garrett
Crazy Cars
Crazy Cars II
Crazy Cars III
Crazy Cars III NoIntro
Crazy Seasons
Crazy Shot
Crazy Sue
Crazy Sue ...Goes On
Creature
Creatures
Crime City
Crime City DE
Crime Does Not Pay
Crime Wave
Croak!
Croak 2
Croisière Pour Un Cadavre FR
Crossbow: The Legend of William Tell
CrossCheck
Cruise for a Corpse
Cruise for a Corpse DE
Cruise for a Corpse ES
Cruise for a Corpse IT
Cruncher Factory
Crystal Dragon
Crystal Dragon DE
Crystal Hammer
Crystal Hammer
Crystal Kingdom Dizzy
Crystal Palace
Crystals of Arborea
Crystals of Arborea DE
Crystals of Arborea DE FAST
Crystals of Arborea FAST
Crystals of Arborea FR
Crystals of Arborea FR FAST
Cubix
Cubulus
Curse of Enchantia
Curse of RA, The
Curse of RA, The CDTV
Curse of the Azure Bonds
Custodian
Cyber Assault
Cyberball
Cyberblast
Cybercon III
Cyber Cop
Cyber Empires
Cyber Games
Cybernetix
Cybernoid: The Fighting Machine
Cybernoid II: The Revenge
Cyberpunks
Cyber World
Cyberzerk
Cycles, The: International Grand Prix Racing
Cygnus 8
Citadel PL
Cytron
Celica GT Rally