Federation Quest 1: BSS Jane Seymour
F1
F-15 Strike Eagle II
F-16 Combat Pilot
F17 Challenge
F-19 Stealth Fighter
F1 Tornado
F1 World Championship Edition
F29 Retaliator
F40 Pursuit Simulator
F/A-18 Interceptor
Face Off
Faery Tale Adventure, The
Falcon
Falcon MissionDisk
Fallen Angel
Fantastic Dizzy
Fantastic Voyage
Fantastic Voyage CDTV
Fantasy Flyer
Fantasy Flyer AGA
Fantasy World Dizzy
Fascination
Fascination DE
Fascination ES
Fascination FR
Fascination IT
Fast Brain PL
Fast Break
Fast Break
Fast Food!
Fast Food!
Fast Lane! The Spice Engineering Challenge
Fast Lane! The Spice Engineering Challenge
Fatal Heritage DE
Fatal Mission
Fate: Gates of Dawn
Fate: Gates of Dawn DE
Fatman: The Caped Consumer
Fatman: The Caped Consumer AGA
Fears AGA
Fears AGA Censored
Fears CD32
Federation of Free Traders
Femme Fatale
Femme Fatale DataDisk
Fernandez Must Die
Ferrari Formula One
Feud
Fidelity Chessmaster 2100, The
Fiendish Freddy's Big Top o' Fun
FIFA International Soccer
Fighter Bomber
Fighter Bomber
Fighter Duel Pro
Fighting Soccer NTSC
Fightin' Spirit
Fightin' Spirit AGA
Fightin' Spirit CD32
Final Assault
Final Battle, The
Final Battle, The DE
Final Blow
Final Countdown
Final Fight 1MB
Final Fight 512K
Fire and Brimstone
Fire & Forget
Fire & Forget II: The Death Convoy
Fire and Ice
Fire! CD32
Fire and Ice Demo
Fire and Brimstone
Fireblaster
Fire Force
Fire Force CD32
Firehawk
Firepower
Firestar
First Contact
First Samurai, The
Fish!
Fist Fighter
Five-A-Side Soccer
Flashback
Flashback CZ
Flashback DE
Flashback FR
Flashback IT
Flashback LOWMEM
Flashback CZ LOWMEM
Flashback DE LOWMEM
Flashback FR LOWMEM
Flashback IT LOWMEM
Flashback PL LOWMEM
Flashback PL
Flies: Attack on Earth DE
Flight of the Amazon Queen
Flight of the Intruder
Flight Path 737
Flight Simulator II SceneryDisk07
Flight Simulator II SceneryDisk09
Flight Simulator II SceneryDisk11
Flight Simulator II SceneryDisk12
Flight Simulator II SceneryDisk13
Flight Simulator II SceneryDisk14
Flight Simulator II
Flight Simulator II FlightSim2 Hawaiian
Flimbo's Quest
Flintstones, The
Flip Flop
Flip-it & Magnose: Water Carriers from Mars
Flood
Floor 13
Fly Fighter
Fly Fighter highs
Fly Harder
Fly Harder CD32
Flying Shark
Fool's Errand, The
Footballer of the Year 2
Football Glory
Football Glory AGA
Football Manager 2
Football Manager: World Cup Edition
Football Manager: World Cup Edition DE
Forgotten Mine
Forgotten Worlds
Formula 1 Grand Prix
Formula One Grand Prix 3Disk
Formula One Grand Prix 4Disk
Foundation's Waste
Franco Baresi World Cup Kick Off IT
Frankenstein
Franko: The Crazy Revenge! PL Censored
Franko: The Crazy Revenge! PL
Frantic Freddie
Freak Out
Freedom: Rebels in the Darkness
Freedom: Rebels in the Darkness DE
Freedom: Rebels in the Darkness ES
Freedom: Rebels in the Darkness FR
Frenetic
Fright Night
Frontier: Elite II
Frontier: Elite II CD32
Frontier: Elite II CZ
Frontier: Elite II DE
Frontier: Elite II FR
Frost Byte
Full Contact
Full Metal Planete Files
Full Metal Planete Image
Full Metal Planete Files NTSC
Full Metal Planete Image NTSC
Funturatum PL
Fury of the Furries
Fury of the Furries CD32
Fusion
Fuﬂball Total! DE
Future Basketball
Future Bike Simulator
Future Classics Collection
Future Shock
Future Tank
Future Wars: Time Travellers
Future Wars: Time Travellers DE
Future Wars: Time Travellers ES
Future Wars: Time Travellers IT
Fuzzball
Fuzzball Intro
Fuzzball NoIntro
Fetiche Maya, Le
Fetiche Maya, Le ES
Fetiche Maya, Le FAST
Fetiche Maya, Le ES FAST
Fetiche Maya, Le FR FAST
Fetiche Maya, Le FR
F-117A Nighthawk Stealth Fighter 2.0