New Year Lemmings 1991/92	N/New Year Lemmings 199192	A-Games:L/LemmingsNewYear9192/LemmingsNewYear9192.Slave
Nam 1965-1975	N/Nam 1965-1975	A-Games:N/Nam19651975/Nam19651975.slave
Narc	N/Narc	A-Games:N/Narc/Narc.slave
Narco Police	N/Narco Police	A-Games:N/NarcoPolice/NarcoPolice.Slave
Nathan Never IT	N/Nathan Never IT	A-Games:N/NathanNeverIt/NathanNeverIt.Slave
Naughty Ones	N/Naughty Ones	A-Games:N/NaughtyOnes/NaughtyOnes.Slave
Naughty Ones AGA	N/Naughty Ones AGA	A-Games:N/NaughtyOnesAGA/NaughtyOnesAGA.Slave
Naughty Ones CD32	N/Naughty Ones CD32	A-Games:N/NaughtyOnesCD32/NaughtyOnesCD32.Slave
Navy Moves	N/Navy Moves	A-Games:N/NavyMoves/NavyMoves.Slave
Navy Seals	N/Navy Seals	A-Games:N/NavySeals/NavySeals.Slave
Nebulus	N/Nebulus	A-Games:N/Nebulus/Nebulus.Slave
Nebulus 2	N/Nebulus 2	A-Games:N/Nebulus2/Nebulus2.slave
Necronom	N/Necronom	A-Games:N/Necronom/Necronom.Slave
Neighbours	N/Neighbours	A-Games:N/Neighbours/Neighbours.Slave
Netherworld	N/Netherworld	A-Games:N/Netherworld/Netherworld.slave
Netherworld	N/Netherworld 	A-Games:N/Netherworld/Netherworld.slave
Neuromancer	N/Neuromancer	A-Games:N/Neuromancer/Neuromancer.Slave
Neuronics	N/Neuronics	A-Games:N/Neuronics/Neuronics.Slave
Neutralizer II Demo	N/Neutralizer II Demo	A-Games:N/Neutralizer2Demo/Neutralizer2Demo.slave
Neverending Story II, The	N/Neverending Story II. The	A-Games:N/NeverEndingStory2/NeverEndingStory2.slave
Nevermind	N/Nevermind	A-Games:N/NeverMind/Nevermind.Slave
New York Warriors 1MB	N/New York Warriors 1MB	A-Games:N/NewYorkWarriors1MB/NewYorkWarriors1MB.Slave
New York Warriors 512KB	N/New York Warriors 512KB	A-Games:N/NewYorkWarriors512KB/NewYorkWarriors512KB.Slave
Newzealand Story, The	N/Newzealand Story. The	A-Games:N/NewZealandStory/NewZealandStory.slave
Newzealand Story, The Demo	N/Newzealand Story. The Demo	A-Games:N/NewZealandStoryDemo/NewZealandStoryDemo.Slave
Nibby Nibble	N/Nibby Nibble	A-Games:N/NibbyNibble/NibbyNibble.Slave
Nick Faldo's Championship Golf	N/Nick Faldos Championship G	A-Games:N/NickFaldosChampGolf/NickFaldosChampGolf.Slave
Nick Faldo's Championship Golf CD32	N/Nick Faldos Championshi V2	A-Games:N/NickFaldosChampGolfCD32/NickFaldosChampGolfCD32.Slave
Nicky II	N/Nicky II	A-Games:N/Nicky2/Nicky2.Slave
Nicky Boom	N/Nicky Boom	A-Games:N/NickyBoom/NickyBoom.Slave
Nigel Mansell's Grand Prix	N/Nigel Mansells Grand Prix	A-Games:N/NigelMansellsGrandPrix/NigelMansellsGrandPrix.Slave
Nigel Mansell's World Championship	N/Nigel Mansells World Champ	A-Games:N/NigelMansellsWrldChmp/NigelMansellsWrldChmp.slave
Nigel Mansell's World Championship AGA	N/Nigel Mansells World Ch V2	A-Games:N/NigelMansellsWrldChmpAGA/NigelMansellsWrldChmpAGA.slave
Nigel Mansell's World Championship CD32	N/Nigel Mansells World Ch V3	A-Games:N/NigelMansellsWrldChmpCD32/NigelMansellsWrldChmpCD32.slave
Nightbreed: The Action Game	N/Nightbreed The Action Game	A-Games:N/NightbreedAction/NightbreedAction.Slave
Night Breed: The Interactive Movie	N/Night Breed The Interactiv	A-Games:N/NightbreedMovie/NightbreedMovie.Slave
Nightdawn	N/Nightdawn	A-Games:N/Nightdawn/Nightdawn.slave
Nightdawn NTSC	N/Nightdawn NTSC	A-Games:N/NightdawnNTSC/NightdawnNTSC.slave
Night Hunter	N/Night Hunter	A-Games:N/NightHunter/NightHunter.slave
Night Shift	N/Night Shift	A-Games:N/NightShift/NightShift.slave
Night Walk	N/Night Walk	A-Games:N/NightWalk/NightWalk.Slave
Nil Dieu Vivant FR	N/Nil Dieu Vivant FR	A-Games:N/NilDieuVivantFr/NilDieuVivantFr.Slave
Ninja Gaiden II: The Dark Sword of Chaos	N/Ninja Gaiden II The Dark S	A-Games:N/NinjaGaiden2/NinjaGaiden2.Slave
Ninja Mission	N/Ninja Mission	A-Games:N/NinjaMission/NinjaMission.Slave
Ninja Mission	N/Ninja Mission 	A-Games:N/NinjaMissionArcadia/NinjaMissionArcadia.Slave
Ninja Rabbits	N/Ninja Rabbits	A-Games:N/NinjaRabbits/NinjaRabbits.Slave
Ninja Remix	N/Ninja Remix	A-Games:N/NinjaRemix/NinjaRemix.slave
Ninja Spirit	N/Ninja Spirit	A-Games:N/NinjaSpirit/NinjaSpirit.Slave
Ninja Warriors, The	N/Ninja Warriors. The	A-Games:N/NinjaWarriors/NinjaWarriors.Slave
Nippon Safes Inc.	N/Nippon Safes Inc.	A-Games:N/NipponSafesInc/NipponSafesInc.Slave
Nitro	N/Nitro	A-Games:N/Nitro/Nitro.slave
Nitro Boost Challenge	N/Nitro Boost Challenge	A-Games:N/NitroBoostChallenge/NitroBoostChallenge.slave
Nitro NTSC	N/Nitro NTSC	A-Games:N/NitroNTSC/NitroNTSC.slave
Nobby the Aardvark	N/Nobby the Aardvark	A-Games:N/NobbyTheAardvark/NobbyTheAardvark.slave
No Buddies Land	N/No Buddies Land	A-Games:N/NoBuddiesLand/NoBuddiesLand.slave
No Excuses	N/No Excuses	A-Games:N/NoExcuses/NoExcuses.slave
No Exit	N/No Exit	A-Games:N/NoExit/NoExit.Slave
North & South Files	N/North South Files	A-Games:N/NorthAndSouthFiles/NorthAndSouthFiles.slave
North & South NTSC Files	N/North South NTSC Files	A-Games:N/NorthAndSouthFilesNTSC/NorthAndSouthFilesNTSC.slave
North & South Image	N/North South Image	A-Games:N/NorthAndSouthImage/NorthAndSouthImage.slave
North & South NTSC Image	N/North South NTSC Image	A-Games:N/NorthAndSouthImageNTSC/NorthAndSouthImageNTSC.slave
No Second Prize	N/No Second Prize	A-Games:N/NoSecondPrize/NoSecondPrize.slave
Not Very Festive Fodder	N/Not Very Festive Fodder	A-Games:N/NotVeryFestiveFodder/NotVeryFestiveFodder.Slave
Nova 9: The Return of Gir Draxon	N/Nova 9 The Return of Gir D	A-Games:N/Nova9/Nova9.Slave
Nuclear War NTSC	N/Nuclear War NTSC	A-Games:N/NuclearWarNTSC/NuclearWarNTSC.Slave
Nucleus	N/Nucleus	A-Games:N/Nucleus/Nucleus.Slave
Nuxelia AGA Demo	N/Nuxelia AGA Demo	A-Games:N/NuxeliaDemo/NuxeliaDemo.Slave