Simpsons, The: Bart vs. the Space Mutants Intro 2Disk
Simpsons, The: Bart vs. the World
Strip Poker II
Star Wars: The Empire Strikes Back
Star Wars: Return of the Jedi
Sabre Team AGA
Safari Guns
Saint & Greavsie
Saint Dragon
Salmon-Pink Max
Santa's Xmas Caper
Sarakon
Sarcophaser
SAS Combat Simulator
SAS Combat Simulator
Satan
Savage
Scapeghost
Scooby Doo and Scrappy Doo
Scorpio
Scorpion
Scrabble
Scramble Spirits
Scrolling Walls
S.D.I.
Second Samurai AGA
Seconds Out..!
Secret of Monkey Island, The
Secret of the Silver Blades
Seek and Destroy AGA
Sensible Golf
Sensible Soccer 512K
Sensible Soccer: European Champions v1.1 (92/93 Edition) 512K
Sensible Soccer: England vs Germany
Sensible Soccer v1.1 - European Champions 512K
Sensible Soccer v1.2 - International Edition 512K
Sensible Train-spotting
Sensible World Of Moon Soccer
Sensible World of Soccer
Sensible World of Soccer
Sensible World of Soccer '95/'96
Sensible World of Soccer '96/'97
Sensible World of Soccer
Sentinel, The
Settlers, The
Seven Cities of Gold
Seven Gates of Jambala, The Image
Sextimates
Seymour goes to Hollywood
Shadow Dancer
Shadow Fighter AGA
Shadowgate
Shadowlands
Shadow of the Beast
Shadow of the Beast II
Shadow of the Beast III
Shadoworlds
Shadow Sorcerer
Shadow Warriors
Shanghai
Shaq Fu AGA
Sharkey's Moll
She-Fox
Sherman M4
Shinobi
ShockWave
Shuffle
Shufflepuck Café
Shuttle: The Space Flight Simulator
SideArms
Sideshow
SideWinder
SideWinder II
SideWinder
Sierra Soccer: World Challenge Edition
Silent Service
Silent Service II
Silicon Dreams
Silk Worm
SimAnt LoRes
Sim City
Sim City 512K
SimEarth LoRes
SimLife AGA
Simon the Sorcerer AGA
Simulcra
Sinbad and the Throne of the Falcon
Sink or Swim 512KB
Sir Fred: The Legend
Sixiang
Skærmtrolden Hugo DK
Skate of the Art
Skeet Shoot
Skeleton Krew AGA
Skidmarks AGA
Skidz
Ski or Die
Skrull
Skull & Crossbones
Skweek
SkyChase Fast
Skyfox
Skyfox II: The Cygnus Conflict
Sky High Stuntman
Slackskin & Flint
Slamtilt AGA
Slayer
Sleeping Gods Lie
Sleepwalker AGA
Sliders
Slightly Magic
Slip Stream
Sly Spy: Secret Agent
Smash TV
Snapperazzi
Sneech
Snoopy and Peanuts
Snow Bros. Image
Snow Strike
Soccer Kid AGA
Soccer Pinball
Soccer Superstars AGA
Soldier 2000
Soldier of Light
Solid Gold
Solomon's Key 2
Sonic Boom
Son Shu-Shi
Sooty & Sweep
Sooty's Fun With Numbers
Sophelie
Sorcerer Lord
Sorceror's Apprentice
Sorcery+
Sorcery Plus
Sorefist
Space Ace
Space Ace II: Borf's Revenge
Space Assault
Spaceball
Space Crusade
Space Crusade VoyageBeyond
Spacecutter
Space Gun
Space Harrier
Space Harrier RetrnFntZone
Space Harrier II
Space Hulk
Space Pilot 89
Space Quest
Space Quest II
Space Quest III: The Pirates of Pestulon
Space Quest IV
Space Quest: The Sarien Encounter
Space Racer
Space Ranger
Space Rogue
Space Station Oblivion
Special Forces
Speedball
Speedball 2: Brutal Deluxe
Speedboat Assassin
Speed Buggy
Spell Bound
Spellbound Dizzy
Spellfire the Sorceror
Speris Legacy, The AGA
Spherical
Spherical Worlds
Spike In Transylvania
Spindizzy Worlds
Spitting Image Image
Spot
Spot
Spy vs Spy
Spy vs Spy II: The Island Caper
Spy vs Spy III - Arctic Antics
Spy Who Loved Me, The
Sqrxz
Stack Up
Starbirds
Starblade
Starblaze
Star Command
Star Control
Star Crusader AGA
Stardust
Starglider
Starglider 2
Star Goose!
Starians
Starlord
StarRay 2Disk
StarTrash
Star Trek: 25th Anniversary AGA
Starush Image
Star Wars
Steel
Steel Empire
Steg the Slug
Steigar
Stellar 7
Stone Age
Stormball
Stormlord
Storm Master
Stratego
Street Fighter
Street Fighter II: The World Warrior
Street Gang
Street Rod
Street Rod 2
Street Sports Basketball
Strider
Strider II
Strike Aces
Striker
Strip Poker: A Sizzling Game of Chance
Strip Poker II
Strip Poker II
Strip Poker II DataDisk1
Strip Pot AGA
Stryx
S.T.U.N. Runner
Stunt Car Racer
Stunt Car Racer
Stunt Track Racer
Sub Battle Simulator
Subbuteo: The Computer Game
Subtrade: Return to Irata
Suburban Commando
Subwar 2050 AGA
Summer Camp
Summer Challenge
Summer Games
Summer Games SummerGames2
Summer Games II
Summer Olympiad
Supaplex
Super C
Super Cars 2Disk
Super Cauldron
Superfrog Intro
Super Grand Prix
Super Hang-On
Superhero Demo
Super Loopz AGA
Superman: The Man of Steel
Super Methane Bros
Super Monaco GP
Super Obliteration
Super OsWALD DK
Super Scramble Simulator
Super Seymour
Super Ski
Super Ski II
Super Skweek 512KB
Super Space Invaders
Super Stardust AGA
Superstar Ice Hockey
Super Street Fighter II: The New Challengers AGA
Super Street Fighter II: The New Challengers AGA
Super Tetris
Super Twintris
Supremacy
Super Street Fighter II Turbo Intro AGA
Super Tennis Champs
Super Tennis Champs DataDisk
Surf Ninjas AGA
Suspicious Cargo
Swap
Switchblade
Switchblade II
SWIV
Swooper
Sword
Sword & The Rose, The
Sword of Honour
Sword of Sodan
Swords & Galleons
Swords of Twilight
Syndicate
SportTime Table Hockey
SportTime Ten Pin Bowling