A-10 Tank Killer 2Disk
A-10 Tank Killer 3Disk
Aaargh!
Aaargh!
Abandoned Places: A Time for Heroes
Abandoned Places 2
Abandoned Places: A Time for Heroes DE
ABC Monday Night Football
Abracadabra
Academy
Ace Ball PL AGA
Ace Ball PL
ACSYS: Autonomous Cybernetic System AGA Demo
Action Fighter
Addams Family, The
Adrenalynn
Advanced Destroyer Simulator
Advanced Ski Simulator
Advantage Tennis
Adventure Construction Set
Adventures of Quik & Silva, The
Adventures of Robin Hood, The
Adventures of Willy Beamish, The
African Raiders-01
Afterburner
After Burner
After the War
Advanced Galactic Empire
Agony
Agony Demo
Agony NTSC
Airball
Airborne Ranger
Air Support
Akira
Aladdin AGA
Alcatraz
Alchemy Demo
Alfabet Smierci PL AGA
Alfred Chicken
Alfred Chicken AGA
Alfred Chicken CD32
Alianator
Alien³
Alien Bash
Alien Bash 2
Alien Breed
Alien Breed II: The Horror Continues
Alien Breed II: The Horror Continues AGA
Alien Breed 3D 2: The Killing Grounds AGA
Alien Breed 3D AGA
Alien Breed 3D CD32
Alien Breed 3D AGA DemoLatest
Alien Breed 3D AGA DemoPlay
Alien Breed 3D AGA DemoRoll
Alien Breed 3D AGA NoMusic
Alien Breed 3D CD32 NoMusic
Alien Breed: Special Edition 1992
Alien Breed
Alien Breed: Tower Assault
Alien Breed: Tower Assault
Alien Breed: Tower Assault AGA
Alien Breed: Tower Assault AGA
Alien Breed: Tower Assault CD32
Alien Drug Lords: The Chyropian Connection
Alien Fish Finger
Alien Legion
Alien Storm
Alien Syndrome
Alien World
Aliex
Allan Border's Cricket
All New World of Lemmings AGA
Allo Allo! Cartoon Fun!
ATR: All Terrain Racing
ATR: All Terrain Racing Demo
Alpha-1
Alpha Waves
Altered Beast
Altered Destiny
Amazing Spider-Man, The
Ambermoon
Ambermoon DE
Amberstar
Amberstar DE
Amberstar DE FAST
Amberstar FAST
Amegas
American Gladiators
American Tag-Team Wrestling
Amiga Karate
Amnios
Anarchy
Another World
Another World FR
Another World IT
Anstoss DE
Antago
Antares: Der Griff nach den Sternen DE
Apache
Apache Demo
Apache Flight
Apano Sin
Apano Sin DE
APB Files
All Points Bulletin Image
Apidya
Apidya
Apidya
Apidya
Apocalypse
Apprentice
Aquablast
Aquanaut
Aquatic Games, The: Starring James Pond and the Aquabats
Aquaventura
Aquaventura NTSC
Arabian Nights
Arabian Nights CD32
Arachnophobia
Arcade Fruit Machine
Arcade Pool
Arcade Pool AGA
Arcade Pool CD32
Arcade Snooker AGA
Arcade Trivia Quiz
Archer MacLean Presents: Billard Americain
Archer Maclean's Pool
Archipelagos
Archipelagos NTSC
Archon: The Light and the Dark
Archon II: Adept
Arcticfox
Arena
Arkanoid
Arkanoid NTSC
Arkanoid: Revenge of Doh
Armageddon Man, The
Armalyte
Armour-Geddon
Armour-Geddon II: Codename Hellfire
Armour-Geddon NTSC
Army Moves
Arnie
Arnie 2
Art of Chess, The
Artura
Ashes of Empire
Ashes of Empire DE
Assassin
Assassin: Special Edition
Astaroth
Astatin
Astérix: Operation Getafix
Astérix: Operation Getafix DE
Astro Marine Corps
Atax
ATF II - Advanced Tactical Fighter II
Atomic Robo-Kid
Atomino
Atomino DE
Atomix
Atom Smasher
A-Train
A-Train 512K ConstrSet 512K
A-Train ConstructionSet
A-Train 512K
A-Train CZ 512K
A-Train DE 512K
A-Train FR 512K
A-Train PL 512K
A-Train CZ
A-Train DE
A-Train FR
A-Train PL
Aufschwung Ost DE
Aunt Arctic Adventure
Australo Piticus Mechanicus
Auto Duel
AV-8B Harrier Assault
Aventures de Moktar, Les FR
AWESOME
AWESOME Demo
Axel's Magic Hammer
Axe of Rage
Aztec Challenge
Antheads: It Came from the Desert II Data Disk
A Prehistoric Tale
A Question of Sport