Dalek Attack
Daley Thompson's Olympic Challenge 2Disk
Damage: The Sadistic Butchering of Humanity
Damocles - Mercenary II
Dan Dare III: The Escape
Dangerous Streets AGA
Darius+
Dark Castle
Dark Century
Dark Fusion
Darkman
Darkmere
Dark Queen of Krynn, The
Darkseed
Dark Side
DarkSpyre
Das Boot
Datastorm
Dawn Patrol
Day Of The Pharaoh
Day of the Viper
Days of Thunder
D-Day: The Beginning of the End
Death Bringer
Death Bringer
Death Knights of Krynn
Death Mask AGA
Death Sword
Death Trap
Début: Planet Simulation
Deconstruction AGA
Deep, The
Deep Core
Deep Space
Defender II
Defender of the Crown
Defender
Defenders of the Earth
Deflektor
Deja Vu II: Lost in Las Vegas
Deja Vu: A Nightmare Comes True
Deliverance
Delta Command
Deluxe Galaga AGA
Deluxe Pacman AGA
Deluxe Strip Poker 2
Deluxe Strip Poker 2 DDisks
Demon Blue
Demoniak
Demon's Tomb: The Awakening
Denaris 2Disk
Denjoy
Dennis AGA
Dennis DennisAGA
Desert Strike: Return to the Gulf
Destroyer
Detonator
Detroit AGA
Deuteros
Devious Designs
D/Generation AGA
Dick Tracy
Dick Tracy: The Crime Solving Adventure
Die Hard 2: Die Harder
Digger
Diggers AGA
Dimo's Quest
Dinosaur Detective Agency
Dino Wars
Disc
Discovery: In The Steps of Columbus
Discovery (MicroIllusions)
Disposable Hero
Distant Armies: A Playing History of Chess
Ditris
Dizzy Collection Disk2
Dizzy Dice
Dizzy Panic
Dizzy: Prince of the Yolkfolk
Dizzy's Excellent Adventures Disk2
Dog Fight
Dogs of War
Dojo Dan
Dominator
Dominium
Donald Duck's Playground
Donald's Alphabet Chase
Donkey Kong
Donk!: The Samurai Duck! AGA
Doodlebug
Doofus
Double Agent
Double Dragon
Double Dragon II: The Revenge
Double Dragon 3: The Rosetta Stone
Double Dribble
Downhill Challenge
Dragon Breed
Dragon Fighter
Dragonflight
Dragons Breath
DragonScape
Dragon's Kingdom Demo
Dragon's Lair
Dragon's Lair SLOW
Dragon's Lair II: Time Warp
Dragon's Lair III: The Curse of Mordread
Dragon's Lair: Escape from Singe's Castle SLOW
Dragon Spirit
Dragonstone
Dragon Strike
Dragon Tiles II: The Tournament
Dragon Tiles AGA
Dragon Wars
Drakkhen Image
Dr. Doom's Revenge! 1Disk
DreamWeb AGA
Dream Zone
Dr. Fruit
Driller
Drip
Drivin' Force
Dr. Mario
Duck Tales: The Quest for Gold
Dugger
Dune
Dune II: The Battle for Arrakis
Dungeon Master
Dungeon Master II: The Legend of Skullkeep AGA
Dungeon Quest
Dungeons of Avalon
Dungeons of Avalon II: The Island of Darkness
Dux
Dylan Dog: The Murderers
Dyna Blaster
Dynamite Düx
Dynasty Wars
Dyter-07
Do! Run Run Image