Cabal
Cabaret Asteroids
Cabaret Asteroids
Cadaver
Cadaver: The Pay Off CadaverThePayoff
Cadaver: The Pay Off
Caesar
Calephar Image
California Games
California Games II
Campaign
Campaign DataDisk
Campaign II
Cannon Fodder
Cannon Fodder 2
Cannon Fodder 2 - Alien Levels
Cannon Fodder: New Campaign
Cannon Fodder Plus
Cannon Soccer
Capital Punishment AGA
Cap 'n' Carnage
Capone
Captain Blood
Captain Dynamo
Captain Fizz Meets the Blaster-Trons
Captain Planet and the Planeteers
Captive
Carcharodon: White Sharks
Cardiaxx
Cardiaxx
Carl Lewis Challenge, The
Carlos
Carnage
Carrier Command
Carthage
Carver
Car-Vup
Castle Kingdoms
Castle Master
Castle Master II: The Crypt
Castle of Dr. Brain
Castles
Castlevania
Castle Warrior
Catch 'Em
Cattivik
Cavemania
Cavitas
Cedric and the Lost Sceptre
Celtic Legends
Centerfold Squares
Centurion: Defender of Rome
Century
Chamber of the Sci-Mutant Priestess
Chambers of Shaolin
Champ, The
Champion Driver
Championship Golf
Champions of Krynn
Chaos Engine 2, The AGA
Chaos Engine, The AGA
Chaos in Andromeda: Eyes of the Eagle
Chaos Strikes Back Util
Charlie J. Cool AGA
Chase HQ
Chase HQ II: Special Criminal Investigation
Chessmaster 2000, The
Chess Player 2150
Chess Player 2150
Chess Simulator
Chicago 90
Chip's Challenge
Chip's Challenge
Chrome
Chronicles of Omega, The
Chrono Quest
Chrono Quest II
Chubby Gristle
Chuckie Egg
Chuckie Egg II
Chuck Rock
Chuck Rock II: Son of Chuck
Chuck Yeager's Advanced Flight Trainer 2.0
Circus Attractions 2Disk
Circus Games
Cisco Heat
Citadel
City Defence
Civilization AGA
CJ in the USA
CJ's Elephant Antics
Classic Arcadia & Baby Arcadia
Classic Board Games
Classic Pucman
Cliffhanger
Clik Clak
Clockwiser AGA
Cloud Kingdoms
Clown-O-Mania
Clue!, The AGA
Cluedo: Master Detective
Clue: Master Detective
COALA AGA
Code Name: Iceman
Cogans Run
Colonel's Bequest, The
Colonization AGA
Colony, The
Colorado
Color Buster
Coloris
Colossus Chess X
Combat Air Patrol
Combo Racer
Commando
Computer Scrabble
Conan the Cimmerian
Conflict: Europe
Conflict: The Middle East Political Simulator
Conqueror
Conquests of Camelot
Conquests of the Longbow
Continental Circus
Cool Croc Twins
Cool Spot
Cool World
Corporation Missions 3Disk
Corporation 2Disk
Corruption
Corsarios
Corx
Cosmic Bouncer
Cosmic Pirate
Cosmic Relief: Prof. Renegade to the Rescue
Cosmic Spacehead
Count Duckula
Cover Girl Strip Poker
Covert Action
Crack
Crack Down
Crash Garrett
Crazy Cars
Crazy Cars II
Crazy Cars III
Crazy Seasons
Crazy Shot
Crazy Sue
Crazy Sue ...Goes On
Creature
Creatures
Crime City
Crime Does Not Pay
Crime Wave
Croak!
Croak 2
Crossbow: The Legend of William Tell
CrossCheck
Cruise for a Corpse
Cruncher Factory
Crystal Dragon
Crystal Hammer
Crystal Hammer
Crystal Kingdom Dizzy
Crystal Palace
Crystals of Arborea
Cubix
Cubulus
Curse of Enchantia
Curse of RA, The
Curse of the Azure Bonds
Custodian
Cyber Assault
Cyberball
Cyberblast
Cybercon III
Cyber Cop
Cyber Empires
Cyber Games
Cybernetix
Cybernoid: The Fighting Machine
Cybernoid II: The Revenge
Cyberpunks
Cyber World
Cyberzerk
Cycles, The: International Grand Prix Racing
Cygnus 8
Cytron
Celica GT Rally