B-17 Flying Fortress	B/B-17 Flying Fortress	A-Games:B/B17FlyingFortress/B17FlyingFortress.Slave
B-17 Flying Fortress Demo	B/B-17 Flying Fortress Demo	A-Games:B/B17FlyingFortressDemo/B17FlyingFortressDemo.Slave
Baal	B/Baal	A-Games:B/Baal/Baal.Slave
Baba Yaga	B/Baba Yaga	A-Games:B/BabaYaga/BabaYaga.slave
Baby Jo in 'Going Home'	B/Baby Jo in Going Home	A-Games:B/BabyJoInGoingHome/BabyJoInGoingHome.Slave
Babylonian Twins Demo	B/Babylonian Twins Demo	A-Games:B/BabylonianTwinsDemo/BabylonianTwinsDemo.slave
Backlash	B/Backlash	A-Games:B/Backlash/Backlash.Slave
Back to the Future Part II	B/Back to the Future Part II	A-Games:B/BackToTheFuturePart2/BackToTheFuturePart2.slave
Back to the Future Part III	B/Back to the Future Part V2	A-Games:B/BackToTheFuturePart3/BackToTheFuturePart3.Slave
Back to the Future Part III NTSC	B/Back to the Future Part V3	A-Games:B/BackToTheFuturePart3NTSC/BackToTheFuturePart3NTSC.Slave
Bad Cat	B/Bad Cat	A-Games:B/BadCat/BadCat.Slave
Bad Company	B/Bad Company	A-Games:B/BadCompany/BadCompany.slave
Bad Dudes vs. Dragonninja CHIP NTSC	B/Bad Dudes vs. Dragonninja	A-Games:B/BadDudesChipNTSC/BadDudesChipNTSC.slave
Bad Dudes vs. Dragonninja NTSC	B/Bad Dudes vs. Dragonninja 	A-Games:B/BadDudesNTSC/BadDudesNTSC.slave
Bad Dudes vs. Dragonninja	B/Bad Dudes vs. Dragonnin V2	A-Games:B/BadDudesVsDragonNinja/BadDudesVsDragonNinja.slave
Bad Dudes vs. Dragonninja CHIP	B/Bad Dudes vs. Dragonnin V3	A-Games:B/BadDudesVsDragonNinjaChip/BadDudesVsDragonNinjaChip.slave
BadLands	B/BadLands	A-Games:B/BadLands/Badlands.slave
Badlands Pete	B/Badlands Pete	A-Games:B/BadlandsPete/BadlandsPete.Slave
Bagitman	B/Bagitman	A-Games:B/Bagitman/Bagitman.Slave
Balade au Pays de Big Ben FR	B/Balade au Pays de Big Ben	A-Games:B/BaladeAuPaysDeBigBenFr/BaladeAuPaysDeBigBenFr.Slave
Balance of Power: Geopolitics in the Nuclear Age	B/Balance of Power Geopoliti	A-Games:B/BalanceOfPower1990Ed/BalanceOfPower1990Ed.Slave
Balance of Power: Geopolitics in the Nuclear Age NTSC	B/Balance of Power Geopol V2	A-Games:B/BalanceOfPowerNTSC/BalanceOfPowerNTSC.Slave
Ball Game, The	B/Ball Game. The	A-Games:B/BallGame/BallGame.Slave
Ballistix	B/Ballistix	A-Games:B/Ballistix/Ballistix.slave
Ball Raider	B/Ball Raider	A-Games:B/BallRaider/BallRaider.Slave
Ball Raider II	B/Ball Raider II	A-Games:B/BallRaider2/BallRaider2.slave
Bandit Kings of Ancient China	B/Bandit Kings of Ancient Ch	A-Games:B/BanditKings/BanditKings.Slave
Bangkok Knights	B/Bangkok Knights	A-Games:B/BangkokKnights/BangkokKnights.slave
Banshee AGA	B/Banshee AGA	A-Games:B/BansheeAGA/BansheeAGA.slave
Banshee CD32	B/Banshee CD32	A-Games:B/BansheeCD32/BansheeCD32.slave
Banzai	B/Banzai	A-Games:B/Banzai/Banzai.Slave
Barbarian II	B/Barbarian II	A-Games:B/Barbarian2Palace/Barbarian2Palace.slave
Barbarian II	B/Barbarian II 	A-Games:B/Barbarian2Psygnosis/Barbarian2Psygnosis.Slave
Barbarian	B/Barbarian	A-Games:B/BarbarianPalace/BarbarianPalace.Slave
Barbarian	B/Barbarian 	A-Games:B/BarbarianPsygnosis/BarBarianPsygnosis.Slave
Bard's Tale, The: Tales of the Unknown	B/Bards Tale. The Tales of t	A-Games:B/BardsTale/BardsTale.Slave
Bard's Tale II, The: The Destiny Knight	B/Bards Tale II. The The Des	A-Games:B/BardsTale2/BardsTale2.Slave
Bard's Tale III, The: Thief of Fate	B/Bards Tale III. The Thief	A-Games:B/BardsTale3/BardsTale3.slave
Bard's Tale, The: Tales of the Unknown NTSC	B/Bards Tale. The Tales o V2	A-Games:B/BardsTaleNTSC/BardsTaleNTSC.Slave
Bar Games	B/Bar Games	A-Games:B/BarGames/BarGames.Slave
Bargon Attack	B/Bargon Attack	A-Games:B/BargonAttack/BargonAttack.slave
Bargon Attack FR	B/Bargon Attack FR	A-Games:B/BargonAttackFr/BargonAttackFr.slave
Barney Bear goes to School	B/Barney Bear goes to School	A-Games:B/BarneyBearGoesToSchool/BarneyBearGoesToSchool.Slave
Barney Bear goes to Space	B/Barney Bear goes to Space	A-Games:B/BarneyBearGoesToSpace/BarneyBearGoesToSpace.Slave
Base Jumpers	B/Base Jumpers	A-Games:B/BaseJumpers/BaseJumpers.slave
Base Jumpers CD32	B/Base Jumpers CD32	A-Games:B/BaseJumpersCD32/BaseJumpersCD32.slave
Basket Island AGA Demo1	B/Basket Island AGA Demo1	A-Games:B/BasketIslandDemo1AGA/BasketIslandDemo1AGA.Slave
Basket Island AGA Demo2	B/Basket Island AGA Demo2	A-Games:B/BasketIslandDemo2AGA/BasketIslandDemo2AGA.Slave
B.A.T.	B/B.A.T.	A-Games:B/BAT/BAT.slave
B.A.T. II	B/B.A.T. II	A-Games:B/BAT2/BAT2.slave
B.A.T. II DE	B/B.A.T. II DE	A-Games:B/BAT2De/BAT2De.slave
B.A.T. II FR	B/B.A.T. II FR	A-Games:B/BAT2Fr/BAT2Fr.slave
B.A.T. DE	B/B.A.T. DE	A-Games:B/BATDe/BATDe.slave
B.A.T. FR	B/B.A.T. FR	A-Games:B/BATFr/BATFr.slave
B.A.T. IT	B/B.A.T. IT	A-Games:B/BATIt/BATIt.Slave
Batman: The Caped Crusader	B/Batman The Caped Crusader	A-Games:B/BatmanCapedCrusader/BatmanCapedCrusader.slave
Batman Returns	B/Batman Returns	A-Games:B/BatmanReturns/BatmanReturns.Slave
Batman: The Movie 1Disk	B/Batman The Movie 1Disk	A-Games:B/BatmanTheMovie1Disk/BatmanTheMovie1Disk.Slave
Batman: The Movie 2Disk	B/Batman The Movie 2Disk	A-Games:B/BatmanTheMovie2Disk/BatmanTheMovie2Disk.Slave
Battle Bound	B/Battle Bound	A-Games:B/BattleBound/BattleBound.Slave
Battle Chess	B/Battle Chess	A-Games:B/BattleChess/BattleChess.slave
Battle Chess II: Chinese Chess	B/Battle Chess II Chinese Ch	A-Games:B/BattleChess2/BattleChess2.Slave
Battle Chess CD32	B/Battle Chess CD32	A-Games:B/BattleChessCD32/BattleChessCD32.Slave
Battle Chess CDTV	B/Battle Chess CDTV	A-Games:B/BattleChessCDTV/BattleChessCDTV.Slave
Battle Command	B/Battle Command	A-Games:B/BattleCommand/BattleCommand.slave
Battle for the Ashes	B/Battle for the Ashes	A-Games:B/BattleForAshes/BattleForAshes.Slave
Battle for the Ashes AmigaPower	B/Battle for the Ashes Amiga	A-Games:B/BattleForAshesAmigaPower/BattleForAshesAmigaPower.Slave
Battlehawks 1942	B/Battlehawks 1942	A-Games:B/Battlehawks1942/Battlehawks1942.Slave
Battle Isle	B/Battle Isle	A-Games:B/BattleIsle/BattleIsle.Slave
Battle Isle DataDisk	B/Battle Isle DataDisk	A-Games:B/BattleIsle&DataDisks/BattleIsle&DataDisks.Slave
Battle Master	B/Battle Master	A-Games:B/BattleMaster/BattleMaster.Slave
Battleships NTSC	B/Battleships NTSC	A-Games:B/BattleshipNTSC/BattleshipNTSC.slave
Battleships	B/Battleships	A-Games:B/Battleships/Battleships.slave
Battle Squadron	B/Battle Squadron	A-Games:B/BattleSquadron/BattleSquadron.slave
Battle Squadron Demo	B/Battle Squadron Demo	A-Games:B/BattleSquadronDemo/BattleSquadronDemo.Slave
Battle Squadron NTSC	B/Battle Squadron NTSC	A-Games:B/BattleSquadronNTSC/BattleSquadronNTSC.slave
Battlestorm CDTV	B/Battlestorm CDTV	A-Games:B/BattlestormCDTV/BattleStormCDTV.Slave
Battlestorm NTSC	B/Battlestorm NTSC	A-Games:B/BattlestormNTSC/BattleStormNTSC.Slave
Battletech: The Crescent Hawk's Inception NTSC	B/Battletech The Crescent Ha	A-Games:B/BattletechNTSC/BattletechNTSC.Slave
Battletoads	B/Battletoads	A-Games:B/Battletoads/Battletoads.slave
Battletoads CD32	B/Battletoads CD32	A-Games:B/BattletoadsCD32/BattletoadsCD32.slave
Battle Valley	B/Battle Valley	A-Games:B/BattleValley/BattleValley.Slave
BC Kid	B/BC Kid	A-Games:B/BCKid/BCKid.Slave
Beach Volley	B/Beach Volley	A-Games:B/BeachVolley/BeachVolley.Slave
Beam	B/Beam	A-Games:B/Beam/Beam.Slave
Beast Busters	B/Beast Busters	A-Games:B/BeastBusters/BeastBusters.slave
Beastlord	B/Beastlord	A-Games:B/Beastlord/Beastlord.slave
Beavers	B/Beavers	A-Games:B/Beavers/Beavers.Slave
Beavers CD32	B/Beavers CD32	A-Games:B/BeaversCD32/BeaversCD32.Slave
Behind the Iron Gate	B/Behind the Iron Gate	A-Games:B/BehindTheIronGate/BehindTheIronGate.slave
Behind the Iron Gate DE	B/Behind the Iron Gate DE	A-Games:B/BehindTheIronGateDe/BehindTheIronGateDe.slave
Belial	B/Belial	A-Games:B/Belial/Belial.Slave
Beneath A Steel Sky	B/Beneath A Steel Sky	A-Games:B/BeneathAStlSky/BeneathAStlSky.slave
Beneath A Steel Sky CD32	B/Beneath A Steel Sky CD32	A-Games:B/BeneathAStlSkyCD32/BeneathAStlSkyCD32.slave
Beneath A Steel Sky CD32 NoVoice	B/Beneath A Steel Sky CD32 N	A-Games:B/BeneathAStlSkyCD32NoVoice/BeneathAStlSkyCD32NoVoice.slave
Beneath A Steel Sky DE	B/Beneath A Steel Sky DE	A-Games:B/BeneathAStlSkyDe/BeneathAStlSkyDe.slave
Beneath A Steel Sky FR	B/Beneath A Steel Sky FR	A-Games:B/BeneathAStlSkyFr/BeneathAStlSkyFr.slave
Beneath A Steel Sky IT	B/Beneath A Steel Sky IT	A-Games:B/BeneathAStlSkyIt/BeneathAStlSkyIt.slave
Beneath A Steel Sky SE	B/Beneath A Steel Sky SE	A-Games:B/BeneathAStlSkySe/BeneathAStlSkySe.slave
Benefactor	B/Benefactor	A-Games:B/Benefactor/Benefactor.slave
Benefactor CD32	B/Benefactor CD32	A-Games:B/BenefactorCD32/BenefactorCD32.Slave
Berlin 1948	B/Berlin 1948	A-Games:B/Berlin1948/Berlin1948.slave
Berlin 1948 DE	B/Berlin 1948 DE	A-Games:B/Berlin1948De/Berlin1948De.Slave
Best of the Best: Championship Karate	B/Best of the Best Champions	A-Games:B/BestOfTheBest/BestOfTheBest.Slave
Betrayal	B/Betrayal	A-Games:B/Betrayal/Betrayal.Slave
Better Dead Than Alien!	B/Better Dead Than Alien	A-Games:B/BetterDeadThanAlien/BetterDeadThanAlien.Slave
Better Dead Than Alien! NTSC	B/Better Dead Than Alien NTS	A-Games:B/BetterDeadThanAlienNTSC/BetterDeadThanAlienNTSC.Slave
Better Maths	B/Better Maths	A-Games:B/BetterMaths/BetterMaths.Slave
Beverly Hills Cop	B/Beverly Hills Cop	A-Games:B/BeverlyHillsCop/BeverlyHillsCop.slave
Beyond Dark Castle	B/Beyond Dark Castle	A-Games:B/BeyondDarkCastle/BeyondDarkCastle.slave
Beyond the Ice Palace	B/Beyond the Ice Palace	A-Games:B/BeyondTheIcePalace/BeyondTheIcePalace.Slave
Bez Kompromisu PL	B/Bez Kompromisu PL	A-Games:B/BezKompromisuPl/BezKompromisuPl.Slave
Big Business	B/Big Business	A-Games:B/BigBusiness/BigBusiness.Slave
Big Nose the Caveman	B/Big Nose the Caveman	A-Games:B/BigNoseTheCaveman/BigNoseTheCaveman.Slave
Big Run	B/Big Run	A-Games:B/BigRun/BigRun.Slave
BIING! - Sex, Intrigen und Skalpelle DE AGA	B/BIING - Sex. Intrigen und	A-Games:B/BiingAGADe/BiingAGADe.slave
Bill's Tomato Game	B/Bills Tomato Game	A-Games:B/BillsTomatoGame/BillsTomatoGame.slave
Bill's Tomato Game NTSC	B/Bills Tomato Game NTSC	A-Games:B/BillsTomatoGameNTSC/BillsTomatoGameNTSC.slave
Bio Challenge	B/Bio Challenge	A-Games:B/BioChallenge/BioChallenge.Slave
Bionic Commando	B/Bionic Commando	A-Games:B/BionicCommando/BionicCommando.Slave
Bionic Commando NTSC	B/Bionic Commando NTSC	A-Games:B/BionicCommandoNTSC/BionicCommandoNTSC.Slave
Biplane Duel	B/Biplane Duel	A-Games:B/BiplaneDuel/BiplaneDuel.Slave
Birds of Prey	B/Birds of Prey	A-Games:B/BirdsOfPrey/BirdsOfPrey.slave
Bismarck	B/Bismarck	A-Games:B/Bismarck/Bismarck.Slave
Bivouac FR	B/Bivouac FR	A-Games:B/BivouacFr/BivouacFr.slave
Black Cauldron, The	B/Black Cauldron. The	A-Games:B/BlackCauldron/BlackCauldron.Slave
Black Crypt	B/Black Crypt	A-Games:B/BlackCrypt/BlackCrypt.Slave
Black Dawn	B/Black Dawn	A-Games:B/BlackDawn/BlackDawn.Slave
Black Dawn II	B/Black Dawn II	A-Games:B/BlackDawn2/BlackDawn2.Slave
Black Dawn VI: Hellbound	B/Black Dawn VI Hellbound	A-Games:B/BlackDawn6/BlackDawn6.Slave
Black Dawn VI: Hellbound	B/Black Dawn VI Hellbound 	A-Games:B/BlackDawnRebirth/BlackDawnRebirth.slave
Black Gold (reLINE)	B/Black Gold reLINE	A-Games:B/BlackGoldReLINE/BlackGoldReLINE.Slave
Black Hornet	B/Black Hornet	A-Games:B/BlackHornet/BlackHornet.Slave
Black Lamp	B/Black Lamp	A-Games:B/BlackLamp/BlackLamp.slave
Black Sect FR	B/Black Sect FR	A-Games:B/BlackSectFr/BlackSectFr.Slave
Black Shadow	B/Black Shadow	A-Games:B/BlackShadow/BlackShadow.Slave
Black Tiger	B/Black Tiger	A-Games:B/BlackTiger/BlackTiger.slave
Black Viper	B/Black Viper	A-Games:B/BlackViper/BlackViper.slave
Black Viper AGA	B/Black Viper AGA	A-Games:B/BlackViperAGA/BlackViperAGA.slave
Black Viper CD32	B/Black Viper CD32	A-Games:B/BlackViperCD32/BlackViperCD32.Slave
Black Viper Intro CD32	B/Black Viper Intro CD32	A-Games:B/BlackViperCD32/IntroCD32.Slave
Blade	B/Blade	A-Games:B/Blade/Blade.Slave
Blade AGA	B/Blade AGA	A-Games:B/BladeAGA/BladeAGA.Slave
Blades of Steel	B/Blades of Steel	A-Games:B/BladesOfSteel/BladesOfSteel.Slave
Blade Warrior	B/Blade Warrior	A-Games:B/BladeWarrior/BladeWarrior.slave
Blastaball	B/Blastaball	A-Games:B/BlastaBallArcadia/BlastaBallArcadia.Slave
Blastar	B/Blastar	A-Games:B/Blastar/Blastar.Slave
Blasteroids	B/Blasteroids	A-Games:B/Blasteroids/Blasteroids.slave
Blazing Thunder	B/Blazing Thunder	A-Games:B/BlazingThunder/BlazingThunder.Slave
Blinky's Scary School	B/Blinkys Scary School	A-Games:B/BlinkysScarySchool/BlinkysScarySchool.Slave
Blob	B/Blob	A-Games:B/Blob/Blob.slave
Blobz AGA	B/Blobz AGA	A-Games:B/BlobzAGA/BlobzAGA.Slave
Block Out	B/Block Out	A-Games:B/BlockOut/BlockOut.slave
Block Shock: The Last Chance	B/Block Shock The Last Chanc	A-Games:B/BlockShock/BlockShock.Slave
Blood Money	B/Blood Money	A-Games:B/BloodMoney/BloodMoney.slave
BloodNet	B/BloodNet	A-Games:B/BloodNet/Bloodnet.slave
BloodNet AGA	B/BloodNet AGA	A-Games:B/BloodNetAGA/BloodnetAGA.slave
Bloodwych	B/Bloodwych	A-Games:B/Bloodwych/Bloodwych.Slave
Bloodwych ExtendedLevels	B/Bloodwych ExtendedLevels	A-Games:B/Bloodwych&ExtendedLevels/Bloodwych.Slave
Bloodwych ExtendedLevels	B/Bloodwych ExtendedLevels 	A-Games:B/Bloodwych&ExtendedLevels/ExtendedLevels.Slave
Blork	B/Blork	A-Games:B/Blork/Blork.Slave
Blue Angel 69	B/Blue Angel 69	A-Games:B/BlueAngel69/BlueAngel69.slave
Blue Angels NTSC	B/Blue Angels NTSC	A-Games:B/BlueAngelsNTSC/BlueAngelsNTSC.Slave
Blueberry DE	B/Blueberry DE	A-Games:B/BlueBerryDe/BlueberryDe.Slave
Blueberry ES	B/Blueberry ES	A-Games:B/BlueBerryEs/BlueberryEs.Slave
Blueberry FR	B/Blueberry FR	A-Games:B/BlueBerryFr/BlueberryFr.Slave
Blue Max: Aces of the Great War	B/Blue Max Aces of the Great	A-Games:B/BlueMax/BlueMax.Slave
Blues Brothers, The	B/Blues Brothers. The	A-Games:B/BluesBrothers/BluesBrothers.slave
BMX Simulator	B/BMX Simulator	A-Games:B/BMXSimulator/BMXSimulator.Slave
Bobo	B/Bobo	A-Games:B/Bobo/Bobo.Slave
Bobo FR	B/Bobo FR	A-Games:B/BoboFr/BoboFr.Slave
Bob's Bad Day	B/Bobs Bad Day	A-Games:B/BobsBadDay/BobsBadDay.slave
Bob's Garden	B/Bobs Garden	A-Games:B/BobsGarden/BobsGarden.Slave
Body Blows	B/Body Blows	A-Games:B/BodyBlows/BodyBlows.slave
Body Blows AGA	B/Body Blows AGA	A-Games:B/BodyBlowsAGA/BodyBlowsAGA.Slave
Body Blows FAST	B/Body Blows FAST	A-Games:B/BodyBlowsFast/BodyBlowsFast.Slave
Body Blows Galactic	B/Body Blows Galactic	A-Games:B/BodyBlowsGalactic/BodyBlowsGalactic.slave
Body Blows Galactic AGA	B/Body Blows Galactic AGA	A-Games:B/BodyBlowsGalacticAGA/BodyBlowsGalacticAGA.slave
Bomber Bob	B/Bomber Bob	A-Games:B/BomberBob/BomberBob.Slave
Bomb Fusion	B/Bomb Fusion	A-Games:B/BombFusion/BombFusion.Slave
Bomb Jack	B/Bomb Jack	A-Games:B/BombJack/BombJack.slave
Bomb Jack Beer Edition	B/Bomb Jack Beer Edition	A-Games:B/BombJackBeerEdition/BombJackBeerEdition.slave
BombPac AGA CD32	B/BombPac AGA CD32	A-Games:B/BombPacCD32AGA/BombPacCD32AGA.Slave
BombPac AGA CD32 Aminet	B/BombPac AGA CD32 Aminet	A-Games:B/BombPacCD32AGAAminet/BombPacCD32AGAAminet.Slave
Bombuzal	B/Bombuzal	A-Games:B/Bombuzal/Bombuzal.Slave
Bomb'X	B/BombX	A-Games:B/BombX/BombX.slave
Bomb'X New Levels	B/BombX New Levels	A-Games:B/BombXNewLevels/BombXNewLevels.slave
Bonanza Bros	B/Bonanza Bros	A-Games:B/BonanzaBros/BonanzaBros.slave
Bone Cruncher	B/Bone Cruncher	A-Games:B/BoneCruncher/BoneCruncher.Slave
Bone Cruncher	B/Bone Cruncher 	A-Games:B/BoneCruncherEnhanced/BoneCruncherEnhanced.Slave
Booly	B/Booly	A-Games:B/Booly/Booly.Slave
Boot, Das NTSC	B/Boot. Das NTSC	A-Games:B/BootNTSC/BootNTSC.Slave
Boppin' (Beta/Unreleased)	B/Boppin BetaUnreleased	A-GamesBeta:B/Boppin/Boppin.Slave
Borobodur: The Planet of Doom	B/Borobodur The Planet of Do	A-Games:B/Borobodur/Borobodur.Slave
Borrowed Time	B/Borrowed Time	A-Games:B/BorrowedTime/BorrowedTime.Slave
Bosse Des Maths 3?me, La FR	B/Bosse Des Maths 3me. La FR	A-Games:B/BosseDesMaths3emeFr/BosseDesMaths3emeFr.Slave
Bosse Des Maths 4?me, La FR	B/Bosse Des Maths 4me. La FR	A-Games:B/BosseDesMaths4emeFr/BosseDesMaths4emeFr.Slave
Bosse Des Maths 5?me, La FR	B/Bosse Des Maths 5me. La FR	A-Games:B/BosseDesMaths5emeFr/BosseDesMaths5emeFr.Slave
Bosse Des Maths 3?me, La FR	B/Bosse Des Maths 3me. La V2	A-Games:B/BosseDesMaths6emeFr/BosseDesMaths6emeFr.Slave
Boston Bomb Club	B/Boston Bomb Club	A-Games:B/BostonBombClub/BostonBombClub.Slave
Boston Bomb Club FAST	B/Boston Bomb Club FAST	A-Games:B/BostonBombClubFast/BostonBombClubFast.slave
Botics	B/Botics	A-Games:B/Botics/Botics.slave
Boulder Dash Construction Kit	B/Boulder Dash Construction	A-Games:B/BoulderDashConstrKit/BoulderDashConstrKit.Slave
Brainball	B/Brainball	A-Games:B/Brainball/Brainball.slave
Brain Blasters, The	B/Brain Blasters. The	A-Games:B/BrainBlasters/BrainBlasters.Slave
Brain Man	B/Brain Man	A-Games:B/BrainMan/BrainMan.Slave
Bram Stoker's Dracula	B/Bram Stokers Dracula	A-Games:B/BramStokersDracula/BramStokersDracula.Slave
Brat	B/Brat	A-Games:B/Brat/Brat.slave
Brataccas NTSC	B/Brataccas NTSC	A-Games:B/BrataccasNTSC/BrataccasNTSC.Slave
Breach 2	B/Breach 2	A-Games:B/Breach2/Breach2.Slave
Breach NTSC	B/Breach NTSC	A-Games:B/BreachNTSC/BreachNTSC.Slave
BreakOut Revolution AGA	B/BreakOut Revolution AGA	A-Games:B/BreakOutRevolutionAGA/BreakOutRevolutionAGA.slave
Breathless AGA	B/Breathless AGA	A-Games:B/BreathlessAGA/BreathlessAGA.Slave
Breathless AGA 060	B/Breathless AGA 060	A-Games:B/BreathlessAGA060/BreathlessAGA060.Slave
Breathless AGA Demo	B/Breathless AGA Demo	A-Games:B/BreathlessDemoAGA/BreathlessDemoAGA.Slave
Brian Lara's Cricket	B/Brian Laras Cricket	A-Games:B/BrianLarasCricket/BrianLarasCricket.Slave
Brian Lara's Cricket 96	B/Brian Laras Cricket 96	A-Games:B/BrianLarasCricket96/BrianLarasCricket96.Slave
Brian the Lion	B/Brian the Lion	A-Games:B/BrianTheLion/BrianTheLion.slave
Brian the Lion AGA	B/Brian the Lion AGA	A-Games:B/BrianTheLionAGA/BrianTheLionAGA.slave
Brides of Dracula	B/Brides of Dracula	A-Games:B/BridesOfDracula/BridesOfDracula.slave
Brutal Football	B/Brutal Football	A-Games:B/BrutalFootball/BrutalFootball.slave
Brutal Football AGA	B/Brutal Football AGA	A-Games:B/BrutalFootballAGA/BrutalFootballAGA.slave
Brutal Football CD32	B/Brutal Football CD32	A-Games:B/BrutalFootballCD32/BrutalFootballCD32.Slave
Brutal: Paws of Fury	B/Brutal Paws of Fury	A-Games:B/BrutalPawsOfFury/BrutalPawsOfFury.slave
Brutal: Paws of Fury CD32	B/Brutal Paws of Fury CD32	A-Games:B/BrutalPawsOfFuryCD32/BrutalPawsOfFuryCD32.slave
Bubba 'n' Stix	B/Bubba n Stix	A-Games:B/BubbaNStix/BubbaNStix.slave
Bubba 'n' Stix CD32	B/Bubba n Stix CD32	A-Games:B/BubbaNStixCD32/BubbaNStixCD32.slave
Bubble +	B/Bubble +	A-Games:B/Bubble+/Bubble+.Slave
Bubble and Squeak	B/Bubble and Squeak	A-Games:B/BubbleAndSqueak/BubbleAndSqueak.slave
Bubble and Squeak AGA	B/Bubble and Squeak AGA	A-Games:B/BubbleAndSqueakAGA/BubbleAndSqueakAGA.slave
Bubble and Squeak CD32	B/Bubble and Squeak CD32	A-Games:B/BubbleAndSqueakCD32/BubbleAndSqueakCD32.slave
Bubble Bobble	B/Bubble Bobble	A-Games:B/BubbleBobble/BubbleBobble.slave
Bubble Bobble NTSC	B/Bubble Bobble NTSC	A-Games:B/BubbleBobbleNTSC/BubbleBobbleNTSC.slave
Bubble Dizzy	B/Bubble Dizzy	A-Games:B/BubbleDizzy/BubbleDizzy.slave
Bubble Gun	B/Bubble Gun	A-Games:B/BubbleGun/BubbleGun.Slave
Buck Rogers XXVc: Countdown To Doomsday DE	B/Buck Rogers XXVc Countdown	A-Games:B/BuckRogersDe/BuckRogersDe.slave
Buck Rogers XXVc: Countdown To Doomsday NTSC	B/Buck Rogers XXVc Countd V2	A-Games:B/BuckRogersNTSC/BuckRogersNTSC.slave
Budokan: The Martial Spirit	B/Budokan The Martial Spirit	A-Games:B/Budokan/Budokan.Slave
Buffalo Bill's Wild West Show	B/Buffalo Bills Wild West Sh	A-Games:B/BuffaloBillsWildWestShow/BuffaloBillsWildWestShow.Slave
Bug Bash	B/Bug Bash	A-Games:B/BugBash/BugBash.Slave
Bugbomber	B/Bugbomber	A-Games:B/BugBomber/BugBomber.Slave
Buggy Boy	B/Buggy Boy	A-Games:B/BuggyBoy/BuggyBoy.Slave
Buggy Boy (Beta/Unreleased)	B/Buggy Boy BetaUnreleased	A-GamesBeta:B/BuggyBoy/BuggyBoy.slave
Builderland	B/Builderland	A-Games:B/Builderland/Builderland.Slave
Bump 'n' Burn	B/Bump n Burn	A-Games:B/BumpNBurn/BumpNBurn.Slave
Bump 'n' Burn CD32	B/Bump n Burn CD32	A-Games:B/BumpNBurnCD32/BumpNBurnCD32.Slave
Bumpy's Arcade Fantasy	B/Bumpys Arcade Fantasy	A-Games:B/BumpysArcadeFantasy/BumpysArcadeFantasy.Slave
Bundesliga Manager Professional DE	B/Bundesliga Manager Profess	A-Games:B/BundesligaManagerProDe/BundesligaManagerProDe.Slave
Bundesliga Manager Hattrick DE AGA	B/Bundesliga Manager Hattric	A-Games:B/BundesligaMngrHattAGADe/BundesligaMngrHattAGADe.slave
Bunny Bricks	B/Bunny Bricks	A-Games:B/BunnyBricks/BunnyBricks.Slave
Bunny Bricks FAST	B/Bunny Bricks FAST	A-Games:B/BunnyBricksFast/BunnyBricksFast.Slave
Burger Man	B/Burger Man	A-Games:B/BurgerMan/BurgerMan.Slave
Burning Rubber	B/Burning Rubber	A-Games:B/BurningRubber/BurningRubber.slave
Burning Rubber	B/Burning Rubber 	A-Games:B/BurningRubberEnhanced/BurningRubberEnhanced.slave
Burnout AGA	B/Burnout AGA	A-Games:B/BurnoutAGA/BurnoutAGA.slave
Burntime	B/Burntime	A-Games:B/Burntime/Burntime.Slave
Burntime AGA	B/Burntime AGA	A-Games:B/BurntimeAGA/BurntimeAGA.Slave
Burntime DE AGA	B/Burntime DE AGA	A-Games:B/BurntimeAGADe/BurntimeAGADe.Slave
Burntime DE	B/Burntime DE	A-Games:B/BurntimeDe/BurntimeDe.Slave
Butcher Hill	B/Butcher Hill	A-Games:B/ButcherHill/ButcherHill.Slave
Balade au Pays de Big Ben DE	B/Balade au Pays de Big Ben 	A-Games:R/ReiseInsLandDesBigBenDe/ReiseInsLandDesBigBenDe.Slave
Brain Blasters, The FR	B/Brain Blasters. The FR	A-Games:T/TellerFr/TellerFr.Slave