Nam 1965-1975
Narc
Narco Police
Nathan Never IT
Naughty Ones
Naughty Ones AGA
Naughty Ones CD32
Navy Moves
Navy Seals
Nebulus
Nebulus 2
Necronom
Neighbours
Netherworld
Neuromancer
Neuronics
Neverending Story II, The
Nevermind
New Year Lemmings 1991/92
New York Warriors
Newzealand Story, The
Newzealand Story, The Demo
Nick Faldo's Championship Golf
Nick Faldo's Championship Golf CD32
Nicky II
Nicky Boom
Nigel Mansell's Grand Prix
Nigel Mansell's World Championship AGA
Nigel Mansell's World Championship CD32
Nightbreed: The Action Game
Night Breed: The Interactive Movie
Nightdawn
Night Hunter
Night Shift
Nil Dieu Vivant FR
Ninja Mission
Ninja Mission
Ninja Rabbits
Ninja Remix
Ninja Spirit
Ninja Warriors, The
Nippon Safes Inc.
Nitro
Nitro Boost Challenge
Nitro NTSC
Nobby the Aardvark
No Buddies Land
No Excuses
No Exit
North & South Files
North & South NTSC Files
North & South Image
North & South NTSC Image
No Second Prize
Not Very Festive Fodder
Nova 9: The Return of Gir Draxon
Nuclear War
Nucleus
Nuxelia AGA Demo