B-17 Flying Fortress
B-17 Flying Fortress Demo
Baal
Baba Yaga
Baby Jo in 'Going Home'
Babylonian Twins Demo
Backlash
Back to the Future Part III
Back to the Future Part II
Bad Cat
Bad Company
Bad Dudes vs. Dragonninja NTSC
Bad Dudes vs. Dragonninja
BadLands
Badlands Pete
Bagitman
Balance of Power: Geopolitics in the Nuclear Age
Balance of Power: Geopolitics in the Nuclear Age
Ball Game, The
Ballistix
Ball Raider
Bandit Kings of Ancient China
Bangkok Knights
Banshee AGA
Banshee CD32
Banzai
Barbarian II
Barbarian II
Barbarian
Barbarian
Bard's Tale, The: Tales of the Unknown
Bard's Tale II, The: The Destiny Knight
Bard's Tale III, The: Thief of Fate
Bard's Tale, The: Tales of the Unknown NTSC
Bar Games
Bargon Attack
Bargon Attack FR
Base Jumpers
Base Jumpers CD32
Basket Island Demo1
Basket Island AGA Demo1
Basket Island Demo2
Basket Island AGA Demo2
B.A.T.
B.A.T. II
B.A.T. II DE
B.A.T. II FR
B.A.T. DE
B.A.T. FR
Batman: The Caped Crusader
Batman Returns
Batman: The Movie 1Disk
Batman: The Movie 2Disk
Battle Bound
Battle Chess
Battle Chess II: Chinese Chess
Battle Chess CD32
Battle Chess CDTV
Battle Command
Battle for the Ashes
Battle for the Ashes AmigaPower
Battlehawks 1942
Battle Isle
Battle Isle DataDisk
Battle Isle DE Intro
Battle Master
Battleships
Battle Squadron
Battle Squadron Demo
Battlestorm
Battlestorm CDTV
Battletech: The Crescent Hawk's Inception
Battletoads
Battletoads CD32
Battle Valley
BC Kid
Beach Volley
Beam
Beast Busters
Beastlord
Beavers
Behind the Iron Gate
Behind the Iron Gate DE
Belial
Beneath A Steel Sky
Beneath A Steel Sky CD32
Beneath A Steel Sky CD32 NoVoice
Beneath A Steel Sky DE
Beneath A Steel Sky FR
Beneath A Steel Sky IT
Beneath A Steel Sky SE
Benefactor
Benefactor CD32
Berlin 1948
Berlin 1948 DE
Best of the Best: Championship Karate
Betrayal
Better Dead Than Alien!
Better Maths
Beverly Hills Cop
Beyond Dark Castle
Beyond the Ice Palace
Bez Kompromisu PL
Big Business
Big Nose the Caveman
Big Run
BIING! - Sex, Intrigen und Skalpelle DE AGA
Bill's Tomato Game
Bio Challenge
Bionic Commando
Bionic Commando NTSC
Biplane Duel
Birds of Prey
Bismarck
Black Cauldron, The
Black Crypt
Black Gold (reLINE)
Black Hornet
Black Lamp
Black Sect FR
Black Shadow
Black Tiger
Black Viper
Black Viper AGA
Black Viper Intro CD32
Black Viper CD32
Blades of Steel
Blade Warrior
Blastaball
Blastar
Blasteroids
Blazing Thunder
Blinky's Scary School
Blob
Blobz AGA
Block Out
Block Shock: The Last Chance
Blood Money
BloodNet
BloodNet AGA
Bloodwych
Bloodwych ExtendedLevels
Bloodwych ExtendedLevels
Blue Angel 69
Blue Angels
Blueberry DE
Blue Max: Aces of the Great War
Blues Brothers, The
BMX Simulator
Bobo FR
Bob's Bad Day
Bob's Garden
Body Blows
Body Blows AGA
Body Blows Galactic
Body Blows Galactic AGA
Bomber Bob
Bomb Fusion
Bomb Jack
BombPac AGA CD32
BombPac AGA CD32 Aminet
Bombuzal
Bomb'X
Bonanza Bros
Booly
Borobodur: The Planet of Doom
Borrowed Time
Boston Bomb Club
Boston Bomb Club FAST
Botics
Boulder Dash Construction Kit
Brainball
Brain Blasters, The
Brain Man
Bram Stoker's Dracula
Brat
Brataccas
Breach
Breach 2
Breathless AGA
Breathless AGA 060
Breathless AGA Demo
Brian Lara's Cricket
Brian Lara's Cricket 96
Brian the Lion
Brian the Lion AGA
Brides of Dracula
Brutal Football
Brutal Football AGA
Brutal Football CD32
Brutal: Paws of Fury
Brutal: Paws of Fury CD32
Bubba 'n' Stix
Bubba 'n' Stix CD32
Bubble and Squeak
Bubble and Squeak AGA
Bubble + CD32
Bubble +
Bubble Bobble
Bubble Bobble NTSC
Bubble Dizzy
Bubble Gun
Buck Rogers XXVc: Countdown To Doomsday
Buck Rogers XXVc: Countdown To Doomsday DE
Budokan: The Martial Spirit
Buffalo Bill's Wild West Show
Bug Bash
Bugbomber
Buggy Boy
Builderland
Bump 'n' Burn
Bump 'n' Burn CD32
Bumpy's Arcade Fantasy
Bundesliga Manager Hattrick DE AGA
Bunny Bricks
Bunny Bricks FAST
Burger Man
Burning Rubber
Burning Rubber AGA 2MB
Burning Rubber AGA
Burnout AGA
Burntime
Burntime AGA
Burntime DE AGA
Burntime DE
Butcher Hill
Bobo
Brain Blasters, The FR