Hacker
Hacker II: The Doomsday Papers
Hägar
Halley Project, The: A Mission In Our Solar System
Hammer Boy
Hammerfist
Harald Hårdtand: Kampen om de Rene Tænder DK
Hardball!
Hardball II
Hard Drivin'
Hard Drivin'
Hard 'n' Heavy
Harlequin 512KB
Harley-Davidson
Harpoon & Battleset 1: Greenland - Iceland - United Kingdom Gap
Harpoon Battleset 2: North Atlantic Convoys
Harpoon Battleset 3: The Mediterranean Conflict
Harpoon Battleset 4: The Indian Ocean
Harrier Combat Simulator
H.A.T.E.: Hostile All Terrain Encounter
Hawkeye
Head Over Heels
Heart of China
Heart of the Dragon 4Disk
Heavy Metal
Heavy Metal Heroes
Heimdall
Heimdall 2: Into the Hall of Worlds AGA
Hellbent
Hellfire Attack
Hellraider
Hell Raisers
Helter Skelter
Heroes of the Lance
HeroQuest
HeroQuest
HeroQuest II: Legacy of Sorasil
Hero's Quest
High Seas Trader AGA
High Steel
Highway Hawks
Highway Patrol II
Hillsfar
Hill Street Blues
Hilt: Against the Hoardes
Hilt II
Hired Guns 512KB
Historyline 1914-1918
Hole-In-One
Hole-In-One DataDisk
Hollywood Poker
Hollywood Poker Pro
Hong Kong Phooey
Hook
Horror Zombies from the Crypt
Hostages
Hostile Breed
Hot Rod
Hot Rubber
Hotshot
Hound of Shadow, The
Huckleberry Hound in Hollywood Capers
Hudson Hawk
Hugo på nye Eventyr DK
Hugo på nye Eventyr Del 2 DK
Human Killing Machine
Humans, The
Humans 2: The Jurassic Levels
Humans III: Evolution Lost in Time... AGA
Hunter
Hunt for Red October, The
Hybris
Hydra
Hyperdome
Hyperion
Holiday Lemmings 1993
Holiday Lemmings 1994
Holiday Lemmings 1994 Demo
Hero's Quest: So You Want To Be A Hero