The Adventures of Genlock Holmes
The Ancient Art of War in the Skies
The Attack of the Green Smelly Aliens From Planet 27b/6
The Cartoons
The Clue! DE
The Clue! Profidisk DE
The Clue! DE AGA
The Clue! Profidisk DE AGA
Third Reich
The Four Crystals of Trazere getlegendsavedisk
The Four Crystals of Trazere
The Games: Summer Edition
The Games: Winter Edition
The Hellrun Machine
The Hitchhiker's Guide to the Galaxy
The Hunt for Red October
Templos Sagrados, Los ES
The North Sea Inferno
Trog AGA
The Paranoia Complex
The Paranoia Complex DE
The Quest For The Time-Bird Files
The Quest For The Time-Bird Image
The Quest For The Time-Bird FR Files
The Quest For The Time-Bird FR Image
Tower of Souls DE AGA
Table Tennis Simulation
Taekwondo
Take 'Em Out
Tanglewood
Tangram
Targhan
Targhan FAST
Targhan FR FAST
Targhan FR
Tass Times in Tonetown
T-Bird
Team Suzuki
Team Yankee
Tearaway Thomas
Tech
TechnoCop
Technology 2
Tecnoball
Teenage Mutant Hero Turtles
Teenage Mutant Hero Turtles
Teenage Mutant Ninja Turtles
Teenage Queen
Teller, The
Temple of Apshai Trilogy
Tennis Champs
Tennis Cup 1MB
Tennis Cup FR 1MB
Tennis Cup II
Tennis Cup 512KB
Tennis Cup FR 512KB
Tensai Demo
T2: The Arcade Game
Terminator 2: Judgment Day
Terramex
Terrorpods
Terry's Big Adventure
Test Drive
Test Drive II: The Duel
Test Drive II: The Duel DataDisk
Tetra Quest
Tetris
Tetris
Tetris Pro
Tetrix
Theatre of Death
Their Finest Hour: The Battle of Britain
Their Finest Hour: The Battle of Britain Missions
Theme Park
Theme Park AGA
Theme Park Mystery
Thexder
Third Courier, The
Thomas the Tank Engine AGA
Thomas the Tank Engine CD32
Thomas the Tank Engine
Thomas the Tank Engine 2
Three Stooges, The
Thunderbirds
Thunder Blade
Thunder Blade NTSC
Thunderboy
Thunder Burner
ThunderCats
Thunderhawk AH-73M
Thunderhawk AH-73M DE
Thunderhawk AH-73M FR
Thunder Jaws
Thunderstrike
Tie-Break
Tiger Road
Time
Time and Magik
Time Bandit
Time DE
Time FR
Time Lock
Time Machine
Time Race
Time Runners 01: Gateways in Time
Time Runners 02: The Space Stone
Time Runners 03: The Big Run
Time Runners 04: The Castle of Fear
Time Runners 05: The Black Knight
Time Runners 06: The Bewitched Forest
Time Runners 07: In the Land of the Invaders
Time Runners 08: The Impregnable Fortress
Time Runners 09: The Time Demon
Time Runners 10: The Time Sentry
Time Runners 11: The Steel City
Time Runners 12: A Target for the Cyborg
Time Runners 13: Cyberkiller
Time Runners 14: Toraxid - War Star
Time Runners 15: At the Speed of Light
Time Runners 16: The Galaxy Emperor
Time Runners 17: The Living Labyrinth
Time Runners 18: The Killer Shadow
Time Runners 19: The Nightmare Prince
Time Runners 20: The Mountains of Death
Time Runners 21: The Black Dragon's Curse
Time Runners 22: The Eternal Damned
Time Runners 23: The Time Monarch
Time Runners 24: Beyond All Dimensions
Time Runners 25: The Lost Planet Earth
Time Runners 26: The Time Warrior
Time Runners 27: Red Night
Time Runners 28: Beyond the End
Time Runners 29: The Last Revelation
Time Runners 30: The Final Duel
Time Runners 25: The Lost Planet Earth TimeRunners25
Time Runners 01: Gateways in Time TimeRunners01
Time Runners 02: The Space Stone TimeRunners02
Time Runners 03: The Big Run TimeRunners03
Time Runners 04: The Castle of Fear TimeRunners04
Time Runners 05: The Black Knight TimeRunners05
Time Runners 06: The Bewitched Forest TimeRunners06
Time Runners 07: In the Land of the Invaders TimeRunners07
Time Runners 08: The Impregnable Fortress TimeRunners08
Time Runners 09: The Time Demon TimeRunners09
Time Runners 10: The Time Sentry TimeRunners10
Time Runners 11: The Steel City TimeRunners11
Time Runners 12: A Target for the Cyborg TimeRunners12
Time Runners 13: Cyberkiller TimeRunners13
Time Runners 14: Toraxid - War Star TimeRunners14
Time Runners 15: At the Speed of Light TimeRunners15
Time Runners 16: The Galaxy Emperor TimeRunners16
Time Runners 17: The Living Labyrinth TimeRunners17
Time Runners 18: The Killer Shadow TimeRunners18
Time Runners 19: The Nightmare Prince TimeRunners19
Time Runners 20: The Mountains of Death TimeRunners20
Time Runners 21: The Black Dragon's Curse TimeRunners21
Time Runners 22: The Eternal Damned TimeRunners22
Time Runners 23: The Time Monarch TimeRunners23
Time Runners 27: Red Night TimeRunners27
Time Runners 24: Beyond All Dimensions TimeRunners24
Time Runners 26: The Time Warrior TimeRunners26
Time Runners 28: Beyond the End TimeRunners28
Time Runners 29: The Last Revelation TimeRunners29
Time Runners 30: The Final Duel TimeRunners30
Time Scanner
Times of Lore
Time Soldier
Tintin on the Moon Files
Tintin on the Moon Image
Tin Toy Adventure
Tin Toy Adventure AGA
Tiny Skweeks
Tiny Troops
Tiny Troops CD
Tiny Troops DE CD
Tip Off
Tip Off IT FR ES DE
Tip Off NTSC
Titan
Titanic Blinky
Titus the Fox
Toki
Tom and the Ghost
Tom Landry Strategy Football
Tom Landry Strategy Football
Tommy Gun
Tony & Friends in Kellogg's Land DE
Toobin'
Top Banana
Top Cat
TopGear 2
TopGear 2 AGA
TopGear 2 CD32
Top Secret
Tornado
Tornado AGA
Tornado Ground Attack
Torvak the Warrior
Total Carnage AGA
Total Eclipse
Total Football
Total Recall Files
Total Recall Image
Tournament Golf
Tower of Babel
Tower of Souls AGA
Tower Toppler
Town with No Name, The CDTV
Toyottes, The Files
Toyottes, The Image
T-Racer
Tracker
Traders
Traders DE
Trained Assassin
Transarctica
Transarctica AGA
Transplant
TransWorld DE
Traps 'n' Treasures
Traps 'n' Treasures DE
Treasure Island Dizzy
Treasure Island Dizzy CD32
Treasures of the Savage Frontier
Treasure Trap
Trex Warrior
TrianGo
Tricky-Quiky-Games: Die Suche nach den Verschollenen Seiten DE
Tripple-X
Trivial Pursuit: Amiga Genus Edition
Trivial Pursuit: Amiga Genus Edition DE
Trivial Pursuit: Amiga Genus Edition FR
Trivial Pursuit: A New Beginning
Trivial Pursuit: A New Beginning DE
Trivial Pursuit: A New Beginning FR
Troddlers
Trog
Trolls
Trolls AGA
Trolls CD32
Tube Warriors AGA
Tubular Worlds AGA
Tubular Worlds 512K
Tubular Worlds
Turbo
Turbo Cup
Turbo Cup FR
Turbo Out Run
TurboRaketti II FI
Turbo Trax 512KB
Turbo Trax
Turn n' Burn
Turrican
Turrican II
Turrican II CDTV
Turrican II Demo
Turrican 3
Turrican 3 Demo
Turrican CDTV
Turrican Demo
Turrican NTSC
Tusker
TV Sports Baseball
TV Sports Basketball
TV Sports Boxing
TV Sports Football
Twintris
Twin Turbos
Twinworld: Land of Vision
Twylyte
Typhoon
Typhoon Thompson in Search for the Sea Child
T-Zer0 AGA Demo
T-ZerO AGA
The Way Of The Little Dragon
The Way Of The Little Dragon
The Way Of The Little Dragon NTSC