K240
Kaiser DE
Kajko i Kokosz
Kajko i Kokosz PL
Kalas Puffs Expressen SE 1MB
Kalas Puffs Expressen SE 512KB
Kamikaze
Karate Kid Part II, The
Karate King CityDefence CityDefense
Karting Grand Prix
Katakis 1Disk
Katakis 2Disk
Keef the Thief
Kelly X
Kennedy Approach
Keys to Maramon, The
KGB
KGB DE
KGB FR
Khalaan
Kick Off
Kick Off ExtraTime 1Disk
Kick Off ExtraTime 2Disk
Kick Off 2
Kick Off 2
Kick Off 2 CV
Kick Off 2 DE
Kick Off 2 ES
Kick Off 2: The Final Whistle
Kick Off 2: The Final Whistle CV
Kick Off 2: The Final Whistle KickOff2FW DE
Kick Off 2 FR
Kick Off 2 IT
Kick Off 2
Kick Off 2 DE
Kick Off 2 FR
Kick Off 2 IT
Kick Off 2: Return to Europe
Kick Off 3
Kick Off 3: European Challenge
Kick Off 3 European Challenge AGA
Kick Off 96
Kid Chaos
Kid Chaos CD32
Kid Gloves
Kid Gloves II
Kikstart II
Kikugi
Killerball
Killing Cloud, The
Killing Game Show, The
Killing Machine
Kingmaker: The Quest for the Crown
King of Chicago, The
Kingpin: Arcade Sports Series Bowling
Kingpin: Arcade Sports Series Bowling 1MB
Kingpin: Arcade Sports Series Bowling CD32
Kingpin: Arcade Sports Bowling Demo
King's Quest
King's Quest II
King's Quest III: To Heir is Human
King's Quest IV
King's Quest V
King's Quest V DE
King's Quest V IT
King's Quest VI
King's Quest VI DE
King's Quest VI FR
King's Quest: Quest for the Crown
Kiro's Quest
Klax
Knight Force
Knightmare
Knight Orc
Knights of the Crystallion
Knights of the Crystallion KnightsOfCrystallion DE
Knights of the Sky
Kristal, The
Kristal, The DE
Kristal, The NTSC
Krusty's Super Fun House
Krypton Egg
Kult
Kwasimodo
Kwik Snax
King's Table: The Legend of Ragnarok