Eagle's Rider
EbonStar
Eco
Eco Phantoms
Edd the Duck!
Edd The Duck 2: Back with a Quack!
Eishockey Manager DE
Eksperyment Delfin PL
Electronic Pool
Elfmania
Elf
Elf
Elf NTSC
Eliminator
Elite
Elite Advanced
Elvira: Mistress of the Dark
Elvira II: The Jaws of Cerberus
Elvira II: The Jaws of Cerberus DE
Elvira II: The Jaws of Cerberus ES
Elvira II: The Jaws of Cerberus FR
Elvira II: The Jaws of Cerberus IT
Elvira: The Arcade Game
Elvira: Mistress of the Dark DE
Elvira: Mistress of the Dark FR
Embryo
Embryo DE
Emerald Mine
Emerald Mine II
Emerald Mine 3 Professional
Emerald Mines emeraldminecd CD
Emlyn Hughes International Soccer
Emmanuelle
Emmanuelle DE
Emmanuelle ES
Emmanuelle FR
E-Motion
Empire Soccer 94
Enchanted Land
Encounter
Enemy 2: Missing in Action
Enemy 2: Missing in Action DE
Enemy: Tempest of Violence
Enemy: Tempest of Violence DE
Enemy: Tempest of Violence
Enemy: Tempest of Violence DE
Enforcer, The
England Championship Special
Enlightenment: Druid II
Entity
Entity Intro
Entity NoIntro
Epic
Epic MissionDisk
Erbe, Das DE
Erik
Escape from Colditz
Escape from the Planet of the Robot Monsters
Eskadra PL
Eskimo Games
España: The Games '92
ESWAT
E.T.'s Rugby League
European Championship 1992
European Champions
European Football Champ
Euro Soccer
Evil Dawn
Evil's Doom AGA Demo
Excalibur
Executioner, The
Exile
Exolon
Explora II FR
Explora III: Sous Le Signe Du Serpent FR
Explora: Time Run FR
Extase
Exterminator
Extrial
Eye
Eye of Horus, The
Eye of the Beholder
Eye of the Beholder II: The Legend of Darkmoon
Eye of the Beholder II: The Legend of Darkmoon DE
Eye of the Beholder DE
Eye of the Storm
Eye of the Storm Intro
Escape from Colditz DE
Erbe 2: Das Schmutzige Erbe DE