Simpsons, The: Bart vs. the Space Mutants 1Disk
Simpsons, The: Bart vs. the Space Mutants 2Disk
Simpsons, The: Bart vs. the Space Mutants Intro 2Disk
Simpsons, The: Bart vs. the World
Strip Poker II
Star Wars: The Empire Strikes Back
Skærmtrolden Hugo DE
Star Wars: Return of the Jedi
Sabre Team
Sabre Team AGA
Sabre Team CD32
Safari Guns
Safari Guns FR
Saint & Greavsie
Saint Dragon
Salmon-Pink Max
Sanctuary DE
Santa's Xmas Caper
Sarakon
Sarcophaser
SAS Combat Simulator
SAS Combat Simulator
Satan
Savage
Scapeghost
Schwarze Auge, Das: Die Schicksalsklinge DE
Scooby Doo and Scrappy Doo
Scorpio
Scorpion
Scorpion highs
Scrabble
Scramble Spirits
Scrolling Walls
S.D.I.
Second Samurai
Second Samurai AGA
Seconds Out..!
Secret of Monkey Island, The
Secret of Monkey Island, The DE
Secret of Monkey Island, The ES
Secret of Monkey Island, The FR
Secret of Monkey Island, The IT
Secret of the Silver Blades
Seek and Destroy
Seek and Destroy AGA
Sensible Golf
Sensible Soccer 512K
Sensible Soccer
Sensible Soccer: European Champions v1.1 (92/93 Edition) 512K
Sensible Soccer: European Champions v1.1 (92/93 Edition)
Sensible Soccer: England vs Germany
Sensible Soccer v1.1 - European Champions 512K
Sensible Soccer v1.1 - European Champions
Sensible Soccer v1.2 - International Edition
Sensible Soccer v1.2 - International Edition 512K
Sensible Soccer v1.2 - International Edition CD32
Sensible Train-spotting
Sensible World Of Moon Soccer
Sensible World of Soccer
Sensible World of Soccer
Sensible World of Soccer '95/'96
Sensible World of Soccer '96/'97
Sensible World of Soccer
Sentinel, The
Settlers, The
Settlers, The FR
Seven Cities of Gold
Seven Gates of Jambala, The Files
Seven Gates of Jambala, The Image
Sextimates
Seymour goes to Hollywood
Shadow Dancer
Shadow Fighter
Shadow Fighter AGA
Shadow Fighter CD32
Shadowgate
Shadowlands
Shadow of the Beast
Shadow of the Beast II
Shadow of the Beast II Demo
Shadow of the Beast II NTSC
Shadow of the Beast III
Shadow of the Beast III NTSC
Shadow of the Beast Demo
Shadoworlds
Shadow Sorcerer
Shadow Sorcerer IT FR DE
Shadow Warriors
Shanghai
Shanghai FR
Shaq Fu
Shaq Fu AGA
Sharkey's Moll
She-Fox
Sherman M4
Shinobi
Shinobi NTSC
ShockWave
Short Grey, The FR
Short Grey, The Intro FR
Shuffle
Shufflepuck Café
Shufflepuck Café FR
Shuttle: The Space Flight Simulator
SideArms
Sideshow
SideWinder
SideWinder II
SideWinder
Siedler, Die DE
Sierra Soccer: World Challenge Edition
Silent Service
Silent Service II
Silicon Dreams
Silk Worm
SimAnt HiRes
SimAnt DE HiRes
SimAnt FR HiRes
SimAnt LoRes
SimAnt DE LoRes
SimAnt FR LoRes
Sim City
Sim City 512K
Sim City CDTV
SimEarth HiRes
SimEarth DE HiRes
SimEarth FR HiRes
SimEarth LoRes
SimEarth DE LoRes
SimEarth FR LoRes
SimLife
SimLife AGA
SimLife DE
Simon the Sorcerer
Simon the Sorcerer AGA
Simon the Sorcerer DE AGA
Simon the Sorcerer FR AGA
Simon the Sorcerer DE
Simon the Sorcerer FR
Simulcra
Sinbad and the Throne of the Falcon
Sink or Swim 1MB
Sink or Swim 512KB
Sir Fred: The Legend
Sixiang
Skærmtrolden Hugo DK
Skærmtrolden Hugo FI
Skate of the Art
Skeet Shoot
Skeleton Krew AGA
Skeleton Krew CD32
Skidmarks
Skidmarks AGA
Skidz
Ski or Die
Skrull
Skull & Crossbones
Skweek
SkyChase
SkyChase Fast
Skyfox
Skyfox II: The Cygnus Conflict
Sky High Stuntman
Slackskin & Flint
Slackskin & Flint Cracked
Slamtilt AGA
Slamtilt AGA 2MB
Slamtilt AGA Demo
Slayer
Sleeping Gods Lie
Sleepwalker
Sleepwalker AGA
Sleepwalker AGA ComicRelief
Sleepwalker ComicRelief
Sliders
Slightly Magic
Slip Stream
Sly Spy: Secret Agent
Smash TV
Snapperazzi
Sneech
Snoopy and Peanuts
Snoopy and Peanuts NoSounds
Snow Bros. Files
Snow Bros. Image
Snow Strike
Soccer Kid
Soccer Kid AGA
Soccer Kid CD32
Soccer Pinball
Soccer Superstars
Soccer Superstars AGA
Soccer Superstars DE
Soldier 2000
Soldier of Light
Solid Gold
Solomon's Key 2
Sonic Boom
Son Shu-Shi
Sooty & Sweep
Sooty's Fun With Numbers
Sophelie
Sorcerer Lord
Sorcerer Lord FR
Sorceror's Apprentice
Sorcery+
Sorcery Plus
Sorefist
Space Ace
Space Ace II: Borf's Revenge
Space Ace Demo
Space Assault
Spaceball
Space Crusade
Space Crusade VoyageBeyond
Space Crusade VoyageBeyond
Spacecutter
Space Gun
Space Harrier
Space Harrier RetrnFntZone
Space Harrier II
Space Hulk
Space MAX DE
Space Pilot 89
Space Quest
Space Quest II
Space Quest III: The Pirates of Pestulon
Space Quest III: The Pirates of Pestulon DE
Space Quest IV
Space Quest IV DE
Space Quest: The Sarien Encounter
Space Racer
Space Racer FR
Space Ranger
Space Rogue
Space Station Oblivion
Special Forces
Speedball
Speedball 2: Brutal Deluxe
Speedball 2: Brutal Deluxe CD32
Speedball 2: Brutal Deluxe NTSC
Speedball NTSC
Speedboat Assassin
Speed Buggy
Spell Bound
Spellbound Dizzy
Spellfire the Sorceror
Speris Legacy, The AGA
Speris Legacy, The CD32
Spherical
Spherical Worlds
Spherical Worlds CD
Spike In Transylvania
Spindizzy Worlds
Spirit of Adventure DE 1Disk
Spirit of Adventure DE 3Disk
Spitting Image Image
Spot
Spot
Spy vs Spy
Spy vs Spy II: The Island Caper
Spy vs Spy III - Arctic Antics
Spy Who Loved Me, The
Sqrxz
Stack Up
Starbirds
Starblade
Starblade FAST
Starblade FR FAST
Starblade FR
Starblaze
Star Command
Star Control
Star Crusader AGA
Stardust
Starglider
Starglider 2
Star Goose!
Starians
Starlord
Starlord DE
Starlord FR
StarRay 1Disk
StarRay 2Disk
StarTrash
Star Trek: 25th Anniversary AGA
Star Trek: 25th Anniversary DE AGA
Star Trek: 25th Anniversary FR AGA
Starush Files
Starush Image
Star Wars
Steel
Steel Empire
Steg the Slug
Steigar
Stellar 7
Stellar 7 DE
Stone Age
Stormball
Stormlord
Stormlord NTSC
Stormlord Prerelease
Storm Master
Storm Master DE
Storm Master FAST
Storm Master DE FAST
Storm Master FR FAST
Storm Master FR
Stratego
Street Fighter
Street Fighter II: The World Warrior
Street Gang
Street Racer CD32
Street Rod
Street Rod 2
Street Sports Basketball
Strider
Strider II
Strike Aces
Striker
Strip Poker: A Sizzling Game of Chance
Strip Poker II
Strip Poker II
Strip Poker II DataDisk1
Strip Pot AGA
Strip Pot CD32
Stryx
S.T.U.N. Runner
Stunt Car Racer
Stunt Car Racer
Stunt Track Racer
Sub Battle Simulator
Subbuteo: The Computer Game
Subtrade: Return to Irata
Suburban Commando
Subwar 2050 AGA
Subwar 2050 CD32
Summer Camp
Summer Challenge
Summer Games
Summer Games SummerGames2
Summer Games II
Summer Olympiad
Supaplex
Super C
Super Cars 1Disk
Super Cars 2Disk
Super Cauldron
Super C FAST
Superfrog
Superfrog Intro
Superfrog Intro CD32
Superfrog CD32
Superfrog Demo AmigaAction
Superfrog Demo CUAmiga
Superfrog Demo TheOne
Super Grand Prix
Super Hang-On
Superhero Demo
Super Loopz AGA
Superman: The Man of Steel
Super Methane Bros
Super Methane Bros CD32
Super Monaco GP
Super Obliteration
Super OsWALD DK
Super Scramble Simulator
Super Seymour
Super Ski
Super Ski II
Super Skidmarks CD32
Super Ski FR
Super Skweek 1MB
Super Skweek 512KB
Super Space Invaders
Super Stardust AGA
Superstar Ice Hockey
Super Street Fighter II: The New Challengers
Super Street Fighter II: The New Challengers AGA
Super Street Fighter II: The New Challengers AGA
Super Tetris
Super Twintris
Supremacy
Super Street Fighter II Turbo AGA
Super Street Fighter II Turbo Intro AGA
Super Street Fighter II Turbo CD32
Super Street Fighter II Turbo Intro CD32
Super Tennis Champs
Super Tennis Champs DataDisk
Surf Ninjas AGA
Suspicious Cargo
Swap
Swap FR
Switchblade
Switchblade II
SWIV
Swooper
Sword
Sword & The Rose, The
Sword of Honour
Sword of Sodan
Swords & Galleons
Swords of Twilight
Syndicate
Syndicate CD32
Syndicate DE
SportTime Table Hockey
SportTime Ten Pin Bowling